[INFO] [launch]: All log files can be found below /home/llw/.ros/log/2026-04-17-20-13-59-789467-llw-pc-1272125
[INFO] [launch]: Default logging verbosity is set to INFO
[INFO] [mavros_node-1]: process started with pid [1272129]
[mavros_node-1] [INFO] [1776428039.891329730] [mavros.mavros_node]: Starting mavros_node container
[mavros_node-1] [INFO] [1776428039.891363109] [mavros.mavros_node]: FCU URL: /dev/serial/by-id/usb-ArduPilot_CUAVv5_RTT_RTTUSB0001-if00:115200
[mavros_node-1] [INFO] [1776428039.891367063] [mavros.mavros_node]: GCS URL: 
[mavros_node-1] [INFO] [1776428039.891369872] [mavros.mavros_node]: UAS Prefix: /uas1
[mavros_node-1] [INFO] [1776428039.891372344] [mavros.mavros_node]: Starting mavros router node
[mavros_node-1] [INFO] [1776428039.895347490] [mavros.mavros_router]: Built-in SIMD instructions: SSE, SSE2
[mavros_node-1] [INFO] [1776428039.895358174] [mavros.mavros_router]: Built-in MAVLink package version: 2025.12.12
[mavros_node-1] [INFO] [1776428039.895364145] [mavros.mavros_router]: Known MAVLink dialects: common ardupilotmega ASLUAV AVSSUAS all csAirLink cubepilot development icarous loweheiser marsh matrixpilot paparazzi standard stemstudios storm32 uAvionix ualberta
[mavros_node-1] [INFO] [1776428039.895367614] [mavros.mavros_router]: MAVROS Router started
[mavros_node-1] [INFO] [1776428039.895420865] [mavros.mavros_node]: Starting mavros uas node
[mavros_node-1] [INFO] [1776428039.911990784] [mavros.mavros_router]: Requested to add endpoint: type: 0, url: /dev/serial/by-id/usb-ArduPilot_CUAVv5_RTT_RTTUSB0001-if00:115200
[mavros_node-1] [INFO] [1776428039.912019877] [mavros.mavros_router]: Endpoint link[1000] created
[mavros_node-1] [INFO] [1776428039.912434800] [mavros.mavros_router]: link[1000] opened successfully
[mavros_node-1] [INFO] [1776428039.912447473] [mavros.mavros_router]: Requested to add endpoint: type: 2, url: /uas1
[mavros_node-1] [INFO] [1776428039.912460909] [mavros.mavros_router]: Endpoint link[1001] created
[mavros_node-1] [INFO] [1776428039.912517983] [mavros.mavros_router]: link[1000] detected remote address 1.1
[mavros_node-1] [INFO] [1776428039.913970853] [mavros.mavros_router]: link[1001] opened successfully
[mavros_node-1] [INFO] [1776428039.922021980] [mavros.mavros]: UAS Executor started, threads: 16
[mavros_node-1] [INFO] [1776428039.922025592] [mavros.mavros]: Plugin actuator_control ignored
[mavros_node-1] [INFO] [1776428039.932504965] [mavros.mavros]: Plugin adsb created
[mavros_node-1] [INFO] [1776428039.932522061] [mavros.mavros]: Plugin adsb initialized
[mavros_node-1] [INFO] [1776428039.932525223] [mavros.mavros]: Plugin altitude ignored
[mavros_node-1] [INFO] [1776428039.935141332] [mavros.mavros]: Plugin cam_imu_sync created
[mavros_node-1] [INFO] [1776428039.935155929] [mavros.mavros]: Plugin cam_imu_sync initialized
[mavros_node-1] [INFO] [1776428039.937856267] [mavros.mavros]: Plugin camera created
[mavros_node-1] [INFO] [1776428039.937868962] [mavros.mavros]: Plugin camera initialized
[mavros_node-1] [INFO] [1776428039.940696044] [mavros.mavros]: Plugin cellular_status created
[mavros_node-1] [INFO] [1776428039.940706507] [mavros.mavros]: Plugin cellular_status initialized
[mavros_node-1] [INFO] [1776428039.949904112] [mavros.mavros]: Plugin command created
[mavros_node-1] [INFO] [1776428039.949919271] [mavros.mavros]: Plugin command initialized
[mavros_node-1] [INFO] [1776428039.953058734] [mavros.mavros]: Plugin companion_process_status created
[mavros_node-1] [INFO] [1776428039.953070274] [mavros.mavros]: Plugin companion_process_status initialized
[mavros_node-1] [INFO] [1776428039.953073561] [mavros.mavros]: Plugin debug_value ignored
[mavros_node-1] [INFO] [1776428039.956230829] [mavros.distance_sensor]: DS: rangefinder_pub: Loading config: id: 0
[mavros_node-1] frame_id: lidar
[mavros_node-1] field_of_view: 0.0
[mavros_node-1] send_tf: false
[mavros_node-1] sensor_position: {x: 0.0, y: 0.0, z: -0.1}
[mavros_node-1] [INFO] [1776428039.956913662] [mavros.distance_sensor]: DS: rangefinder_sub: Loading config: subscriber: true
[mavros_node-1] id: 1
[mavros_node-1] orientation: PITCH_270
[mavros_node-1] [INFO] [1776428039.957111599] [mavros.mavros]: Plugin distance_sensor created
[mavros_node-1] [INFO] [1776428039.957121582] [mavros.mavros]: Plugin distance_sensor initialized
[mavros_node-1] [INFO] [1776428039.960522325] [mavros.mavros]: Plugin esc_status created
[mavros_node-1] [INFO] [1776428039.960572437] [mavros.mavros]: Plugin esc_status initialized
[mavros_node-1] [INFO] [1776428039.964071174] [mavros.mavros]: Plugin esc_telemetry created
[mavros_node-1] [INFO] [1776428039.964086496] [mavros.mavros]: Plugin esc_telemetry initialized
[mavros_node-1] [INFO] [1776428039.968109266] [mavros.mavros]: Plugin fake_gps created
[mavros_node-1] [INFO] [1776428039.968120225] [mavros.mavros]: Plugin fake_gps initialized
[mavros_node-1] [INFO] [1776428039.968123356] [mavros.mavros]: Plugin ftp ignored
[mavros_node-1] [INFO] [1776428039.972518722] [mavros.mavros]: Plugin geofence created
[mavros_node-1] [INFO] [1776428039.972540099] [mavros.mavros]: Plugin geofence initialized
[mavros_node-1] [INFO] [1776428039.978976765] [mavros.mavros]: Plugin gimbal_control created
[mavros_node-1] [INFO] [1776428039.979010233] [mavros.mavros]: Plugin gimbal_control initialized
[mavros_node-1] [INFO] [1776428039.985270897] [mavros.mavros]: Plugin global_position created
[mavros_node-1] [INFO] [1776428039.985289152] [mavros.mavros]: Plugin global_position initialized
[mavros_node-1] [INFO] [1776428039.989258168] [mavros.mavros]: Plugin gps_input created
[mavros_node-1] [INFO] [1776428039.989269252] [mavros.mavros]: Plugin gps_input initialized
[mavros_node-1] [INFO] [1776428039.993391484] [mavros.mavros]: Plugin gps_rtk created
[mavros_node-1] [INFO] [1776428039.993405245] [mavros.mavros]: Plugin gps_rtk initialized
[mavros_node-1] [INFO] [1776428039.998844687] [mavros.mavros]: Plugin gps_status created
[mavros_node-1] [INFO] [1776428039.998863755] [mavros.mavros]: Plugin gps_status initialized
[mavros_node-1] [INFO] [1776428040.003329184] [mavros.mavros]: Plugin guided_target created
[mavros_node-1] [INFO] [1776428040.003344392] [mavros.mavros]: Plugin guided_target initialized
[mavros_node-1] [INFO] [1776428040.003348001] [mavros.mavros]: Plugin hil ignored
[mavros_node-1] [INFO] [1776428040.008368694] [mavros.mavros]: Plugin home_position created
[mavros_node-1] [INFO] [1776428040.008386666] [mavros.mavros]: Plugin home_position initialized
[mavros_node-1] [INFO] [1776428040.014227210] [mavros.mavros]: Plugin imu created
[mavros_node-1] [INFO] [1776428040.014249987] [mavros.mavros]: Plugin imu initialized
[mavros_node-1] [INFO] [1776428040.020017654] [mavros.mavros]: Plugin landing_target created
[mavros_node-1] [INFO] [1776428040.020033528] [mavros.mavros]: Plugin landing_target initialized
[mavros_node-1] [INFO] [1776428040.026046642] [mavros.mavros]: Plugin local_position created
[mavros_node-1] [INFO] [1776428040.026063601] [mavros.mavros]: Plugin local_position initialized
[mavros_node-1] [INFO] [1776428040.032383152] [mavros.mavros]: Plugin log_transfer created
[mavros_node-1] [INFO] [1776428040.032400260] [mavros.mavros]: Plugin log_transfer initialized
[mavros_node-1] [INFO] [1776428040.037688442] [mavros.mavros]: Plugin mag_calibration_status created
[mavros_node-1] [INFO] [1776428040.037705847] [mavros.mavros]: Plugin mag_calibration_status initialized
[mavros_node-1] [INFO] [1776428040.043060087] [mavros.mavros]: Plugin manual_control created
[mavros_node-1] [INFO] [1776428040.043077363] [mavros.mavros]: Plugin manual_control initialized
[mavros_node-1] [INFO] [1776428040.048840849] [mavros.mavros]: Plugin mocap_pose_estimate created
[mavros_node-1] [INFO] [1776428040.048855097] [mavros.mavros]: Plugin mocap_pose_estimate initialized
[mavros_node-1] [INFO] [1776428040.055195205] [mavros.mavros]: Plugin mount_control created
[mavros_node-1] [INFO] [1776428040.055213732] [mavros.mavros]: Plugin mount_control initialized
[mavros_node-1] [INFO] [1776428040.060797353] [mavros.mavros]: Plugin nav_controller_output created
[mavros_node-1] [INFO] [1776428040.060813587] [mavros.mavros]: Plugin nav_controller_output initialized
[mavros_node-1] [INFO] [1776428040.066451117] [mavros.mavros]: Plugin obstacle_distance created
[mavros_node-1] [INFO] [1776428040.066468772] [mavros.mavros]: Plugin obstacle_distance initialized
[mavros_node-1] [INFO] [1776428040.072220046] [mavros.mavros]: Plugin obstacle_distance_3d created
[mavros_node-1] [INFO] [1776428040.072234483] [mavros.mavros]: Plugin obstacle_distance_3d initialized
[mavros_node-1] [INFO] [1776428040.079480693] [mavros.mavros]: Plugin odometry created
[mavros_node-1] [INFO] [1776428040.079503282] [mavros.mavros]: Plugin odometry initialized
[mavros_node-1] [INFO] [1776428040.086111008] [mavros.mavros]: Plugin onboard_computer_status created
[mavros_node-1] [INFO] [1776428040.086126458] [mavros.mavros]: Plugin onboard_computer_status initialized
[mavros_node-1] [INFO] [1776428040.094011611] [mavros.mavros]: Plugin open_drone_id created
[mavros_node-1] [INFO] [1776428040.094027924] [mavros.mavros]: Plugin open_drone_id initialized
[mavros_node-1] [INFO] [1776428040.101380342] [mavros.mavros]: Plugin optical_flow created
[mavros_node-1] [INFO] [1776428040.101399035] [mavros.mavros]: Plugin optical_flow initialized
[mavros_node-1] [INFO] [1776428040.109340861] [mavros.mavros]: Plugin param created
[mavros_node-1] [INFO] [1776428040.109363058] [mavros.mavros]: Plugin param initialized
[mavros_node-1] [INFO] [1776428040.116694431] [mavros.mavros]: Plugin play_tune created
[mavros_node-1] [INFO] [1776428040.116709456] [mavros.mavros]: Plugin play_tune initialized
[mavros_node-1] [INFO] [1776428040.116713300] [mavros.mavros]: Plugin px4flow ignored
[mavros_node-1] [INFO] [1776428040.125255159] [mavros.mavros]: Plugin rallypoint created
[mavros_node-1] [INFO] [1776428040.125279911] [mavros.mavros]: Plugin rallypoint initialized
[mavros_node-1] [INFO] [1776428040.132612574] [mavros.mavros]: Plugin rangefinder created
[mavros_node-1] [INFO] [1776428040.132646690] [mavros.mavros]: Plugin rangefinder initialized
[mavros_node-1] [INFO] [1776428040.141018616] [mavros.mavros]: Plugin rc_io created
[mavros_node-1] [INFO] [1776428040.141043100] [mavros.mavros]: Plugin rc_io initialized
[mavros_node-1] [INFO] [1776428040.149096087] [mavros.mavros]: Plugin setpoint_accel created
[mavros_node-1] [INFO] [1776428040.149114500] [mavros.mavros]: Plugin setpoint_accel initialized
[mavros_node-1] [INFO] [1776428040.157506062] [mavros.mavros]: Plugin setpoint_attitude created
[mavros_node-1] [INFO] [1776428040.157523465] [mavros.mavros]: Plugin setpoint_attitude initialized
[mavros_node-1] [INFO] [1776428040.166170033] [mavros.mavros]: Plugin setpoint_position created
[mavros_node-1] [INFO] [1776428040.166188222] [mavros.mavros]: Plugin setpoint_position initialized
[mavros_node-1] [INFO] [1776428040.175761304] [mavros.mavros]: Plugin setpoint_raw created
[mavros_node-1] [INFO] [1776428040.175787264] [mavros.mavros]: Plugin setpoint_raw initialized
[mavros_node-1] [INFO] [1776428040.184713134] [mavros.mavros]: Plugin setpoint_trajectory created
[mavros_node-1] [INFO] [1776428040.184730434] [mavros.mavros]: Plugin setpoint_trajectory initialized
[mavros_node-1] [INFO] [1776428040.192691251] [mavros.mavros]: Plugin setpoint_velocity created
[mavros_node-1] [INFO] [1776428040.192709582] [mavros.mavros]: Plugin setpoint_velocity initialized
[mavros_node-1] [INFO] [1776428040.201568774] [mavros.mavros]: Plugin sim_state created
[mavros_node-1] [INFO] [1776428040.201589954] [mavros.mavros]: Plugin sim_state initialized
[mavros_node-1] [INFO] [1776428040.214527285] [mavros.mavros]: Plugin sys_status created
[mavros_node-1] [INFO] [1776428040.214563075] [mavros.mavros]: Plugin sys_status initialized
[mavros_node-1] [INFO] [1776428040.222563232] [mavros.time]: TM: Timesync mode: MAVLINK
[mavros_node-1] [INFO] [1776428040.224580762] [mavros.mavros]: Plugin sys_time created
[mavros_node-1] [INFO] [1776428040.224599307] [mavros.mavros]: Plugin sys_time initialized
[mavros_node-1] [INFO] [1776428040.233337271] [mavros.mavros]: Plugin tdr_radio created
[mavros_node-1] [INFO] [1776428040.233361391] [mavros.mavros]: Plugin tdr_radio initialized
[mavros_node-1] [INFO] [1776428040.242244984] [mavros.mavros]: Plugin terrain created
[mavros_node-1] [INFO] [1776428040.242268643] [mavros.mavros]: Plugin terrain initialized
[mavros_node-1] [INFO] [1776428040.251844931] [mavros.mavros]: Plugin trajectory created
[mavros_node-1] [INFO] [1776428040.251866346] [mavros.mavros]: Plugin trajectory initialized
[mavros_node-1] [INFO] [1776428040.260928477] [mavros.mavros]: Plugin tunnel created
[mavros_node-1] [INFO] [1776428040.260955418] [mavros.mavros]: Plugin tunnel initialized
[mavros_node-1] [INFO] [1776428040.269842550] [mavros.mavros]: Plugin vfr_hud created
[mavros_node-1] [INFO] [1776428040.269864289] [mavros.mavros]: Plugin vfr_hud initialized
[mavros_node-1] [INFO] [1776428040.269868278] [mavros.mavros]: Plugin vibration ignored
[mavros_node-1] [INFO] [1776428040.280469009] [mavros.mavros]: Plugin vision_pose created
[mavros_node-1] [INFO] [1776428040.280489587] [mavros.mavros]: Plugin vision_pose initialized
[mavros_node-1] [INFO] [1776428040.291273144] [mavros.mavros]: Plugin vision_speed created
[mavros_node-1] [INFO] [1776428040.291295087] [mavros.mavros]: Plugin vision_speed initialized
[mavros_node-1] [INFO] [1776428040.304542437] [mavros.mavros]: Plugin waypoint created
[mavros_node-1] [INFO] [1776428040.304575584] [mavros.mavros]: Plugin waypoint initialized
[mavros_node-1] [INFO] [1776428040.304579989] [mavros.mavros]: Plugin wheel_odometry ignored
[mavros_node-1] [INFO] [1776428040.315268760] [mavros.mavros]: Plugin wind_estimation created
[mavros_node-1] [INFO] [1776428040.315293244] [mavros.mavros]: Plugin wind_estimation initialized
[mavros_node-1] [INFO] [1776428040.316203921] [mavros.mavros]: Built-in SIMD instructions: SSE, SSE2
[mavros_node-1] [INFO] [1776428040.316213157] [mavros.mavros]: Built-in MAVLink package version: 2025.12.12
[mavros_node-1] [INFO] [1776428040.316217277] [mavros.mavros]: Known MAVLink dialects: common ardupilotmega ASLUAV AVSSUAS all csAirLink cubepilot development icarous loweheiser marsh matrixpilot paparazzi standard stemstudios storm32 uAvionix ualberta
[mavros_node-1] [INFO] [1776428040.316219948] [mavros.mavros]: MAVROS UAS via /uas1 started. MY ID 1.191, TARGET ID 1.1
[mavros_node-1] [INFO] [1776428040.323669993] [mavros.mavros_router]: link[1001] detected remote address 1.191
[mavros_node-1] [INFO] [1776428040.564714625] [mavros.mavros]: CON: Got HEARTBEAT, connected. FCU: ArduPilot
[mavros_node-1] [INFO] [1776428040.564799557] [mavros.mission]: WP: detected enable_partial_push: 1
[mavros_node-1] [INFO] [1776428040.564872401] [mavros.imu]: IMU: Raw IMU message used.
[mavros_node-1] [INFO] [1776428040.565271525] [mavros.rc]: RC_CHANNELS message detected!
[mavros_node-1] [WARN] [1776428040.565316203] [mavros.global_position]: GP: No GPS fix
[mavros_node-1] [WARN] [1776428040.565382206] [mavros.time]: TM: Wrong FCU time.
[mavros_node-1] [INFO] [1776428040.565855559] [mavros.sys]: FCU: Loop: 146/s timeavail=147
[mavros_node-1] [WARN] [1776428042.569175359] [mavros.sys]: VER: broadcast request timeout, retries left 4
[mavros_node-1] [WARN] [1776428043.569306987] [mavros.sys]: VER: broadcast request timeout, retries left 3
[mavros_node-1] [ERROR] [1776428045.567086736] [mavros.sys]: VER: autopilot version service timeout
[mavros_node-1] [ERROR] [1776428045.567191228] [mavros.sys]: VER: command plugin service call failed!
[mavros_node-1] [WARN] [1776428045.567208077] [mavros.sys]: VER: unicast request timeout, retries left 2
[mavros_node-1] [ERROR] [1776428046.572044045] [mavros.sys]: VER: autopilot version service timeout
[mavros_node-1] [ERROR] [1776428046.572153667] [mavros.sys]: VER: command plugin service call failed!
[mavros_node-1] [WARN] [1776428046.572156764] [mavros.sys]: VER: unicast request timeout, retries left 1
[mavros_node-1] [ERROR] [1776428047.577175874] [mavros.sys]: VER: autopilot version service timeout
[mavros_node-1] [ERROR] [1776428047.577252094] [mavros.sys]: VER: command plugin service call failed!
[mavros_node-1] [WARN] [1776428047.577257315] [mavros.sys]: VER: unicast request timeout, retries left 0
[mavros_node-1] [ERROR] [1776428048.585624636] [mavros.sys]: VER: autopilot version service timeout
[mavros_node-1] [ERROR] [1776428048.587610219] [mavros.sys]: VER: command plugin service call failed!
[mavros_node-1] [WARN] [1776428048.587628773] [mavros.sys]: VER: your FCU don't support AUTOPILOT_VERSION, switched to default capabilities
[mavros_node-1] [WARN] [1776428049.567406541] [mavros.cmd]: CMD: Command 520 -- ack timeout
[mavros_node-1] [INFO] [1776428050.567016210] [mavros.home_position]: HP: requesting home position
[mavros_node-1] [WARN] [1776428050.569525933] [mavros.mavros]: CON: Lost connection, HEARTBEAT timed out.
[mavros_node-1] [WARN] [1776428051.568116931] [mavros.param]: PR: request list timeout, retries left 2
[mavros_node-1] [WARN] [1776428052.568695508] [mavros.param]: PR: request list timeout, retries left 1
[mavros_node-1] [WARN] [1776428053.569655910] [mavros.param]: PR: request list timeout, retries left 0
[mavros_node-1] [WARN] [1776428054.568238472] [mavros.cmd]: CMD: Command 520 -- ack timeout
[mavros_node-1] [WARN] [1776428054.668357090] [mavros.cmd.rclcpp]: failed to send response to /mavros/cmd/command (timeout): client will not receive response, at ./src/rmw_response.cpp:153, at ./src/rcl/service.c:400
[mavros_node-1] [WARN] [1776428059.669131441] [mavros.cmd]: CMD: Command 520 -- ack timeout
[mavros_node-1] [WARN] [1776428059.769356817] [mavros.cmd.rclcpp]: failed to send response to /mavros/cmd/command (timeout): client will not receive response, at ./src/rmw_response.cpp:153, at ./src/rcl/service.c:400
[mavros_node-1] [WARN] [1776428064.773477463] [mavros.cmd]: CMD: Command 520 -- ack timeout
[mavros_node-1] [WARN] [1776428064.873757443] [mavros.cmd.rclcpp]: failed to send response to /mavros/cmd/command (timeout): client will not receive response, at ./src/rmw_response.cpp:153, at ./src/rcl/service.c:400
[mavros_node-1] [WARN] [1776428069.876876605] [mavros.cmd]: CMD: Command 410 -- ack timeout
[mavros_node-1] [INFO] [1776428113.890278094] [mavros.rc]: RC_CHANNELS message detected!
[mavros_node-1] [WARN] [1776428113.890453252] [mavros.global_position]: GP: No GPS fix
[mavros_node-1] [WARN] [1776428113.890768230] [mavros.time]: TM: Wrong FCU time.
[mavros_node-1] [INFO] [1776428113.891331169] [mavros.imu]: IMU: Raw IMU message used.
[mavros_node-1] [INFO] [1776428113.892078846] [mavros.sys]: FCU: EKF3 IMU0 tilt alignment complete
[mavros_node-1] [INFO] [1776428113.892162626] [mavros.sys]: FCU: EKF3 IMU0 MAG0 initial yaw alignment complete
[mavros_node-1] [INFO] [1776428113.892336093] [mavros.sys]: FCU: Initialising ArduPilot
[mavros_node-1] [INFO] [1776428113.892367464] [mavros.sys]: FCU: Loop: 143/s timeavail=0
[mavros_node-1] [INFO] [1776428113.893220538] [mavros.mavros]: CON: Got HEARTBEAT, connected. FCU: ArduPilot
[mavros_node-1] [INFO] [1776428113.893301480] [mavros.mission]: WP: detected enable_partial_push: 1
[mavros_node-1] [INFO] [1776428113.893773357] [mavros.imu]: IMU: Raw IMU message used.
[mavros_node-1] [INFO] [1776428113.894891876] [mavros.rc]: RC_CHANNELS message detected!
[mavros_node-1] [INFO] [1776428113.902712397] [mavros.sys]: FCU: Initialising ArduPilot
[mavros_node-1] [INFO] [1776428113.902887265] [mavros.sys]: FCU: Loop: 160/s timeavail=177
[mavros_node-1] [WARN] [1776428115.906242555] [mavros.sys]: VER: broadcast request timeout, retries left 4
[mavros_node-1] [WARN] [1776428116.908120217] [mavros.sys]: VER: broadcast request timeout, retries left 3
[mavros_node-1] [WARN] [1776428117.187017946] [mavros.cmd]: CMD: Unexpected command 520, result 0
[mavros_node-1] [INFO] [1776428117.187228688] [mavros.geofence]: GF: Using MISSION_ITEM_INT
[mavros_node-1] [INFO] [1776428117.187244394] [mavros.rallypoint]: RP: Using MISSION_ITEM_INT
[mavros_node-1] [INFO] [1776428117.187256521] [mavros.mission]: WP: Using MISSION_ITEM_INT
[mavros_node-1] [INFO] [1776428117.187266880] [mavros.sys]: VER: 1.1: Capabilities         0x000000000000fbef
[mavros_node-1] [INFO] [1776428117.187281046] [mavros.sys]: VER: 1.1: Flight software:     04070000 (        )
[mavros_node-1] [INFO] [1776428117.187289266] [mavros.sys]: VER: 1.1: Middleware software: 00000000 (        )
[mavros_node-1] [INFO] [1776428117.187296024] [mavros.sys]: VER: 1.1: OS software:         00000000 (        )
[mavros_node-1] [INFO] [1776428117.187303177] [mavros.sys]: VER: 1.1: Board hardware:      00320000
[mavros_node-1] [INFO] [1776428117.187309828] [mavros.sys]: VER: 1.1: VID/PID:             0000:0000
[mavros_node-1] [INFO] [1776428117.187316988] [mavros.sys]: VER: 1.1: UID:                 0000000000000000
[mavros_node-1] [INFO] [1776428117.188891353] [mavros.sys]: FCU: Initialising ArduPilot
[mavros_node-1] [WARN] [1776428117.189068268] [mavros.time]: TM: RTT too high for timesync: 75564.50 ms.
[mavros_node-1] [WARN] [1776428118.197685893] [mavros.param]: PR: request param #5 timeout, retries left 2, and 940 params still missing
[mavros_node-1] [WARN] [1776428119.198169909] [mavros.param]: PR: request param #5 timeout, retries left 1, and 940 params still missing
[mavros_node-1] [WARN] [1776428120.201549037] [mavros.param]: PR: request param #5 timeout, retries left 0, and 940 params still missing
[mavros_node-1] [ERROR] [1776428121.204342921] [mavros.param]: PR: request param #5 completely missing.
[mavros_node-1] [WARN] [1776428121.204483338] [mavros.param]: PR: 939 params still missing, trying to request next: #6
[mavros_node-1] [WARN] [1776428122.207287669] [mavros.param]: PR: request param #6 timeout, retries left 2, and 939 params still missing
[mavros_node-1] [WARN] [1776428123.207938061] [mavros.param]: PR: request param #6 timeout, retries left 1, and 939 params still missing
[mavros_node-1] [WARN] [1776428124.897533383] [mavros.param]: PR: request list timeout, retries left 2
[mavros_node-1] [WARN] [1776428125.897798874] [mavros.param]: PR: request list timeout, retries left 1
[mavros_node-1] [WARN] [1776428126.898263803] [mavros.param]: PR: request list timeout, retries left 0
[mavros_node-1] [WARN] [1776428127.197276149] [mavros.mavros]: CON: Lost connection, HEARTBEAT timed out.
[mavros_node-1] [INFO] [1776428128.232715501] [mavros.sys]: VER: 1.1: Capabilities         0x000000000000fbef
[mavros_node-1] [INFO] [1776428128.232774751] [mavros.sys]: VER: 1.1: Flight software:     04070000 (        )
[mavros_node-1] [INFO] [1776428128.232794675] [mavros.sys]: VER: 1.1: Middleware software: 00000000 (        )
[mavros_node-1] [INFO] [1776428128.232804694] [mavros.sys]: VER: 1.1: OS software:         00000000 (        )
[mavros_node-1] [INFO] [1776428128.232814846] [mavros.sys]: VER: 1.1: Board hardware:      00320000
[mavros_node-1] [INFO] [1776428128.232824608] [mavros.sys]: VER: 1.1: VID/PID:             0000:0000
[mavros_node-1] [INFO] [1776428128.232833950] [mavros.sys]: VER: 1.1: UID:                 0000000000000000
[mavros_node-1] [INFO] [1776428128.232886763] [mavros.rc]: RC_CHANNELS message detected!
[mavros_node-1] [INFO] [1776428128.234041483] [mavros.imu]: IMU: Raw IMU message used.
[mavros_node-1] [INFO] [1776428128.234954882] [mavros.sys]: FCU: Initialising ArduPilot
[mavros_node-1] [INFO] [1776428128.235223793] [mavros.sys]: FCU: Loop: 117/s timeavail=178
[mavros_node-1] [WARN] [1776428128.253580761] [mavros.time]: TM: RTT too high for timesync: 13827.97 ms.
[mavros_node-1] [INFO] [1776428128.258443753] [mavros.mavros]: CON: Got HEARTBEAT, connected. FCU: ArduPilot
[mavros_node-1] [INFO] [1776428128.258550187] [mavros.mission]: WP: detected enable_partial_push: 1
[mavros_node-1] [INFO] [1776428128.262140976] [mavros.imu]: IMU: Raw IMU message used.
[mavros_node-1] [WARN] [1776428128.262473084] [mavros.cmd]: CMD: Unexpected command 520, result 0
[mavros_node-1] [INFO] [1776428128.262532466] [mavros.sys]: VER: 1.1: Capabilities         0x000000000000fbef
[mavros_node-1] [INFO] [1776428128.262559777] [mavros.sys]: VER: 1.1: Flight software:     04070000 (        )
[mavros_node-1] [INFO] [1776428128.262569199] [mavros.sys]: VER: 1.1: Middleware software: 00000000 (        )
[mavros_node-1] [INFO] [1776428128.262575311] [mavros.sys]: VER: 1.1: OS software:         00000000 (        )
[mavros_node-1] [INFO] [1776428128.262581106] [mavros.sys]: VER: 1.1: Board hardware:      00320000
[mavros_node-1] [INFO] [1776428128.262586613] [mavros.sys]: VER: 1.1: VID/PID:             0000:0000
[mavros_node-1] [INFO] [1776428128.262592287] [mavros.sys]: VER: 1.1: UID:                 0000000000000000
[mavros_node-1] [ERROR] [1776428129.274807519] [mavros.param]: PR: request param #0 completely missing.
[mavros_node-1] [WARN] [1776428129.274952470] [mavros.param]: PR: 876 params still missing, trying to request next: #1
[mavros_node-1] [WARN] [1776428130.277620541] [mavros.param]: PR: request param #1 timeout, retries left 2, and 876 params still missing
[mavros_node-1] [WARN] [1776428131.281328904] [mavros.param]: PR: request param #1 timeout, retries left 1, and 876 params still missing
[mavros_node-1] [INFO] [1776428131.498581406] [mavros.sys]: VER: 1.1: Capabilities         0x000000000000fbef
[mavros_node-1] [INFO] [1776428131.498658932] [mavros.sys]: VER: 1.1: Flight software:     04070000 (        )
[mavros_node-1] [INFO] [1776428131.498671841] [mavros.sys]: VER: 1.1: Middleware software: 00000000 (        )
[mavros_node-1] [INFO] [1776428131.498680612] [mavros.sys]: VER: 1.1: OS software:         00000000 (        )
[mavros_node-1] [INFO] [1776428131.498690664] [mavros.sys]: VER: 1.1: Board hardware:      00320000
[mavros_node-1] [INFO] [1776428131.498699707] [mavros.sys]: VER: 1.1: VID/PID:             0000:0000
[mavros_node-1] [INFO] [1776428131.498710061] [mavros.sys]: VER: 1.1: UID:                 0000000000000000
[mavros_node-1] [INFO] [1776428131.500526873] [mavros.rc]: RC_CHANNELS message detected!
[mavros_node-1] [WARN] [1776428131.501134427] [mavros.sys]: FCU: EKF3 IMU0 forced reset
[mavros_node-1] [INFO] [1776428131.501356288] [mavros.sys]: FCU: EKF3 IMU0 initialised
[mavros_node-1] [INFO] [1776428131.501414662] [mavros.sys]: FCU: Initialising ArduPilot
[mavros_node-1] [INFO] [1776428131.501532736] [mavros.sys]: FCU: EKF3 IMU0 tilt alignment complete
[mavros_node-1] [INFO] [1776428131.501737225] [mavros.sys]: FCU: EKF3 IMU0 MAG0 initial yaw alignment complete
[mavros_node-1] [WARN] [1776428131.501773466] [mavros.time]: TM: RTT too high for timesync: 14275.75 ms.
[mavros_node-1] [INFO] [1776428131.502774991] [mavros.param]: PR: got an unsolicited param value idx=73, not resetting retries count 1
[mavros_node-1] [INFO] [1776428131.503656791] [mavros.param]: PR: got an unsolicited param value idx=74, not resetting retries count 1
[mavros_node-1] [INFO] [1776428131.504434753] [mavros.param]: PR: got an unsolicited param value idx=75, not resetting retries count 1
[mavros_node-1] [INFO] [1776428131.504821485] [mavros.sys]: FCU: Loop: 164/s timeavail=186
[mavros_node-1] [INFO] [1776428131.505604719] [mavros.param]: PR: got an unsolicited param value idx=76, not resetting retries count 1
[mavros_node-1] [INFO] [1776428131.506489309] [mavros.param]: PR: got an unsolicited param value idx=77, not resetting retries count 1
[mavros_node-1] [INFO] [1776428131.507412923] [mavros.param]: PR: got an unsolicited param value idx=78, not resetting retries count 1
[mavros_node-1] [INFO] [1776428131.508173822] [mavros.param]: PR: got an unsolicited param value idx=79, not resetting retries count 1
[mavros_node-1] [INFO] [1776428131.508949716] [mavros.param]: PR: got an unsolicited param value idx=80, not resetting retries count 1
[mavros_node-1] [INFO] [1776428131.509709194] [mavros.param]: PR: got an unsolicited param value idx=81, not resetting retries count 1
[mavros_node-1] [INFO] [1776428131.510381330] [mavros.param]: PR: got an unsolicited param value idx=82, not resetting retries count 1
[mavros_node-1] [INFO] [1776428131.511035680] [mavros.param]: PR: got an unsolicited param value idx=83, not resetting retries count 1
[mavros_node-1] [INFO] [1776428131.511682898] [mavros.param]: PR: got an unsolicited param value idx=84, not resetting retries count 1
[mavros_node-1] [INFO] [1776428131.512304275] [mavros.param]: PR: got an unsolicited param value idx=85, not resetting retries count 1
[mavros_node-1] [INFO] [1776428131.513123737] [mavros.param]: PR: got an unsolicited param value idx=86, not resetting retries count 1
[mavros_node-1] [INFO] [1776428131.513713612] [mavros.param]: PR: got an unsolicited param value idx=87, not resetting retries count 1
[mavros_node-1] [INFO] [1776428131.514291686] [mavros.param]: PR: got an unsolicited param value idx=88, not resetting retries count 1
[mavros_node-1] [INFO] [1776428131.514837500] [mavros.param]: PR: got an unsolicited param value idx=89, not resetting retries count 1
[mavros_node-1] [INFO] [1776428131.515352204] [mavros.param]: PR: got an unsolicited param value idx=90, not resetting retries count 1
[mavros_node-1] [INFO] [1776428131.515914949] [mavros.param]: PR: got an unsolicited param value idx=91, not resetting retries count 1
[mavros_node-1] [INFO] [1776428131.516648099] [mavros.param]: PR: got an unsolicited param value idx=92, not resetting retries count 1
[mavros_node-1] [INFO] [1776428131.517177908] [mavros.param]: PR: got an unsolicited param value idx=93, not resetting retries count 1
[mavros_node-1] [INFO] [1776428131.517669560] [mavros.param]: PR: got an unsolicited param value idx=94, not resetting retries count 1
[mavros_node-1] [INFO] [1776428131.518185269] [mavros.param]: PR: got an unsolicited param value idx=95, not resetting retries count 1
[mavros_node-1] [INFO] [1776428131.518656613] [mavros.param]: PR: got an unsolicited param value idx=96, not resetting retries count 1
[mavros_node-1] [INFO] [1776428131.519105958] [mavros.param]: PR: got an unsolicited param value idx=97, not resetting retries count 1
[mavros_node-1] [INFO] [1776428131.519591984] [mavros.param]: PR: got an unsolicited param value idx=98, not resetting retries count 1
[mavros_node-1] [INFO] [1776428131.520012570] [mavros.param]: PR: got an unsolicited param value idx=99, not resetting retries count 1
[mavros_node-1] [INFO] [1776428131.520442746] [mavros.param]: PR: got an unsolicited param value idx=100, not resetting retries count 1
[mavros_node-1] [INFO] [1776428131.521328038] [mavros.param]: PR: got an unsolicited param value idx=101, not resetting retries count 1
[mavros_node-1] [INFO] [1776428131.522394021] [mavros.param]: PR: got an unsolicited param value idx=102, not resetting retries count 1
[mavros_node-1] [INFO] [1776428131.522927580] [mavros.param]: PR: got an unsolicited param value idx=103, not resetting retries count 1
[mavros_node-1] [INFO] [1776428131.523350334] [mavros.param]: PR: got an unsolicited param value idx=104, not resetting retries count 1
[mavros_node-1] [INFO] [1776428131.523772422] [mavros.param]: PR: got an unsolicited param value idx=105, not resetting retries count 1
[mavros_node-1] [INFO] [1776428131.524326122] [mavros.param]: PR: got an unsolicited param value idx=106, not resetting retries count 1
[mavros_node-1] [INFO] [1776428131.524972170] [mavros.param]: PR: got an unsolicited param value idx=107, not resetting retries count 1
[mavros_node-1] [INFO] [1776428131.525570116] [mavros.param]: PR: got an unsolicited param value idx=108, not resetting retries count 1
[mavros_node-1] [INFO] [1776428131.526017591] [mavros.param]: PR: got an unsolicited param value idx=109, not resetting retries count 1
[mavros_node-1] [INFO] [1776428131.526486122] [mavros.param]: PR: got an unsolicited param value idx=110, not resetting retries count 1
[mavros_node-1] [INFO] [1776428131.526918133] [mavros.param]: PR: got an unsolicited param value idx=111, not resetting retries count 1
[mavros_node-1] [INFO] [1776428131.527347791] [mavros.param]: PR: got an unsolicited param value idx=112, not resetting retries count 1
[mavros_node-1] [INFO] [1776428131.527933902] [mavros.param]: PR: got an unsolicited param value idx=113, not resetting retries count 1
[mavros_node-1] [INFO] [1776428131.528637584] [mavros.param]: PR: got an unsolicited param value idx=114, not resetting retries count 1
[mavros_node-1] [INFO] [1776428131.529198880] [mavros.param]: PR: got an unsolicited param value idx=115, not resetting retries count 1
[mavros_node-1] [INFO] [1776428131.529702145] [mavros.param]: PR: got an unsolicited param value idx=116, not resetting retries count 1
[mavros_node-1] [INFO] [1776428131.530239808] [mavros.param]: PR: got an unsolicited param value idx=117, not resetting retries count 1
[mavros_node-1] [INFO] [1776428131.531677848] [mavros.param]: PR: got an unsolicited param value idx=118, not resetting retries count 1
[mavros_node-1] [INFO] [1776428131.532171634] [mavros.param]: PR: got an unsolicited param value idx=119, not resetting retries count 1
[mavros_node-1] [INFO] [1776428131.532606823] [mavros.param]: PR: got an unsolicited param value idx=120, not resetting retries count 1
[mavros_node-1] [INFO] [1776428131.533113347] [mavros.param]: PR: got an unsolicited param value idx=121, not resetting retries count 1
[mavros_node-1] [INFO] [1776428131.533784423] [mavros.param]: PR: got an unsolicited param value idx=122, not resetting retries count 1
[mavros_node-1] [INFO] [1776428131.534236747] [mavros.param]: PR: got an unsolicited param value idx=123, not resetting retries count 1
[mavros_node-1] [INFO] [1776428131.534716235] [mavros.param]: PR: got an unsolicited param value idx=124, not resetting retries count 1
[mavros_node-1] [INFO] [1776428131.535208652] [mavros.param]: PR: got an unsolicited param value idx=125, not resetting retries count 1
[mavros_node-1] [INFO] [1776428131.535645256] [mavros.param]: PR: got an unsolicited param value idx=126, not resetting retries count 1
[mavros_node-1] [INFO] [1776428131.536081373] [mavros.param]: PR: got an unsolicited param value idx=0, not resetting retries count 1
[mavros_node-1] [WARN] [1776428132.537746174] [mavros.param]: PR: request param #3 timeout, retries left 2, and 820 params still missing
[mavros_node-1] [INFO] [1776428132.681697279] [mavros.sys]: FCU: CUAVv5-RTT 36363539 34385103 0039002B
[mavros_node-1] [INFO] [1776428132.681950277] [mavros.sys]: FCU: IOMCU: 0 0 0
[mavros_node-1] [INFO] [1776428132.682032205] [mavros.sys]: FCU: IMU0: fast sampling enabled 0.0kHz/0.0kHz
[mavros_node-1] [INFO] [1776428132.682261238] [mavros.sys]: FCU: Frame: UNSUPPORTED
[mavros_node-1] [INFO] [1776428132.682375997] [mavros.sys]: FCU: Loop: 152/s timeavail=18
[mavros_node-1] [INFO] [1776428132.682564035] [mavros.sys]: FCU: EKF3 IMU0 tilt alignment complete
[mavros_node-1] [INFO] [1776428132.682627718] [mavros.sys]: FCU: EKF3 IMU0 MAG0 initial yaw alignment complete
[mavros_node-1] [INFO] [1776428132.685859837] [mavros.param]: PR: got an unsolicited param value idx=5, not resetting retries count 3
[mavros_node-1] [INFO] [1776428132.686733533] [mavros.param]: PR: got an unsolicited param value idx=6, not resetting retries count 3
[mavros_node-1] [INFO] [1776428132.687450813] [mavros.param]: PR: got an unsolicited param value idx=7, not resetting retries count 3
[mavros_node-1] [INFO] [1776428132.688248481] [mavros.param]: PR: got an unsolicited param value idx=8, not resetting retries count 3
[mavros_node-1] [INFO] [1776428132.688964048] [mavros.param]: PR: got an unsolicited param value idx=9, not resetting retries count 3
[mavros_node-1] [INFO] [1776428132.689679804] [mavros.param]: PR: got an unsolicited param value idx=10, not resetting retries count 3
[mavros_node-1] [INFO] [1776428132.690288791] [mavros.param]: PR: got an unsolicited param value idx=11, not resetting retries count 3
[mavros_node-1] [INFO] [1776428132.690872719] [mavros.param]: PR: got an unsolicited param value idx=12, not resetting retries count 3
[mavros_node-1] [INFO] [1776428132.691475612] [mavros.param]: PR: got an unsolicited param value idx=13, not resetting retries count 3
[mavros_node-1] [INFO] [1776428132.691980589] [mavros.param]: PR: got an unsolicited param value idx=14, not resetting retries count 3
[mavros_node-1] [INFO] [1776428132.692555855] [mavros.param]: PR: got an unsolicited param value idx=15, not resetting retries count 3
[mavros_node-1] [WARN] [1776428132.692715393] [mavros.time]: TM: RTT too high for timesync: 4266.89 ms.
[mavros_node-1] [INFO] [1776428132.693372866] [mavros.param]: PR: got an unsolicited param value idx=16, not resetting retries count 3
[mavros_node-1] [INFO] [1776428132.694028380] [mavros.param]: PR: got an unsolicited param value idx=17, not resetting retries count 3
[mavros_node-1] [INFO] [1776428132.694580357] [mavros.param]: PR: got an unsolicited param value idx=18, not resetting retries count 3
[mavros_node-1] [INFO] [1776428132.695142088] [mavros.param]: PR: got an unsolicited param value idx=19, not resetting retries count 3
[mavros_node-1] [INFO] [1776428132.695627698] [mavros.param]: PR: got an unsolicited param value idx=20, not resetting retries count 3
[mavros_node-1] [INFO] [1776428132.696074117] [mavros.param]: PR: got an unsolicited param value idx=21, not resetting retries count 3
[mavros_node-1] [INFO] [1776428132.696505131] [mavros.param]: PR: got an unsolicited param value idx=22, not resetting retries count 3
[mavros_node-1] [INFO] [1776428132.696879536] [mavros.param]: PR: got an unsolicited param value idx=23, not resetting retries count 3
[mavros_node-1] [INFO] [1776428132.697295492] [mavros.param]: PR: got an unsolicited param value idx=24, not resetting retries count 3
[mavros_node-1] [INFO] [1776428132.697688680] [mavros.param]: PR: got an unsolicited param value idx=25, not resetting retries count 3
[mavros_node-1] [INFO] [1776428132.698116051] [mavros.param]: PR: got an unsolicited param value idx=26, not resetting retries count 3
[mavros_node-1] [INFO] [1776428132.698523163] [mavros.param]: PR: got an unsolicited param value idx=27, not resetting retries count 3
[mavros_node-1] [INFO] [1776428132.698915612] [mavros.param]: PR: got an unsolicited param value idx=28, not resetting retries count 3
[mavros_node-1] [INFO] [1776428132.699324761] [mavros.param]: PR: got an unsolicited param value idx=29, not resetting retries count 3
[mavros_node-1] [INFO] [1776428132.699713116] [mavros.param]: PR: got an unsolicited param value idx=30, not resetting retries count 3
[mavros_node-1] [INFO] [1776428132.700054339] [mavros.param]: PR: got an unsolicited param value idx=31, not resetting retries count 3
[mavros_node-1] [INFO] [1776428132.700422087] [mavros.param]: PR: got an unsolicited param value idx=32, not resetting retries count 3
[mavros_node-1] [INFO] [1776428132.700766472] [mavros.param]: PR: got an unsolicited param value idx=33, not resetting retries count 3
[mavros_node-1] [INFO] [1776428132.701137488] [mavros.param]: PR: got an unsolicited param value idx=34, not resetting retries count 3
[mavros_node-1] [INFO] [1776428132.701433037] [mavros.param]: PR: got an unsolicited param value idx=35, not resetting retries count 3
[mavros_node-1] [INFO] [1776428132.702020162] [mavros.param]: PR: got an unsolicited param value idx=36, not resetting retries count 3
[mavros_node-1] [INFO] [1776428132.702478661] [mavros.param]: PR: got an unsolicited param value idx=37, not resetting retries count 3
[mavros_node-1] [INFO] [1776428132.702814570] [mavros.param]: PR: got an unsolicited param value idx=38, not resetting retries count 3
[mavros_node-1] [INFO] [1776428132.703114293] [mavros.param]: PR: got an unsolicited param value idx=39, not resetting retries count 3
[mavros_node-1] [INFO] [1776428132.703408441] [mavros.param]: PR: got an unsolicited param value idx=40, not resetting retries count 3
[mavros_node-1] [INFO] [1776428132.703689298] [mavros.param]: PR: got an unsolicited param value idx=41, not resetting retries count 3
[mavros_node-1] [INFO] [1776428132.703983205] [mavros.param]: PR: got an unsolicited param value idx=42, not resetting retries count 3
[mavros_node-1] [INFO] [1776428132.704384262] [mavros.param]: PR: got an unsolicited param value idx=43, not resetting retries count 3
[mavros_node-1] [INFO] [1776428132.704744123] [mavros.param]: PR: got an unsolicited param value idx=44, not resetting retries count 3
[mavros_node-1] [INFO] [1776428132.705232873] [mavros.param]: PR: got an unsolicited param value idx=45, not resetting retries count 3
[mavros_node-1] [INFO] [1776428132.705656074] [mavros.param]: PR: got an unsolicited param value idx=46, not resetting retries count 3
[mavros_node-1] [INFO] [1776428132.705942771] [mavros.param]: PR: got an unsolicited param value idx=47, not resetting retries count 3
[mavros_node-1] [INFO] [1776428132.706228194] [mavros.param]: PR: got an unsolicited param value idx=48, not resetting retries count 3
[mavros_node-1] [INFO] [1776428132.706503008] [mavros.param]: PR: got an unsolicited param value idx=49, not resetting retries count 3
[mavros_node-1] [INFO] [1776428132.706787698] [mavros.param]: PR: got an unsolicited param value idx=50, not resetting retries count 3
[mavros_node-1] [INFO] [1776428132.707044238] [mavros.param]: PR: got an unsolicited param value idx=51, not resetting retries count 3
[mavros_node-1] [INFO] [1776428132.707330260] [mavros.param]: PR: got an unsolicited param value idx=52, not resetting retries count 3
[mavros_node-1] [INFO] [1776428132.707597250] [mavros.param]: PR: got an unsolicited param value idx=53, not resetting retries count 3
[mavros_node-1] [INFO] [1776428132.707880199] [mavros.param]: PR: got an unsolicited param value idx=54, not resetting retries count 3
[mavros_node-1] [INFO] [1776428132.708132845] [mavros.param]: PR: got an unsolicited param value idx=55, not resetting retries count 3
[mavros_node-1] [INFO] [1776428132.708388942] [mavros.param]: PR: got an unsolicited param value idx=56, not resetting retries count 3
[mavros_node-1] [INFO] [1776428132.708682840] [mavros.param]: PR: got an unsolicited param value idx=57, not resetting retries count 3
[mavros_node-1] [INFO] [1776428132.708944160] [mavros.param]: PR: got an unsolicited param value idx=58, not resetting retries count 3
[mavros_node-1] [ERROR] [1776428132.709016383] [mavros.sys]: FCU: PreArm: Motors: Check frame class and type
[mavros_node-1] [INFO] [1776428132.709333335] [mavros.param]: PR: got an unsolicited param value idx=59, not resetting retries count 3
[mavros_node-1] [INFO] [1776428132.709574613] [mavros.param]: PR: got an unsolicited param value idx=60, not resetting retries count 3
[mavros_node-1] [INFO] [1776428132.709815772] [mavros.param]: PR: got an unsolicited param value idx=61, not resetting retries count 3
[mavros_node-1] [INFO] [1776428132.710055663] [mavros.param]: PR: got an unsolicited param value idx=62, not resetting retries count 3
[mavros_node-1] [INFO] [1776428132.710431557] [mavros.param]: PR: got an unsolicited param value idx=63, not resetting retries count 3
[mavros_node-1] [INFO] [1776428132.710751421] [mavros.param]: PR: got an unsolicited param value idx=64, not resetting retries count 3
[mavros_node-1] [INFO] [1776428132.711064810] [mavros.param]: PR: got an unsolicited param value idx=65, not resetting retries count 3
[mavros_node-1] [INFO] [1776428132.711385488] [mavros.param]: PR: got an unsolicited param value idx=66, not resetting retries count 3
[mavros_node-1] [INFO] [1776428132.711650148] [mavros.param]: PR: got an unsolicited param value idx=67, not resetting retries count 3
[mavros_node-1] [INFO] [1776428132.711855566] [mavros.param]: PR: got an unsolicited param value idx=68, not resetting retries count 3
[mavros_node-1] [INFO] [1776428132.712057678] [mavros.param]: PR: got an unsolicited param value idx=69, not resetting retries count 3
[mavros_node-1] [INFO] [1776428132.712369518] [mavros.param]: PR: got an unsolicited param value idx=70, not resetting retries count 3
[mavros_node-1] [INFO] [1776428132.712560824] [mavros.param]: PR: got an unsolicited param value idx=71, not resetting retries count 3
[mavros_node-1] [INFO] [1776428132.712765243] [mavros.param]: PR: got an unsolicited param value idx=72, not resetting retries count 3
[mavros_node-1] [INFO] [1776428132.712960158] [mavros.param]: PR: got an unsolicited param value idx=73, not resetting retries count 3
[mavros_node-1] [INFO] [1776428132.713147838] [mavros.param]: PR: got an unsolicited param value idx=74, not resetting retries count 3
[mavros_node-1] [INFO] [1776428132.713352089] [mavros.param]: PR: got an unsolicited param value idx=75, not resetting retries count 3
[mavros_node-1] [INFO] [1776428132.713546490] [mavros.param]: PR: got an unsolicited param value idx=76, not resetting retries count 3
[mavros_node-1] [WARN] [1776428133.716560355] [mavros.param]: PR: request param #127 timeout, retries left 2, and 818 params still missing
[mavros_node-1] [WARN] [1776428134.717439966] [mavros.param]: PR: request param #127 timeout, retries left 1, and 818 params still missing
[mavros_node-1] [INFO] [1776428135.454115793] [mavros.param]: PR: got an unsolicited param value idx=77, not resetting retries count 1
[mavros_node-1] [INFO] [1776428135.454991021] [mavros.param]: PR: got an unsolicited param value idx=78, not resetting retries count 1
[mavros_node-1] [INFO] [1776428135.455815392] [mavros.param]: PR: got an unsolicited param value idx=79, not resetting retries count 1
[mavros_node-1] [INFO] [1776428135.456474119] [mavros.param]: PR: got an unsolicited param value idx=80, not resetting retries count 1
[mavros_node-1] [INFO] [1776428135.456929254] [mavros.param]: PR: got an unsolicited param value idx=81, not resetting retries count 1
[mavros_node-1] [INFO] [1776428135.457346870] [mavros.param]: PR: got an unsolicited param value idx=82, not resetting retries count 1
[mavros_node-1] [INFO] [1776428135.459193075] [mavros.param]: PR: got an unsolicited param value idx=83, not resetting retries count 1
[mavros_node-1] [INFO] [1776428135.459588716] [mavros.param]: PR: got an unsolicited param value idx=84, not resetting retries count 1
[mavros_node-1] [INFO] [1776428135.459896079] [mavros.param]: PR: got an unsolicited param value idx=85, not resetting retries count 1
[mavros_node-1] [INFO] [1776428135.460172782] [mavros.param]: PR: got an unsolicited param value idx=86, not resetting retries count 1
[mavros_node-1] [INFO] [1776428135.460464071] [mavros.param]: PR: got an unsolicited param value idx=87, not resetting retries count 1
[mavros_node-1] [INFO] [1776428135.460872850] [mavros.param]: PR: got an unsolicited param value idx=88, not resetting retries count 1
[mavros_node-1] [INFO] [1776428135.461210841] [mavros.param]: PR: got an unsolicited param value idx=89, not resetting retries count 1
[mavros_node-1] [INFO] [1776428135.461530829] [mavros.param]: PR: got an unsolicited param value idx=90, not resetting retries count 1
[mavros_node-1] [INFO] [1776428135.461874689] [mavros.param]: PR: got an unsolicited param value idx=91, not resetting retries count 1
[mavros_node-1] [INFO] [1776428135.462184651] [mavros.param]: PR: got an unsolicited param value idx=92, not resetting retries count 1
[mavros_node-1] [INFO] [1776428135.462464063] [mavros.param]: PR: got an unsolicited param value idx=93, not resetting retries count 1
[mavros_node-1] [INFO] [1776428135.462728504] [mavros.param]: PR: got an unsolicited param value idx=94, not resetting retries count 1
[mavros_node-1] [INFO] [1776428135.462990027] [mavros.param]: PR: got an unsolicited param value idx=95, not resetting retries count 1
[mavros_node-1] [WARN] [1776428135.463090532] [mavros.time]: TM: RTT too high for timesync: 3737.51 ms.
[mavros_node-1] [INFO] [1776428135.463158952] [mavros.sys]: FCU: Initialising ArduPilot
[mavros_node-1] [INFO] [1776428135.463436306] [mavros.param]: PR: got an unsolicited param value idx=96, not resetting retries count 1
[mavros_node-1] [INFO] [1776428135.463748929] [mavros.param]: PR: got an unsolicited param value idx=97, not resetting retries count 1
[mavros_node-1] [INFO] [1776428135.464020226] [mavros.param]: PR: got an unsolicited param value idx=98, not resetting retries count 1
[mavros_node-1] [INFO] [1776428135.464265984] [mavros.param]: PR: got an unsolicited param value idx=99, not resetting retries count 1
[mavros_node-1] [INFO] [1776428135.464509511] [mavros.param]: PR: got an unsolicited param value idx=100, not resetting retries count 1
[mavros_node-1] [INFO] [1776428135.464760289] [mavros.param]: PR: got an unsolicited param value idx=101, not resetting retries count 1
[mavros_node-1] [INFO] [1776428135.464979435] [mavros.param]: PR: got an unsolicited param value idx=102, not resetting retries count 1
[mavros_node-1] [INFO] [1776428135.465222642] [mavros.param]: PR: got an unsolicited param value idx=103, not resetting retries count 1
[mavros_node-1] [INFO] [1776428135.465442033] [mavros.param]: PR: got an unsolicited param value idx=104, not resetting retries count 1
[mavros_node-1] [INFO] [1776428135.465647927] [mavros.param]: PR: got an unsolicited param value idx=105, not resetting retries count 1
[mavros_node-1] [INFO] [1776428135.465863472] [mavros.param]: PR: got an unsolicited param value idx=106, not resetting retries count 1
[mavros_node-1] [INFO] [1776428135.466188739] [mavros.param]: PR: got an unsolicited param value idx=107, not resetting retries count 1
[mavros_node-1] [INFO] [1776428135.466418842] [mavros.param]: PR: got an unsolicited param value idx=108, not resetting retries count 1
[mavros_node-1] [INFO] [1776428135.466662700] [mavros.param]: PR: got an unsolicited param value idx=109, not resetting retries count 1
[mavros_node-1] [INFO] [1776428135.466887558] [mavros.param]: PR: got an unsolicited param value idx=110, not resetting retries count 1
[mavros_node-1] [INFO] [1776428135.467115505] [mavros.param]: PR: got an unsolicited param value idx=111, not resetting retries count 1
[mavros_node-1] [INFO] [1776428135.467299787] [mavros.param]: PR: got an unsolicited param value idx=112, not resetting retries count 1
[mavros_node-1] [INFO] [1776428135.467550611] [mavros.param]: PR: got an unsolicited param value idx=113, not resetting retries count 1
[mavros_node-1] [INFO] [1776428135.467745144] [mavros.param]: PR: got an unsolicited param value idx=114, not resetting retries count 1
[mavros_node-1] [INFO] [1776428135.467942527] [mavros.param]: PR: got an unsolicited param value idx=115, not resetting retries count 1
[mavros_node-1] [INFO] [1776428135.468115464] [mavros.param]: PR: got an unsolicited param value idx=116, not resetting retries count 1
[mavros_node-1] [INFO] [1776428135.468310215] [mavros.param]: PR: got an unsolicited param value idx=117, not resetting retries count 1
[mavros_node-1] [INFO] [1776428135.468487312] [mavros.param]: PR: got an unsolicited param value idx=118, not resetting retries count 1
[mavros_node-1] [INFO] [1776428135.468695698] [mavros.param]: PR: got an unsolicited param value idx=119, not resetting retries count 1
[mavros_node-1] [INFO] [1776428135.468895446] [mavros.param]: PR: got an unsolicited param value idx=120, not resetting retries count 1
[mavros_node-1] [INFO] [1776428135.469533014] [mavros.param]: PR: got an unsolicited param value idx=121, not resetting retries count 1
[mavros_node-1] [INFO] [1776428135.469714165] [mavros.param]: PR: got an unsolicited param value idx=122, not resetting retries count 1
[mavros_node-1] [INFO] [1776428135.469911869] [mavros.param]: PR: got an unsolicited param value idx=123, not resetting retries count 1
[mavros_node-1] [INFO] [1776428135.470027851] [mavros.sys]: FCU: Loop: 172/s timeavail=178
[mavros_node-1] [INFO] [1776428135.470198103] [mavros.param]: PR: got an unsolicited param value idx=124, not resetting retries count 1
[mavros_node-1] [INFO] [1776428135.470392396] [mavros.param]: PR: got an unsolicited param value idx=125, not resetting retries count 1
[mavros_node-1] [INFO] [1776428135.470573659] [mavros.param]: PR: got an unsolicited param value idx=126, not resetting retries count 1
[mavros_node-1] [WARN] [1776428136.475972592] [mavros.param]: PR: request param #137 timeout, retries left 2, and 808 params still missing
[mavros_node-1] [WARN] [1776428137.406430391] [mavros.time]: TM: RTT too high for timesync: 4480.66 ms.
[mavros_node-1] [WARN] [1776428137.419321016] [mavros.time]: TM: RTT too high for timesync: 3393.72 ms.
[mavros_node-1] [WARN] [1776428138.563249321] [mavros.time]: TM: RTT too high for timesync: 2237.49 ms.
[mavros_node-1] [INFO] [1776428138.565913492] [mavros.sys]: FCU: Initialising ArduPilot
[mavros_node-1] [INFO] [1776428138.568443901] [mavros.sys]: FCU: Loop: 198/s timeavail=0
[mavros_node-1] [WARN] [1776428138.568473286] [mavros.sys]: FCU: EKF3 IMU0 forced reset
[mavros_node-1] [WARN] [1776428139.569224180] [mavros.param]: PR: request param #0 timeout, retries left 2, and 884 params still missing
[mavros_node-1] [WARN] [1776428140.569828038] [mavros.param]: PR: request param #0 timeout, retries left 1, and 884 params still missing
[mavros_node-1] [WARN] [1776428141.570418058] [mavros.param]: PR: request param #0 timeout, retries left 0, and 884 params still missing
[mavros_node-1] [INFO] [1776428141.694678457] [mavros.sys]: FCU: EKF3 IMU0 initialised
[mavros_node-1] [INFO] [1776428141.695816444] [mavros.param]: PR: got an unsolicited param value idx=269, not resetting retries count 0
[mavros_node-1] [INFO] [1776428141.696895329] [mavros.param]: PR: got an unsolicited param value idx=270, not resetting retries count 0
[mavros_node-1] [INFO] [1776428141.697775584] [mavros.param]: PR: got an unsolicited param value idx=271, not resetting retries count 0
[mavros_node-1] [INFO] [1776428141.698564951] [mavros.param]: PR: got an unsolicited param value idx=272, not resetting retries count 0
[mavros_node-1] [INFO] [1776428141.699301804] [mavros.param]: PR: got an unsolicited param value idx=273, not resetting retries count 0
[mavros_node-1] [INFO] [1776428141.701168992] [mavros.param]: PR: got an unsolicited param value idx=274, not resetting retries count 0
[mavros_node-1] [INFO] [1776428141.701955486] [mavros.param]: PR: got an unsolicited param value idx=275, not resetting retries count 0
[mavros_node-1] [INFO] [1776428141.702766566] [mavros.param]: PR: got an unsolicited param value idx=276, not resetting retries count 0
[mavros_node-1] [INFO] [1776428141.703480925] [mavros.param]: PR: got an unsolicited param value idx=277, not resetting retries count 0
[mavros_node-1] [WARN] [1776428141.703810589] [mavros.time]: TM: RTT too high for timesync: 4178.28 ms.
[mavros_node-1] [INFO] [1776428141.704954935] [mavros.param]: PR: got an unsolicited param value idx=278, not resetting retries count 0
[mavros_node-1] [INFO] [1776428141.705998428] [mavros.param]: PR: got an unsolicited param value idx=279, not resetting retries count 0
[mavros_node-1] [INFO] [1776428141.707214603] [mavros.param]: PR: got an unsolicited param value idx=280, not resetting retries count 0
[mavros_node-1] [INFO] [1776428141.708916437] [mavros.param]: PR: got an unsolicited param value idx=281, not resetting retries count 0
[mavros_node-1] [INFO] [1776428141.709768250] [mavros.param]: PR: got an unsolicited param value idx=282, not resetting retries count 0
[mavros_node-1] [INFO] [1776428141.710878627] [mavros.param]: PR: got an unsolicited param value idx=283, not resetting retries count 0
[mavros_node-1] [INFO] [1776428141.712800638] [mavros.param]: PR: got an unsolicited param value idx=284, not resetting retries count 0
[mavros_node-1] [INFO] [1776428141.713760300] [mavros.param]: PR: got an unsolicited param value idx=285, not resetting retries count 0
[mavros_node-1] [INFO] [1776428141.714622259] [mavros.param]: PR: got an unsolicited param value idx=286, not resetting retries count 0
[mavros_node-1] [INFO] [1776428141.715512612] [mavros.param]: PR: got an unsolicited param value idx=287, not resetting retries count 0
[mavros_node-1] [INFO] [1776428141.716815583] [mavros.param]: PR: got an unsolicited param value idx=288, not resetting retries count 0
[mavros_node-1] [INFO] [1776428141.717740877] [mavros.param]: PR: got an unsolicited param value idx=289, not resetting retries count 0
[mavros_node-1] [INFO] [1776428141.718576287] [mavros.param]: PR: got an unsolicited param value idx=290, not resetting retries count 0
[mavros_node-1] [INFO] [1776428141.719484836] [mavros.param]: PR: got an unsolicited param value idx=291, not resetting retries count 0
[mavros_node-1] [INFO] [1776428141.720623234] [mavros.param]: PR: got an unsolicited param value idx=292, not resetting retries count 0
[mavros_node-1] [INFO] [1776428141.723179054] [mavros.param]: PR: got an unsolicited param value idx=293, not resetting retries count 0
[mavros_node-1] [INFO] [1776428141.723985518] [mavros.param]: PR: got an unsolicited param value idx=294, not resetting retries count 0
[mavros_node-1] [INFO] [1776428141.724708704] [mavros.param]: PR: got an unsolicited param value idx=295, not resetting retries count 0
[mavros_node-1] [INFO] [1776428141.725832464] [mavros.sys]: FCU: ArduCopter V4.7.0-dev
[mavros_node-1] [INFO] [1776428141.726006419] [mavros.sys]: FCU: CUAVv5-RTT 36363539 34385103 0039002B
[mavros_node-1] [INFO] [1776428141.726072819] [mavros.sys]: FCU: IOMCU: 0 0 0
[mavros_node-1] [INFO] [1776428141.726136489] [mavros.sys]: FCU: IMU0: fast sampling enabled 0.0kHz/0.0kHz
[mavros_node-1] [INFO] [1776428141.726200888] [mavros.sys]: FCU: Frame: UNSUPPORTED
[mavros_node-1] [INFO] [1776428141.726322219] [mavros.sys]: FCU: EKF3 IMU0 tilt alignment complete
[mavros_node-1] [INFO] [1776428141.738419999] [mavros.sys]: FCU: EKF3 IMU0 MAG0 initial yaw alignment complete
[mavros_node-1] [WARN] [1776428141.738505000] [mavros.time]: TM: RTT too high for timesync: 3112.68 ms.
[mavros_node-1] [WARN] [1776428141.750558391] [mavros.time]: TM: RTT too high for timesync: 2025.78 ms.
[mavros_node-1] [WARN] [1776428142.757379373] [mavros.param]: PR: request param #115 timeout, retries left 2, and 742 params still missing
[mavros_node-1] [WARN] [1776428143.757985184] [mavros.param]: PR: request param #115 timeout, retries left 1, and 742 params still missing
[mavros_node-1] [WARN] [1776428144.264714819] [mavros.mission]: WP: timeout, retries left 2
[mavros_node-1] [WARN] [1776428144.762056394] [mavros.param]: PR: request param #115 timeout, retries left 0, and 742 params still missing
[mavros_node-1] [INFO] [1776428145.058520763] [mavros.sys]: FCU: Initialising ArduPilot
[mavros_node-1] [WARN] [1776428145.076098759] [mavros.time]: TM: RTT too high for timesync: 2850.21 ms.
[mavros_node-1] [WARN] [1776428145.076353436] [mavros.global_position]: GP: No GPS fix
[mavros_node-1] [INFO] [1776428145.080892286] [mavros.sys]: FCU: Loop: 176/s timeavail=146
[mavros_node-1] [INFO] [1776428145.095408855] [mavros.mission]: WP: mission received
[mavros_node-1] [WARN] [1776428146.097380572] [mavros.param]: PR: request param #194 timeout, retries left 2, and 663 params still missing
[mavros_node-1] [WARN] [1776428147.098578616] [mavros.param]: PR: request param #194 timeout, retries left 1, and 663 params still missing
[mavros_node-1] [WARN] [1776428147.966206521] [mavros.time]: TM: RTT too high for timesync: 4640.79 ms.
[mavros_node-1] [INFO] [1776428147.981002857] [mavros.param]: PR: got an unsolicited param value idx=208, not resetting retries count 3
[mavros_node-1] [INFO] [1776428147.981974211] [mavros.param]: PR: got an unsolicited param value idx=209, not resetting retries count 3
[mavros_node-1] [INFO] [1776428147.982855109] [mavros.param]: PR: got an unsolicited param value idx=210, not resetting retries count 3
[mavros_node-1] [INFO] [1776428147.983902081] [mavros.param]: PR: got an unsolicited param value idx=211, not resetting retries count 3
[mavros_node-1] [INFO] [1776428147.984715314] [mavros.param]: PR: got an unsolicited param value idx=212, not resetting retries count 3
[mavros_node-1] [INFO] [1776428147.986553286] [mavros.mission]: WP: seems GCS requesting mission
[mavros_node-1] [INFO] [1776428147.986585664] [mavros.mission]: WP: scheduling pull after GCS is done
[mavros_node-1] [INFO] [1776428147.987191914] [mavros.param]: PR: got an unsolicited param value idx=213, not resetting retries count 3
[mavros_node-1] [INFO] [1776428147.988001630] [mavros.param]: PR: got an unsolicited param value idx=214, not resetting retries count 3
[mavros_node-1] [INFO] [1776428147.988581437] [mavros.param]: PR: got an unsolicited param value idx=215, not resetting retries count 3
[mavros_node-1] [INFO] [1776428147.989102387] [mavros.param]: PR: got an unsolicited param value idx=216, not resetting retries count 3
[mavros_node-1] [INFO] [1776428147.989629675] [mavros.param]: PR: got an unsolicited param value idx=217, not resetting retries count 3
[mavros_node-1] [INFO] [1776428147.990152388] [mavros.param]: PR: got an unsolicited param value idx=218, not resetting retries count 3
[mavros_node-1] [INFO] [1776428147.990764695] [mavros.param]: PR: got an unsolicited param value idx=219, not resetting retries count 3
[mavros_node-1] [WARN] [1776428147.990918942] [mavros.time]: TM: RTT too high for timesync: 3565.55 ms.
[mavros_node-1] [INFO] [1776428147.991448614] [mavros.param]: PR: got an unsolicited param value idx=220, not resetting retries count 3
[mavros_node-1] [INFO] [1776428147.992031559] [mavros.param]: PR: got an unsolicited param value idx=221, not resetting retries count 3
[mavros_node-1] [INFO] [1776428147.992504329] [mavros.param]: PR: got an unsolicited param value idx=222, not resetting retries count 3
[mavros_node-1] [INFO] [1776428147.992944228] [mavros.param]: PR: got an unsolicited param value idx=223, not resetting retries count 3
[mavros_node-1] [INFO] [1776428147.993439882] [mavros.param]: PR: got an unsolicited param value idx=224, not resetting retries count 3
[mavros_node-1] [INFO] [1776428147.993834739] [mavros.param]: PR: got an unsolicited param value idx=225, not resetting retries count 3
[mavros_node-1] [INFO] [1776428147.994358323] [mavros.param]: PR: got an unsolicited param value idx=226, not resetting retries count 3
[mavros_node-1] [INFO] [1776428147.994742034] [mavros.param]: PR: got an unsolicited param value idx=227, not resetting retries count 3
[mavros_node-1] [INFO] [1776428147.995285317] [mavros.param]: PR: got an unsolicited param value idx=228, not resetting retries count 3
[mavros_node-1] [INFO] [1776428147.995602399] [mavros.param]: PR: got an unsolicited param value idx=229, not resetting retries count 3
[mavros_node-1] [INFO] [1776428147.995957985] [mavros.param]: PR: got an unsolicited param value idx=230, not resetting retries count 3
[mavros_node-1] [INFO] [1776428147.996215338] [mavros.param]: PR: got an unsolicited param value idx=231, not resetting retries count 3
[mavros_node-1] [INFO] [1776428147.996503999] [mavros.param]: PR: got an unsolicited param value idx=232, not resetting retries count 3
[mavros_node-1] [INFO] [1776428147.996858859] [mavros.param]: PR: got an unsolicited param value idx=233, not resetting retries count 3
[mavros_node-1] [INFO] [1776428147.997117586] [mavros.param]: PR: got an unsolicited param value idx=234, not resetting retries count 3
[mavros_node-1] [INFO] [1776428147.997385051] [mavros.param]: PR: got an unsolicited param value idx=235, not resetting retries count 3
[mavros_node-1] [INFO] [1776428147.997603102] [mavros.param]: PR: got an unsolicited param value idx=236, not resetting retries count 3
[mavros_node-1] [INFO] [1776428147.998025513] [mavros.param]: PR: got an unsolicited param value idx=237, not resetting retries count 3
[mavros_node-1] [INFO] [1776428147.998273444] [mavros.param]: PR: got an unsolicited param value idx=238, not resetting retries count 3
[mavros_node-1] [INFO] [1776428147.998504732] [mavros.param]: PR: got an unsolicited param value idx=239, not resetting retries count 3
[mavros_node-1] [INFO] [1776428147.998726729] [mavros.param]: PR: got an unsolicited param value idx=240, not resetting retries count 3
[mavros_node-1] [INFO] [1776428147.998947726] [mavros.param]: PR: got an unsolicited param value idx=241, not resetting retries count 3
[mavros_node-1] [INFO] [1776428147.999133629] [mavros.param]: PR: got an unsolicited param value idx=242, not resetting retries count 3
[mavros_node-1] [INFO] [1776428147.999337408] [mavros.param]: PR: got an unsolicited param value idx=243, not resetting retries count 3
[mavros_node-1] [INFO] [1776428147.999572747] [mavros.param]: PR: got an unsolicited param value idx=244, not resetting retries count 3
[mavros_node-1] [INFO] [1776428147.999783542] [mavros.param]: PR: got an unsolicited param value idx=245, not resetting retries count 3
[mavros_node-1] [INFO] [1776428147.999975781] [mavros.param]: PR: got an unsolicited param value idx=246, not resetting retries count 3
[mavros_node-1] [INFO] [1776428148.000207653] [mavros.param]: PR: got an unsolicited param value idx=247, not resetting retries count 3
[mavros_node-1] [INFO] [1776428148.000397132] [mavros.param]: PR: got an unsolicited param value idx=248, not resetting retries count 3
[mavros_node-1] [INFO] [1776428148.000603723] [mavros.param]: PR: got an unsolicited param value idx=249, not resetting retries count 3
[mavros_node-1] [INFO] [1776428148.000828079] [mavros.param]: PR: got an unsolicited param value idx=250, not resetting retries count 3
[mavros_node-1] [INFO] [1776428148.001012846] [mavros.param]: PR: got an unsolicited param value idx=251, not resetting retries count 3
[mavros_node-1] [INFO] [1776428148.001167411] [mavros.param]: PR: got an unsolicited param value idx=252, not resetting retries count 3
[mavros_node-1] [INFO] [1776428148.001332999] [mavros.param]: PR: got an unsolicited param value idx=253, not resetting retries count 3
[mavros_node-1] [INFO] [1776428148.001502737] [mavros.param]: PR: got an unsolicited param value idx=254, not resetting retries count 3
[mavros_node-1] [INFO] [1776428148.001659218] [mavros.param]: PR: got an unsolicited param value idx=255, not resetting retries count 3
[mavros_node-1] [INFO] [1776428148.001829452] [mavros.param]: PR: got an unsolicited param value idx=256, not resetting retries count 3
[mavros_node-1] [INFO] [1776428148.001987988] [mavros.param]: PR: got an unsolicited param value idx=257, not resetting retries count 3
[mavros_node-1] [INFO] [1776428148.002155642] [mavros.param]: PR: got an unsolicited param value idx=258, not resetting retries count 3
[mavros_node-1] [INFO] [1776428148.002318415] [mavros.param]: PR: got an unsolicited param value idx=259, not resetting retries count 3
[mavros_node-1] [INFO] [1776428148.002494341] [mavros.param]: PR: got an unsolicited param value idx=260, not resetting retries count 3
[mavros_node-1] [INFO] [1776428148.002652320] [mavros.param]: PR: got an unsolicited param value idx=261, not resetting retries count 3
[mavros_node-1] [INFO] [1776428148.002823307] [mavros.param]: PR: got an unsolicited param value idx=262, not resetting retries count 3
[mavros_node-1] [INFO] [1776428148.002981865] [mavros.param]: PR: got an unsolicited param value idx=263, not resetting retries count 3
[mavros_node-1] [INFO] [1776428148.003158959] [mavros.param]: PR: got an unsolicited param value idx=264, not resetting retries count 3
[mavros_node-1] [INFO] [1776428148.003323244] [mavros.param]: PR: got an unsolicited param value idx=265, not resetting retries count 3
[mavros_node-1] [INFO] [1776428148.003507275] [mavros.param]: PR: got an unsolicited param value idx=266, not resetting retries count 3
[mavros_node-1] [INFO] [1776428148.003667803] [mavros.param]: PR: got an unsolicited param value idx=267, not resetting retries count 3
[mavros_node-1] [WARN] [1776428148.717162960] [mavros.time]: TM: RTT too high for timesync: 2991.56 ms.
[mavros_node-1] [INFO] [1776428148.735572625] [mavros.sys]: FCU: Initialising ArduPilot
[mavros_node-1] [WARN] [1776428148.736559993] [mavros.time]: TM: RTT too high for timesync: 1910.93 ms.
[mavros_node-1] [INFO] [1776428148.739866740] [mavros.sys]: FCU: Loop: 188/s timeavail=144
[mavros_node-1] [INFO] [1776428148.741842672] [mavros.rallypoint]: RP: mission received
[mavros_node-1] [INFO] [1776428148.742244388] [mavros.sys]: FCU: ArduCopter V4.7.0-dev
[mavros_node-1] [INFO] [1776428148.742262064] [mavros.sys]: FCU: CUAVv5-RTT 36363539 34385103 0039002B
[mavros_node-1] [INFO] [1776428148.742280847] [mavros.sys]: FCU: IOMCU: 0 0 0
[mavros_node-1] [INFO] [1776428148.742318961] [mavros.sys]: FCU: IMU0: fast sampling enabled 0.0kHz/0.0kHz
[mavros_node-1] [INFO] [1776428148.742326292] [mavros.sys]: FCU: Frame: UNSUPPORTED
[mavros_node-1] [WARN] [1776428148.743877913] [mavros.sys]: FCU: EKF3 IMU0 forced reset
[mavros_node-1] [INFO] [1776428148.743891051] [mavros.sys]: FCU: EKF3 IMU0 initialised
[mavros_node-1] [WARN] [1776428149.747540376] [mavros.param]: PR: request param #28 timeout, retries left 2, and 845 params still missing
[mavros_node-1] [WARN] [1776428150.747750350] [mavros.param]: PR: request param #28 timeout, retries left 1, and 845 params still missing
[mavros_node-1] [WARN] [1776428151.747995862] [mavros.param]: PR: request param #28 timeout, retries left 0, and 845 params still missing
[mavros_node-1] [WARN] [1776428152.216898625] [mavros.time]: TM: RTT too high for timesync: 3191.20 ms.
[mavros_node-1] [INFO] [1776428152.217089939] [mavros.sys]: FCU: EKF3 IMU0 tilt alignment complete
[mavros_node-1] [INFO] [1776428152.228121850] [mavros.sys]: FCU: EKF3 IMU0 MAG0 initial yaw alignment complete
[mavros_node-1] [WARN] [1776428152.234763002] [mavros.time]: TM: RTT too high for timesync: 2109.18 ms.
[mavros_node-1] [WARN] [1776428152.242329772] [mavros.time]: TM: RTT too high for timesync: 1016.25 ms.
[mavros_node-1] [INFO] [1776428152.247042547] [mavros.sys]: FCU: Initialising ArduPilot
[mavros_node-1] [WARN] [1776428153.252340796] [mavros.param]: PR: request param #171 timeout, retries left 2, and 702 params still missing
[mavros_node-1] [WARN] [1776428153.988401465] [mavros.mission]: WP: timeout, retries left 2
[mavros_node-1] [WARN] [1776428154.255242655] [mavros.param]: PR: request param #171 timeout, retries left 1, and 702 params still missing
[mavros_node-1] [WARN] [1776428154.264294615] [mavros.geofence]: GF: timeout, retries left 2
[mavros_node-1] [WARN] [1776428154.991636903] [mavros.mission]: WP: timeout, retries left 1
[mavros_node-1] [WARN] [1776428155.257606664] [mavros.param]: PR: request param #171 timeout, retries left 0, and 702 params still missing
[mavros_node-1] [WARN] [1776428155.267493236] [mavros.geofence]: GF: timeout, retries left 1
[mavros_node-1] [INFO] [1776428155.903710780] [mavros.sys]: FCU: Loop: 181/s timeavail=0
[mavros_node-1] [INFO] [1776428155.938608828] [mavros.geofence]: GF: mission received
[mavros_node-1] [WARN] [1776428155.939493309] [mavros.time]: TM: RTT too high for timesync: 2613.91 ms.
[mavros_node-1] [INFO] [1776428155.953992491] [mavros.mission]: WP: mission received
[mavros_node-1] [INFO] [1776428155.956182025] [mavros.geofence]: GF: seems GCS requesting mission
[mavros_node-1] [INFO] [1776428155.956190807] [mavros.geofence]: GF: scheduling pull after GCS is done
[mavros_node-1] [WARN] [1776428155.957373771] [mavros.param]: PR: Param ATC_RAT_PIT_SMAX (268/945): 0.000000 different index: 262/945
[mavros_node-1] [WARN] [1776428155.957425704] [mavros.time]: TM: RTT too high for timesync: 1531.79 ms.
[mavros_node-1] [WARN] [1776428155.957591116] [mavros.param]: PR: Param ATC_RAT_PIT_PDMX (269/945): 0.000000 different index: 263/945
[mavros_node-1] [WARN] [1776428155.957908994] [mavros.param]: PR: Param ATC_RAT_PIT_D_FF (270/945): 0.000000 different index: 264/945
[mavros_node-1] [WARN] [1776428155.958076083] [mavros.param]: PR: Param ATC_RAT_PIT_NTF (271/945): 0 different index: 265/945
[mavros_node-1] [WARN] [1776428155.958286025] [mavros.param]: PR: Param ATC_RAT_PIT_NEF (272/945): 0 different index: 266/945
[mavros_node-1] [WARN] [1776428156.961952702] [mavros.param]: PR: request param #267 timeout, retries left 2, and 606 params still missing
[mavros_node-1] [WARN] [1776428157.964762297] [mavros.param]: PR: request param #267 timeout, retries left 1, and 606 params still missing
[mavros_node-1] [INFO] [1776428158.895363418] [mavros.mission]: WP: seems GCS requesting mission
[mavros_node-1] [INFO] [1776428158.895396294] [mavros.mission]: WP: scheduling pull after GCS is done
[mavros_node-1] [INFO] [1776428158.902902349] [mavros.geofence]: GF: seems GCS requesting mission
[mavros_node-1] [INFO] [1776428158.902947484] [mavros.geofence]: GF: scheduling pull after GCS is done
[mavros_node-1] [WARN] [1776428158.909732978] [mavros.time]: TM: RTT too high for timesync: 3384.39 ms.
[mavros_node-1] [INFO] [1776428159.100086989] [mavros.sys]: FCU: Initialising ArduPilot
[mavros_node-1] [WARN] [1776428159.102540466] [mavros.time]: TM: RTT too high for timesync: 2277.16 ms.
[mavros_node-1] [INFO] [1776428159.110620369] [mavros.sys]: FCU: Loop: 178/s timeavail=0
[mavros_node-1] [WARN] [1776428159.117066613] [mavros.time]: TM: RTT too high for timesync: 1191.43 ms.
[mavros_node-1] [INFO] [1776428159.120134266] [mavros.sys]: FCU: ArduCopter V4.7.0-dev
[mavros_node-1] [INFO] [1776428159.120172244] [mavros.sys]: FCU: CUAVv5-RTT 36363539 34385103 0039002B
[mavros_node-1] [INFO] [1776428159.120183754] [mavros.sys]: FCU: IOMCU: 0 0 0
[mavros_node-1] [INFO] [1776428159.120198710] [mavros.sys]: FCU: IMU0: fast sampling enabled 0.0kHz/0.0kHz
[mavros_node-1] [INFO] [1776428159.120215479] [mavros.sys]: FCU: Frame: UNSUPPORTED
[mavros_node-1] [WARN] [1776428159.121349865] [mavros.sys]: FCU: EKF3 IMU0 forced reset
[mavros_node-1] [INFO] [1776428159.121386914] [mavros.sys]: FCU: EKF3 IMU0 initialised
[mavros_node-1] [WARN] [1776428160.124995694] [mavros.param]: PR: request param #22 timeout, retries left 2, and 797 params still missing
[mavros_node-1] [INFO] [1776428161.075992580] [mavros.sys]: FCU: EKF3 IMU0 tilt alignment complete
[mavros_node-1] [WARN] [1776428161.076062792] [mavros.time]: TM: RTT too high for timesync: 1450.66 ms.
[mavros_node-1] [INFO] [1776428161.078877740] [mavros.sys]: FCU: EKF3 IMU0 MAG0 initial yaw alignment complete
[mavros_node-1] [WARN] [1776428162.085857490] [mavros.param]: PR: request param #94 timeout, retries left 2, and 725 params still missing
[mavros_node-1] [WARN] [1776428163.087297769] [mavros.param]: PR: request param #94 timeout, retries left 1, and 725 params still missing
[mavros_node-1] [WARN] [1776428163.494168933] [mavros.time]: TM: RTT too high for timesync: 2768.55 ms.
[mavros_node-1] [INFO] [1776428163.524810869] [mavros.sys]: FCU: Initialising ArduPilot
[mavros_node-1] [WARN] [1776428163.526086996] [mavros.time]: TM: RTT too high for timesync: 1700.34 ms.
[mavros_node-1] [INFO] [1776428163.531028083] [mavros.sys]: FCU: Loop: 219/s timeavail=0
[mavros_node-1] [ERROR] [1776428163.535031970] [mavros.sys]: FCU: PreArm: Motors: Check frame class and type
[mavros_node-1] [WARN] [1776428163.535094621] [mavros.time]: TM: RTT too high for timesync: 611.24 ms.
[mavros_node-1] [WARN] [1776428164.538600713] [mavros.param]: PR: request param #215 timeout, retries left 2, and 604 params still missing
[mavros_node-1] [WARN] [1776428164.897722829] [mavros.mission]: WP: timeout, retries left 2
[mavros_node-1] [WARN] [1776428164.907649350] [mavros.geofence]: GF: timeout, retries left 2
[mavros_node-1] [WARN] [1776428165.541847144] [mavros.param]: PR: request param #215 timeout, retries left 1, and 604 params still missing
[mavros_node-1] [INFO] [1776428165.613721520] [mavros.mission]: WP: mission received
[mavros_node-1] [INFO] [1776428165.613827436] [mavros.geofence]: GF: mission received
[mavros_node-1] [WARN] [1776428165.614225412] [mavros.time]: TM: RTT too high for timesync: 1589.70 ms.
[mavros_node-1] [INFO] [1776428165.620249515] [mavros.param]: PR: got an unsolicited param value idx=267, not resetting retries count 3
[mavros_node-1] [INFO] [1776428165.620522659] [mavros.param]: PR: got an unsolicited param value idx=268, not resetting retries count 3
[mavros_node-1] [INFO] [1776428165.620828835] [mavros.param]: PR: got an unsolicited param value idx=269, not resetting retries count 3
[mavros_node-1] [INFO] [1776428165.621143117] [mavros.param]: PR: got an unsolicited param value idx=270, not resetting retries count 3
[mavros_node-1] [INFO] [1776428165.621437407] [mavros.param]: PR: got an unsolicited param value idx=271, not resetting retries count 3
[mavros_node-1] [INFO] [1776428165.622049553] [mavros.param]: PR: got an unsolicited param value idx=272, not resetting retries count 3
[mavros_node-1] [WARN] [1776428165.622359401] [mavros.param]: PR: Param ATC_RAT_YAW_P (267/945): 0.180000 different index: 273/945
[mavros_node-1] [INFO] [1776428165.622379113] [mavros.param]: PR: got an unsolicited param value idx=273, not resetting retries count 3
[mavros_node-1] [WARN] [1776428165.622666750] [mavros.param]: PR: Param ATC_RAT_YAW_I (268/945): 0.018000 different index: 274/945
[mavros_node-1] [INFO] [1776428165.622679808] [mavros.param]: PR: got an unsolicited param value idx=274, not resetting retries count 3
[mavros_node-1] [WARN] [1776428165.622938937] [mavros.param]: PR: Param ATC_RAT_YAW_D (269/945): 0.000000 different index: 275/945
[mavros_node-1] [INFO] [1776428165.622951335] [mavros.param]: PR: got an unsolicited param value idx=275, not resetting retries count 3
[mavros_node-1] [INFO] [1776428165.623123606] [mavros.mission]: WP: seems GCS requesting mission
[mavros_node-1] [INFO] [1776428165.623130094] [mavros.mission]: WP: scheduling pull after GCS is done
[mavros_node-1] [INFO] [1776428165.623189886] [mavros.geofence]: GF: seems GCS requesting mission
[mavros_node-1] [INFO] [1776428165.623198984] [mavros.geofence]: GF: scheduling pull after GCS is done
[mavros_node-1] [WARN] [1776428165.623476547] [mavros.param]: PR: Param ATC_RAT_YAW_FF (270/945): 0.000000 different index: 276/945
[mavros_node-1] [INFO] [1776428165.623490438] [mavros.param]: PR: got an unsolicited param value idx=276, not resetting retries count 3
[mavros_node-1] [WARN] [1776428165.623798751] [mavros.param]: PR: Param ATC_RAT_YAW_IMAX (271/945): 0.500000 different index: 277/945
[mavros_node-1] [INFO] [1776428165.623815795] [mavros.param]: PR: got an unsolicited param value idx=277, not resetting retries count 3
[mavros_node-1] [WARN] [1776428165.624080762] [mavros.param]: PR: Param ATC_RAT_YAW_FLTT (272/945): 20.000000 different index: 278/945
[mavros_node-1] [INFO] [1776428165.624093405] [mavros.param]: PR: got an unsolicited param value idx=278, not resetting retries count 3
[mavros_node-1] [WARN] [1776428165.624400103] [mavros.param]: PR: Param ATC_RAT_YAW_FLTE (273/945): 2.500000 different index: 279/945
[mavros_node-1] [INFO] [1776428165.624415007] [mavros.param]: PR: got an unsolicited param value idx=279, not resetting retries count 3
[mavros_node-1] [WARN] [1776428165.624723640] [mavros.param]: PR: Param ATC_RAT_YAW_FLTD (274/945): 20.000000 different index: 280/945
[mavros_node-1] [INFO] [1776428165.624737402] [mavros.param]: PR: got an unsolicited param value idx=280, not resetting retries count 3
[mavros_node-1] [WARN] [1776428165.625009295] [mavros.param]: PR: Param ATC_RAT_YAW_SMAX (275/945): 0.000000 different index: 281/945
[mavros_node-1] [INFO] [1776428165.625021720] [mavros.param]: PR: got an unsolicited param value idx=281, not resetting retries count 3
[mavros_node-1] [WARN] [1776428165.625090231] [mavros.time]: TM: RTT too high for timesync: 499.73 ms.
[mavros_node-1] [WARN] [1776428165.625341077] [mavros.param]: PR: Param ATC_RAT_YAW_PDMX (276/945): 0.000000 different index: 282/945
[mavros_node-1] [INFO] [1776428165.625353939] [mavros.param]: PR: got an unsolicited param value idx=282, not resetting retries count 3
[mavros_node-1] [WARN] [1776428165.625639180] [mavros.param]: PR: Param ATC_RAT_YAW_D_FF (277/945): 0.000000 different index: 283/945
[mavros_node-1] [INFO] [1776428165.625677307] [mavros.param]: PR: got an unsolicited param value idx=283, not resetting retries count 3
[mavros_node-1] [WARN] [1776428165.626003748] [mavros.param]: PR: Param ATC_RAT_YAW_NTF (278/945): 0 different index: 284/945
[mavros_node-1] [INFO] [1776428165.626016470] [mavros.param]: PR: got an unsolicited param value idx=284, not resetting retries count 3
[mavros_node-1] [WARN] [1776428165.626328694] [mavros.param]: PR: Param ATC_RAT_YAW_NEF (279/945): 0 different index: 285/945
[mavros_node-1] [INFO] [1776428165.626342238] [mavros.param]: PR: got an unsolicited param value idx=285, not resetting retries count 3
[mavros_node-1] [WARN] [1776428165.626619753] [mavros.param]: PR: Param ATC_THR_MIX_MIN (280/945): 0.100000 different index: 286/945
[mavros_node-1] [INFO] [1776428165.626632173] [mavros.param]: PR: got an unsolicited param value idx=286, not resetting retries count 3
[mavros_node-1] [WARN] [1776428165.626897808] [mavros.param]: PR: Param ATC_THR_MIX_MAX (281/945): 0.500000 different index: 287/945
[mavros_node-1] [INFO] [1776428165.626909141] [mavros.param]: PR: got an unsolicited param value idx=287, not resetting retries count 3
[mavros_node-1] [WARN] [1776428165.627144163] [mavros.param]: PR: Param ATC_THR_MIX_MAN (282/945): 0.100000 different index: 288/945
[mavros_node-1] [INFO] [1776428165.627154988] [mavros.param]: PR: got an unsolicited param value idx=288, not resetting retries count 3
[mavros_node-1] [WARN] [1776428165.627382415] [mavros.param]: PR: Param ATC_THR_G_BOOST (283/945): 0.000000 different index: 289/945
[mavros_node-1] [INFO] [1776428165.627391912] [mavros.param]: PR: got an unsolicited param value idx=289, not resetting retries count 3
[mavros_node-1] [WARN] [1776428166.630249764] [mavros.param]: PR: request param #393 timeout, retries left 2, and 552 params still missing
[mavros_node-1] [WARN] [1776428167.632483501] [mavros.param]: PR: request param #393 timeout, retries left 1, and 552 params still missing
