{
  "after_reset": {
    "MAV1_ADSB": 1.0,
    "MAV1_EXTRA1": 1.0,
    "MAV1_EXTRA2": 1.0,
    "MAV1_EXTRA3": 1.0,
    "MAV1_EXT_STAT": 1.0,
    "MAV1_PARAMS": 1.0,
    "MAV1_POSITION": 1.0,
    "MAV1_RAW_CTRL": 1.0,
    "MAV1_RAW_SENS": 1.0,
    "MAV1_RC_CHAN": 1.0,
    "MAV2_ADSB": 1.0,
    "MAV2_EXTRA1": 1.0,
    "MAV2_EXTRA2": 1.0,
    "MAV2_EXTRA3": 1.0,
    "MAV2_EXT_STAT": 1.0,
    "MAV2_PARAMS": 1.0,
    "MAV2_POSITION": 1.0,
    "MAV2_RAW_CTRL": 1.0,
    "MAV2_RAW_SENS": 1.0,
    "MAV2_RC_CHAN": 1.0,
    "MAV3_ADSB": 1.0,
    "MAV3_EXTRA1": 1.0,
    "MAV3_EXTRA2": 1.0,
    "MAV3_EXTRA3": 1.0,
    "MAV3_EXT_STAT": 1.0,
    "MAV3_PARAMS": 1.0,
    "MAV3_POSITION": 1.0,
    "MAV3_RAW_CTRL": 1.0,
    "MAV3_RAW_SENS": 1.0,
    "MAV3_RC_CHAN": 1.0
  },
  "connect_after_restore_reset": {
    "heartbeat": {
      "autopilot": 3,
      "base_mode": 89,
      "custom_mode": 0,
      "mavlink_version": 3,
      "mavpackettype": "HEARTBEAT",
      "system_status": 1,
      "type": 2
    },
    "ready": {
      "last": {
        "autopilot": 3,
        "base_mode": 81,
        "custom_mode": 0,
        "mavlink_version": 3,
        "mavpackettype": "HEARTBEAT",
        "system_status": 3,
        "type": 2
      },
      "ready_s": 4.589,
      "status_histogram": {
        "1": 7,
        "3": 1
      }
    }
  },
  "connect_after_set_reset": {
    "heartbeat": {
      "autopilot": 3,
      "base_mode": 89,
      "custom_mode": 0,
      "mavlink_version": 3,
      "mavpackettype": "HEARTBEAT",
      "system_status": 1,
      "type": 2
    },
    "ready": {
      "last": {
        "autopilot": 3,
        "base_mode": 81,
        "custom_mode": 0,
        "mavlink_version": 3,
        "mavpackettype": "HEARTBEAT",
        "system_status": 3,
        "type": 2
      },
      "ready_s": 4.589,
      "status_histogram": {
        "1": 7,
        "3": 1
      }
    }
  },
  "connect_initial": {
    "heartbeat": {
      "autopilot": 3,
      "base_mode": 81,
      "custom_mode": 0,
      "mavlink_version": 3,
      "mavpackettype": "HEARTBEAT",
      "system_status": 3,
      "type": 2
    },
    "ready": {
      "last": {
        "autopilot": 3,
        "base_mode": 81,
        "custom_mode": 0,
        "mavlink_version": 3,
        "mavpackettype": "HEARTBEAT",
        "system_status": 3,
        "type": 2
      },
      "ready_s": 0.001,
      "status_histogram": {
        "3": 1
      }
    }
  },
  "json_path": "results/master_launch/ml_20260607_175444_param_queue_upper_realign/param_sequence_persist_gate_20260607_182716/param_sequence_persist.json",
  "originals": {
    "MAV1_ADSB": 0.0,
    "MAV1_EXTRA1": 0.0,
    "MAV1_EXTRA2": 0.0,
    "MAV1_EXTRA3": 0.0,
    "MAV1_EXT_STAT": 0.0,
    "MAV1_PARAMS": 0.0,
    "MAV1_POSITION": 0.0,
    "MAV1_RAW_CTRL": 0.0,
    "MAV1_RAW_SENS": 0.0,
    "MAV1_RC_CHAN": 0.0,
    "MAV2_ADSB": 0.0,
    "MAV2_EXTRA1": 0.0,
    "MAV2_EXTRA2": 0.0,
    "MAV2_EXTRA3": 0.0,
    "MAV2_EXT_STAT": 0.0,
    "MAV2_PARAMS": 0.0,
    "MAV2_POSITION": 0.0,
    "MAV2_RAW_CTRL": 0.0,
    "MAV2_RAW_SENS": 0.0,
    "MAV2_RC_CHAN": 0.0,
    "MAV3_ADSB": 0.0,
    "MAV3_EXTRA1": 0.0,
    "MAV3_EXTRA2": 0.0,
    "MAV3_EXTRA3": 0.0,
    "MAV3_EXT_STAT": 0.0,
    "MAV3_PARAMS": 0.0,
    "MAV3_POSITION": 0.0,
    "MAV3_RAW_CTRL": 0.0,
    "MAV3_RAW_SENS": 0.0,
    "MAV3_RC_CHAN": 0.0
  },
  "port": "/dev/serial/by-id/usb-APM_CUAV_V5_CDC_1_00001-if00",
  "reason": "sequential_param_persist_restore_ok",
  "restored_after_reset": {
    "MAV1_ADSB": 0.0,
    "MAV1_EXTRA1": 0.0,
    "MAV1_EXTRA2": 0.0,
    "MAV1_EXTRA3": 0.0,
    "MAV1_EXT_STAT": 0.0,
    "MAV1_PARAMS": 0.0,
    "MAV1_POSITION": 0.0,
    "MAV1_RAW_CTRL": 0.0,
    "MAV1_RAW_SENS": 0.0,
    "MAV1_RC_CHAN": 0.0,
    "MAV2_ADSB": 0.0,
    "MAV2_EXTRA1": 0.0,
    "MAV2_EXTRA2": 0.0,
    "MAV2_EXTRA3": 0.0,
    "MAV2_EXT_STAT": 0.0,
    "MAV2_PARAMS": 0.0,
    "MAV2_POSITION": 0.0,
    "MAV2_RAW_CTRL": 0.0,
    "MAV2_RAW_SENS": 0.0,
    "MAV2_RC_CHAN": 0.0,
    "MAV3_ADSB": 0.0,
    "MAV3_EXTRA1": 0.0,
    "MAV3_EXTRA2": 0.0,
    "MAV3_EXTRA3": 0.0,
    "MAV3_EXT_STAT": 0.0,
    "MAV3_PARAMS": 0.0,
    "MAV3_POSITION": 0.0,
    "MAV3_RAW_CTRL": 0.0,
    "MAV3_RAW_SENS": 0.0,
    "MAV3_RC_CHAN": 0.0
  },
  "selected": [
    "MAV1_RAW_SENS",
    "MAV1_EXT_STAT",
    "MAV1_RC_CHAN",
    "MAV1_RAW_CTRL",
    "MAV1_POSITION",
    "MAV1_EXTRA1",
    "MAV1_EXTRA2",
    "MAV1_EXTRA3",
    "MAV1_PARAMS",
    "MAV1_ADSB",
    "MAV2_RAW_SENS",
    "MAV2_EXT_STAT",
    "MAV2_RC_CHAN",
    "MAV2_RAW_CTRL",
    "MAV2_POSITION",
    "MAV2_EXTRA1",
    "MAV2_EXTRA2",
    "MAV2_EXTRA3",
    "MAV2_PARAMS",
    "MAV2_ADSB",
    "MAV3_RAW_SENS",
    "MAV3_EXT_STAT",
    "MAV3_RC_CHAN",
    "MAV3_RAW_CTRL",
    "MAV3_POSITION",
    "MAV3_EXTRA1",
    "MAV3_EXTRA2",
    "MAV3_EXTRA3",
    "MAV3_PARAMS",
    "MAV3_ADSB"
  ],
  "selected_count": 30,
  "set_restore": {
    "MAV1_ADSB": 0.0,
    "MAV1_EXTRA1": 0.0,
    "MAV1_EXTRA2": 0.0,
    "MAV1_EXTRA3": 0.0,
    "MAV1_EXT_STAT": 0.0,
    "MAV1_PARAMS": 0.0,
    "MAV1_POSITION": 0.0,
    "MAV1_RAW_CTRL": 0.0,
    "MAV1_RAW_SENS": 0.0,
    "MAV1_RC_CHAN": 0.0,
    "MAV2_ADSB": 0.0,
    "MAV2_EXTRA1": 0.0,
    "MAV2_EXTRA2": 0.0,
    "MAV2_EXTRA3": 0.0,
    "MAV2_EXT_STAT": 0.0,
    "MAV2_PARAMS": 0.0,
    "MAV2_POSITION": 0.0,
    "MAV2_RAW_CTRL": 0.0,
    "MAV2_RAW_SENS": 0.0,
    "MAV2_RC_CHAN": 0.0,
    "MAV3_ADSB": 0.0,
    "MAV3_EXTRA1": 0.0,
    "MAV3_EXTRA2": 0.0,
    "MAV3_EXTRA3": 0.0,
    "MAV3_EXT_STAT": 0.0,
    "MAV3_PARAMS": 0.0,
    "MAV3_POSITION": 0.0,
    "MAV3_RAW_CTRL": 0.0,
    "MAV3_RAW_SENS": 0.0,
    "MAV3_RC_CHAN": 0.0
  },
  "set_test": {
    "MAV1_ADSB": 1.0,
    "MAV1_EXTRA1": 1.0,
    "MAV1_EXTRA2": 1.0,
    "MAV1_EXTRA3": 1.0,
    "MAV1_EXT_STAT": 1.0,
    "MAV1_PARAMS": 1.0,
    "MAV1_POSITION": 1.0,
    "MAV1_RAW_CTRL": 1.0,
    "MAV1_RAW_SENS": 1.0,
    "MAV1_RC_CHAN": 1.0,
    "MAV2_ADSB": 1.0,
    "MAV2_EXTRA1": 1.0,
    "MAV2_EXTRA2": 1.0,
    "MAV2_EXTRA3": 1.0,
    "MAV2_EXT_STAT": 1.0,
    "MAV2_PARAMS": 1.0,
    "MAV2_POSITION": 1.0,
    "MAV2_RAW_CTRL": 1.0,
    "MAV2_RAW_SENS": 1.0,
    "MAV2_RC_CHAN": 1.0,
    "MAV3_ADSB": 1.0,
    "MAV3_EXTRA1": 1.0,
    "MAV3_EXTRA2": 1.0,
    "MAV3_EXTRA3": 1.0,
    "MAV3_EXT_STAT": 1.0,
    "MAV3_PARAMS": 1.0,
    "MAV3_POSITION": 1.0,
    "MAV3_RAW_CTRL": 1.0,
    "MAV3_RAW_SENS": 1.0,
    "MAV3_RC_CHAN": 1.0
  },
  "steps": [
    {
      "log": "results/master_launch/ml_20260607_175444_param_queue_upper_realign/param_sequence_persist_gate_20260607_182716/reset_after_sequence_set.log",
      "reset_after_sequence_set_rc": 0
    },
    {
      "log": "results/master_launch/ml_20260607_175444_param_queue_upper_realign/param_sequence_persist_gate_20260607_182716/reset_after_sequence_restore.log",
      "reset_after_sequence_restore_rc": 0
    }
  ],
  "test_values": {
    "MAV1_ADSB": 1.0,
    "MAV1_EXTRA1": 1.0,
    "MAV1_EXTRA2": 1.0,
    "MAV1_EXTRA3": 1.0,
    "MAV1_EXT_STAT": 1.0,
    "MAV1_PARAMS": 1.0,
    "MAV1_POSITION": 1.0,
    "MAV1_RAW_CTRL": 1.0,
    "MAV1_RAW_SENS": 1.0,
    "MAV1_RC_CHAN": 1.0,
    "MAV2_ADSB": 1.0,
    "MAV2_EXTRA1": 1.0,
    "MAV2_EXTRA2": 1.0,
    "MAV2_EXTRA3": 1.0,
    "MAV2_EXT_STAT": 1.0,
    "MAV2_PARAMS": 1.0,
    "MAV2_POSITION": 1.0,
    "MAV2_RAW_CTRL": 1.0,
    "MAV2_RAW_SENS": 1.0,
    "MAV2_RC_CHAN": 1.0,
    "MAV3_ADSB": 1.0,
    "MAV3_EXTRA1": 1.0,
    "MAV3_EXTRA2": 1.0,
    "MAV3_EXTRA3": 1.0,
    "MAV3_EXT_STAT": 1.0,
    "MAV3_PARAMS": 1.0,
    "MAV3_POSITION": 1.0,
    "MAV3_RAW_CTRL": 1.0,
    "MAV3_RAW_SENS": 1.0,
    "MAV3_RC_CHAN": 1.0
  },
  "timestamp_utc": "2026-06-07T10:27:16.686727+00:00",
  "verdict": "GREEN"
}
