fast_green_gate run 1/1 port=/dev/serial/by-id/usb-APM_CUAV_V5_CDC_1_00001-if00
GREEN reason=ok counts={'HEARTBEAT': 30, 'RAW_IMU': 116, 'ATTITUDE': 116, 'EKF_STATUS_REPORT': 115, 'SCALED_PRESSURE': 116}
{
  "baro_hpa": 1006.53,
  "counts": {
    "ATTITUDE": 116,
    "EKF_STATUS_REPORT": 115,
    "HEARTBEAT": 30,
    "RAW_IMU": 116,
    "SCALED_PRESSURE": 116
  },
  "ekf_flags": "0xa7",
  "firmware_hint": "flight_sw_version=0x04070000",
  "json_path": "/data/firmare/pogo-apm/results/validation/fast_green/20260607T130217Z.json",
  "max_silence": 1.214,
  "port": "/dev/serial/by-id/usb-APM_CUAV_V5_CDC_1_00001-if00",
  "reason": "ok",
  "sample_seconds": 30.0,
  "settle_seconds": 0.16,
  "timestamp_utc": "2026-06-07T13:02:17.219088+00:00",
  "verdict": "GREEN",
  "zacc_mg": -1016
}
