{
  "after_reconnect": {
    "entries": [
      {
        "component": 0,
        "id": 0,
        "last_log_num": 0,
        "num_logs": 0,
        "size": 0,
        "time_utc": 0
      },
      {
        "component": 1,
        "id": 0,
        "last_log_num": 0,
        "num_logs": 0,
        "size": 0,
        "time_utc": 0
      },
      {
        "component": 0,
        "id": 0,
        "last_log_num": 0,
        "num_logs": 0,
        "size": 0,
        "time_utc": 0
      },
      {
        "component": 191,
        "id": 0,
        "last_log_num": 0,
        "num_logs": 0,
        "size": 0,
        "time_utc": 0
      }
    ],
    "texts": []
  },
  "after_reconnect_param": 1.0,
  "backend": 1.0,
  "initial": {
    "entries": [
      {
        "component": 0,
        "id": 0,
        "last_log_num": 0,
        "num_logs": 0,
        "size": 0,
        "time_utc": 0
      },
      {
        "component": 1,
        "id": 0,
        "last_log_num": 0,
        "num_logs": 0,
        "size": 0,
        "time_utc": 0
      },
      {
        "component": 0,
        "id": 0,
        "last_log_num": 0,
        "num_logs": 0,
        "size": 0,
        "time_utc": 0
      },
      {
        "component": 191,
        "id": 0,
        "last_log_num": 0,
        "num_logs": 0,
        "size": 0,
        "time_utc": 0
      }
    ],
    "texts": []
  },
  "original": 0.0,
  "reason": "no_nonzero_log",
  "restore_readback": 0.0,
  "steps": [
    {
      "set_create": 1.0
    },
    {
      "set_restore": 0.0
    }
  ],
  "verdict": "RED"
}
