0x0800ea30 in __udivmoddi4 ()
pc             0x800ea30           0x800ea30 <__udivmoddi4+8>
lr             0x800e98d           134277517
sp             0x2003102c          0x2003102c
#0  0x0800ea30 in __udivmoddi4 ()
#1  0x0800e98c in __aeabi_uldivmod ()
#2  0x08090b6c in RTT::Util::get_micros64 (this=<optimized out>) at /data/firmare/pogo-apm/libraries/AP_HAL_RTT/Util.cpp:72
#3  0x08091e72 in AP_HAL::micros () at /data/firmare/pogo-apm/libraries/AP_HAL_RTT/system.cpp:67
#4  0x08055234 in GCS_MAVLINK::update_receive (this=0x2004f2c8, max_time_us=0) at /data/firmare/pogo-apm/libraries/GCS_MAVLink/GCS_Common.cpp:1925
#5  0x00000000 in ?? ()

-- fault status --
0xe000ed28: 00000000 00000000 0000000b 00000000

-- core markers --
0x200002fc: 11111111 00000011 12345678 00000009
0x20019c18: 0001420f 00000e40 000001f8 00000020

-- uart drain counters --
0x20019c60: 000083b1 00000554 000002a3 000002fe 0000ec74 0000ec74 0000ec74 0000ec74

-- cherryusb counters D40 --
0x2001aba0: c41e0001 0000004c 00000001 000000be 00000000 00000001 00000000 00000001
0x2001abc0: 000000be 00000000 0000004c 0000004c 80488040 00000080 00080000 00000010
0x2001abe0: 00000068 00000000 00000002 00000020 0000008c 00000000 0000000c 00000000
0x2001ac00: 0000000c 0000008c 00000001 0000022b 0000030f 00000148 00000000 0000010b
0x2001ac20: 00000002

-- dwc2 ep1 counters extended D40 --
0x2001bbd0: 0000002e 0000004c 0005000b 80488040 00000001 00080040 00000002 00000000
0x2001bbf0: 800c3810 00000080 00000081 00000080 00000157 00000040 0000010b 0000010b
0x2001bc10: 00000000 80488040 00000080 00080040 00000020 00000040 00000010 00000040
0x2001bc30: 0000010b 00000000 00000040 80488040 00000080 00080000 00000010 0000010b
0x2001bc50: 0000010b 00002b04 00000000 0000004c 00000176 00040000 00000002 0000020e
0x2001bc70: 3a3089b7 b8e89d94

-- otg fs global/device regs --
0x50000014: 44808428 800c3810
0x50000810: 00000001 00000009 00000000 0005000b
0x50000920: 80488040 00000000 00000080 00000000 00080000
[Inferior 1 (Remote target) detached]
