0x080aefac in AP_DAL_GPS::start_frame (this=this@entry=0x200316bc) at /data/firmare/pogo-apm/libraries/AP_DAL/AP_DAL_GPS.cpp:28
28	        const log_RGPJ old_RGPJ = RGPJ;
pc             0x80aefac           0x80aefac <AP_DAL_GPS::start_frame()+124>
lr             0x802e27d           134406781
sp             0x2003105c          0x2003105c
#0  0x080aefac in AP_DAL_GPS::start_frame (this=this@entry=0x200316bc) at /data/firmare/pogo-apm/libraries/AP_DAL/AP_DAL_GPS.cpp:28
#1  0x080ae5ae in AP_DAL::start_frame (this=0x200314e8, frametype=frametype@entry=AP_DAL::FrameType::UpdateFilterEKF3) at /data/firmare/pogo-apm/libraries/AP_DAL/AP_DAL.cpp:90
#2  0x080424a2 in NavEKF3::UpdateFilter (this=0x20006c88 <copter+6008>) at /data/firmare/pogo-apm/libraries/AP_NavEKF3/AP_NavEKF3.cpp:912
#3  0x00000000 in ?? ()

-- fault status --
0xe000ed28: 00000000 00000000 0000000b 00000000

-- core markers --
0x200002fc: 11111111 0000001b 12345678 00000003
0x20019c18: 0001fc79 00001ba4 000001f8 00000020

-- uart drain counters --
0x20019c60: 00020c46 00005323 000009e3 00004b6f 00010e8b 00010e8b 00010e8b 00010e8b

-- cherryusb counters D40 --
0x2001aba0: c41e0001 00000480 00000001 00000342 00000000 00000001 00000000 00000001
0x2001abc0: 00000342 00000000 00000480 00000480 80488040 00000080 00080000 0000001a
0x2001abe0: 00000065 00000000 00000002 00000000 0000008e 00000000 00000008 00000000
0x2001ac00: 00000008 0000008e 00000000 00000f89 00004de6 000007c7 00000000 000007c2
0x2001ac20: 00000002

-- dwc2 ep1 counters extended D40 --
0x2001bbd0: 0000001f 00000480 0005000b 80488040 00000001 00080015 00000002 00000000
0x2001bbf0: 800c3810 00000080 00000081 00000080 00000c42 00000015 000007c2 000007c2
0x2001bc10: 00000000 80488040 00000080 00080015 00000020 00000015 00000006 00000015
0x2001bc30: 000007c2 00000000 00000015 80488040 00000080 00080000 0000001a 000007c2
0x2001bc50: 000007c2 000189f8 00000000 00000480 00000c61 00040000 00000002 00000ced
0x2001bc70: 3acec9ca b985c0a1

-- otg fs global/device regs --
0x50000014: 44808428 800c3810
0x50000810: 00000001 00000009 00000000 0005000b
0x50000920: 004a8040 00000000 000000c0 00000000 00080000
[Inferior 1 (Remote target) detached]
