fast_green_gate run 1/1 port=/dev/serial/by-id/usb-APM_CUAV_V5_CDC_1_00001-if00
GREEN reason=ok counts={'HEARTBEAT': 30, 'RAW_IMU': 131, 'ATTITUDE': 131, 'EKF_STATUS_REPORT': 132, 'SCALED_PRESSURE': 132}
{
  "baro_hpa": 1003.58,
  "counts": {
    "ATTITUDE": 131,
    "EKF_STATUS_REPORT": 132,
    "HEARTBEAT": 30,
    "RAW_IMU": 131,
    "SCALED_PRESSURE": 132
  },
  "ekf_flags": "0xa7",
  "firmware_hint": "flight_sw_version=0x04070000",
  "json_path": "/data/firmare/pogo-apm/results/validation/fast_green/20260607T062159Z.json",
  "max_silence": 1.463,
  "port": "/dev/serial/by-id/usb-APM_CUAV_V5_CDC_1_00001-if00",
  "reason": "ok",
  "sample_seconds": 30.0,
  "settle_seconds": 0.53,
  "timestamp_utc": "2026-06-07T06:21:59.110921+00:00",
  "verdict": "GREEN",
  "zacc_mg": -1017
}
