fast_green_gate run 1/1 port=/dev/serial/by-id/usb-APM_CUAV_V5_CDC_1_00001-if00
GREEN reason=ok counts={'HEARTBEAT': 30, 'RAW_IMU': 151, 'ATTITUDE': 151, 'EKF_STATUS_REPORT': 151, 'SCALED_PRESSURE': 151}
{
  "baro_hpa": 1003.7,
  "counts": {
    "ATTITUDE": 151,
    "EKF_STATUS_REPORT": 151,
    "HEARTBEAT": 30,
    "RAW_IMU": 151,
    "SCALED_PRESSURE": 151
  },
  "ekf_flags": "0xa7",
  "firmware_hint": "flight_sw_version=0x04070000",
  "json_path": "/data/firmare/pogo-apm/results/validation/fast_green/20260607T063437Z.json",
  "max_silence": 1.395,
  "port": "/dev/serial/by-id/usb-APM_CUAV_V5_CDC_1_00001-if00",
  "reason": "ok",
  "sample_seconds": 30.0,
  "settle_seconds": 0.62,
  "timestamp_utc": "2026-06-07T06:34:37.608431+00:00",
  "verdict": "GREEN",
  "zacc_mg": -1017
}
