Reading symbols from build/rtt_deploy/cuav_v5/rt-thread.elf...
Remote debugging using :3333
0x08102b2a in rt_list_remove (n=<optimized out>)
    at /data/firmare/pogo-apm/modules/rt-thread/include/rtservice.h:91
91	    n->next->prev = n->prev;
pc             0x8102b2a           0x8102b2a <rt_sched_remove_thread+30>
msp            0x20004000          0x20004000 <storageDriver>
psp            0x2005484c          0x2005484c
lr             0x8102b23           135277347
0xe000ed28:	0x00000000	0x00000000	0x00000000	0x00000000
0xe000ed2c:	0x00000000
#0  0x08102b2a in rt_list_remove (n=<optimized out>)
    at /data/firmare/pogo-apm/modules/rt-thread/include/rtservice.h:91
#1  rt_sched_remove_thread (thread=0x20052808)
    at /data/firmare/pogo-apm/modules/rt-thread/src/scheduler_up.c:556
#2  0x0810321e in rt_thread_suspend_to_list (thread=thread@entry=0x20052808,
    susp_list=susp_list@entry=0x0, ipc_flags=ipc_flags@entry=0,
    suspend_flag=suspend_flag@entry=0)
    at /data/firmare/pogo-apm/modules/rt-thread/src/thread.c:1010
#3  0x0810327a in rt_thread_suspend_with_flag (
    thread=thread@entry=0x20052808, suspend_flag=suspend_flag@entry=0)
    at /data/firmare/pogo-apm/modules/rt-thread/src/thread.c:1050
#4  0x0810330e in _thread_sleep (tick=<optimized out>)
    at /data/firmare/pogo-apm/modules/rt-thread/src/thread.c:668
#5  0x00000000 in ?? ()
Detaching from program: /data/firmare/pogo-apm/build/rtt_deploy/cuav_v5/rt-thread.elf, Remote target
[Inferior 1 (Remote target) detached]
