Archive member included to satisfy reference by file (symbol)

/opt/gcc-arm-none-eabi-10-2020-q4-major/bin/../lib/gcc/arm-none-eabi/10.2.1/../../../../arm-none-eabi/lib/thumb/v7e-m+dp/hard/libc.a(lib_a-atoi.o)
                              build/kernel/components/drivers/pin/dev_pin.o (atoi)
/opt/gcc-arm-none-eabi-10-2020-q4-major/bin/../lib/gcc/arm-none-eabi/10.2.1/../../../../arm-none-eabi/lib/thumb/v7e-m+dp/hard/libc.a(lib_a-ctype_.o)
                              build/kernel/components/libc/compilers/common/cstring.o (_ctype_)
/opt/gcc-arm-none-eabi-10-2020-q4-major/bin/../lib/gcc/arm-none-eabi/10.2.1/../../../../arm-none-eabi/lib/thumb/v7e-m+dp/hard/libc.a(lib_a-exit.o)
                              /opt/gcc-arm-none-eabi-10-2020-q4-major/bin/../lib/gcc/arm-none-eabi/10.2.1/../../../../arm-none-eabi/lib/thumb/v7e-m+dp/hard/crt0.o (exit)
/opt/gcc-arm-none-eabi-10-2020-q4-major/bin/../lib/gcc/arm-none-eabi/10.2.1/../../../../arm-none-eabi/lib/thumb/v7e-m+dp/hard/libc.a(lib_a-impure.o)
                              /opt/gcc-arm-none-eabi-10-2020-q4-major/bin/../lib/gcc/arm-none-eabi/10.2.1/../../../../arm-none-eabi/lib/thumb/v7e-m+dp/hard/libc.a(lib_a-exit.o) (_global_impure_ptr)
/opt/gcc-arm-none-eabi-10-2020-q4-major/bin/../lib/gcc/arm-none-eabi/10.2.1/../../../../arm-none-eabi/lib/thumb/v7e-m+dp/hard/libc.a(lib_a-malloc.o)
                              build/kernel/components/libc/compilers/common/cstring.o (malloc)
/opt/gcc-arm-none-eabi-10-2020-q4-major/bin/../lib/gcc/arm-none-eabi/10.2.1/../../../../arm-none-eabi/lib/thumb/v7e-m+dp/hard/libc.a(lib_a-memset.o)
                              /opt/gcc-arm-none-eabi-10-2020-q4-major/bin/../lib/gcc/arm-none-eabi/10.2.1/../../../../arm-none-eabi/lib/thumb/v7e-m+dp/hard/crt0.o (memset)
/opt/gcc-arm-none-eabi-10-2020-q4-major/bin/../lib/gcc/arm-none-eabi/10.2.1/../../../../arm-none-eabi/lib/thumb/v7e-m+dp/hard/libc.a(lib_a-snprintf.o)
                              build/kernel/components/drivers/usb/cherryusb/platform/rtthread/usbd_serial.o (snprintf)
/opt/gcc-arm-none-eabi-10-2020-q4-major/bin/../lib/gcc/arm-none-eabi/10.2.1/../../../../arm-none-eabi/lib/thumb/v7e-m+dp/hard/libc.a(lib_a-strchr.o)
                              build/kernel/components/libc/compilers/common/cstring.o (strchr)
/opt/gcc-arm-none-eabi-10-2020-q4-major/bin/../lib/gcc/arm-none-eabi/10.2.1/../../../../arm-none-eabi/lib/thumb/v7e-m+dp/hard/libc.a(lib_a-strcmp.o)
                              build/kernel/components/dfs/dfs_v1/src/dfs.o (strcmp)
/opt/gcc-arm-none-eabi-10-2020-q4-major/bin/../lib/gcc/arm-none-eabi/10.2.1/../../../../arm-none-eabi/lib/thumb/v7e-m+dp/hard/libc.a(lib_a-strcpy.o)
                              build/kernel/components/libc/compilers/common/cstring.o (strcpy)
/opt/gcc-arm-none-eabi-10-2020-q4-major/bin/../lib/gcc/arm-none-eabi/10.2.1/../../../../arm-none-eabi/lib/thumb/v7e-m+dp/hard/libc.a(lib_a-strlen.o)
                              build/kernel/components/drivers/usb/cherryusb/core/usbd_core.o (strlen)
/opt/gcc-arm-none-eabi-10-2020-q4-major/bin/../lib/gcc/arm-none-eabi/10.2.1/../../../../arm-none-eabi/lib/thumb/v7e-m+dp/hard/libc.a(lib_a-strncmp.o)
                              build/kernel/components/dfs/dfs_v1/src/dfs_fs.o (strncmp)
/opt/gcc-arm-none-eabi-10-2020-q4-major/bin/../lib/gcc/arm-none-eabi/10.2.1/../../../../arm-none-eabi/lib/thumb/v7e-m+dp/hard/libc.a(lib_a-strrchr.o)
                              build/kernel/components/libc/compilers/common/cstring.o (strrchr)
/opt/gcc-arm-none-eabi-10-2020-q4-major/bin/../lib/gcc/arm-none-eabi/10.2.1/../../../../arm-none-eabi/lib/thumb/v7e-m+dp/hard/libc.a(lib_a-strtod.o)
                              build/kernel/src/klibc/rt_vsscanf.o (strtod)
/opt/gcc-arm-none-eabi-10-2020-q4-major/bin/../lib/gcc/arm-none-eabi/10.2.1/../../../../arm-none-eabi/lib/thumb/v7e-m+dp/hard/libc.a(lib_a-strtol.o)
                              /opt/gcc-arm-none-eabi-10-2020-q4-major/bin/../lib/gcc/arm-none-eabi/10.2.1/../../../../arm-none-eabi/lib/thumb/v7e-m+dp/hard/libc.a(lib_a-atoi.o) (_strtol_r)
/opt/gcc-arm-none-eabi-10-2020-q4-major/bin/../lib/gcc/arm-none-eabi/10.2.1/../../../../arm-none-eabi/lib/thumb/v7e-m+dp/hard/libc.a(lib_a-strtold.o)
                              build/kernel/src/klibc/rt_vsscanf.o (strtold)
/opt/gcc-arm-none-eabi-10-2020-q4-major/bin/../lib/gcc/arm-none-eabi/10.2.1/../../../../arm-none-eabi/lib/thumb/v7e-m+dp/hard/libc.a(lib_a-strtoll.o)
                              build/kernel/src/klibc/rt_vsscanf.o (strtoll)
/opt/gcc-arm-none-eabi-10-2020-q4-major/bin/../lib/gcc/arm-none-eabi/10.2.1/../../../../arm-none-eabi/lib/thumb/v7e-m+dp/hard/libc.a(lib_a-strtoul.o)
                              build/kernel/src/kservice.o (strtoul)
/opt/gcc-arm-none-eabi-10-2020-q4-major/bin/../lib/gcc/arm-none-eabi/10.2.1/../../../../arm-none-eabi/lib/thumb/v7e-m+dp/hard/libc.a(lib_a-strtoull.o)
                              build/kernel/src/klibc/rt_vsscanf.o (strtoull)
[...]
Memory Configuration

Name             Origin             Length             Attributes
ROM              0x0000000008008000 0x00000000001f8000 xr
RAM              0x0000000020000000 0x0000000000080000 rw
*default*        0x0000000000000000 0xffffffffffffffff

Linker script and memory map

LOAD /opt/gcc-arm-none-eabi-10-2020-q4-major/bin/../lib/gcc/arm-none-eabi/10.2.1/thumb/v7e-m+dp/hard/crti.o
LOAD /opt/gcc-arm-none-eabi-10-2020-q4-major/bin/../lib/gcc/arm-none-eabi/10.2.1/thumb/v7e-m+dp/hard/crtbegin.o
LOAD /opt/gcc-arm-none-eabi-10-2020-q4-major/bin/../lib/gcc/arm-none-eabi/10.2.1/../../../../arm-none-eabi/lib/thumb/v7e-m+dp/hard/crt0.o
LOAD /home/pix/firmare/pogo/pogo-apm/modules/rt-thread/bsp/stm32/libraries/HAL_Drivers/drivers/drv_gpio.o
LOAD /home/pix/firmare/pogo/pogo-apm/modules/rt-thread/bsp/stm32/libraries/HAL_Drivers/drivers/drv_spi.o
LOAD /home/pix/firmare/pogo/pogo-apm/modules/rt-thread/bsp/stm32/libraries/HAL_Drivers/drivers/drv_usart.o
LOAD build/libraries/HAL_Drivers/drv_common.o
LOAD build/kernel/components/drivers/usb/cherryusb/class/cdc/usbd_cdc_acm.o
LOAD build/kernel/components/drivers/usb/cherryusb/core/usbd_core.o
LOAD build/kernel/components/drivers/usb/cherryusb/demo/cdc_acm_rttchardev_template.o
LOAD build/kernel/components/drivers/usb/cherryusb/osal/usb_osal_rtthread.o
LOAD build/kernel/components/drivers/usb/cherryusb/platform/rtthread/usb_check.o
LOAD build/kernel/components/drivers/usb/cherryusb/platform/rtthread/usb_msh.o
LOAD build/kernel/components/drivers/usb/cherryusb/platform/rtthread/usbd_serial.o
LOAD build/kernel/components/drivers/usb/cherryusb/port/dwc2/usb_dc_dwc2.o
LOAD build/kernel/components/drivers/usb/cherryusb/port/dwc2/usb_glue_st.o
LOAD build/kernel/components/libc/compilers/common/cctype.o
LOAD build/kernel/components/libc/compilers/common/cstdlib.o
LOAD build/kernel/components/libc/compilers/common/cstring.o
LOAD build/kernel/components/libc/compilers/common/ctime.o
LOAD build/kernel/components/libc/compilers/common/cunistd.o
LOAD build/kernel/components/libc/compilers/common/cwchar.o
LOAD build/kernel/components/libc/compilers/newlib/syscalls.o
LOAD build/kernel/libcpu/arm/common/atomic_arm.o
LOAD build/kernel/libcpu/arm/common/div0.o
LOAD build/kernel/libcpu/arm/common/showmem.o
LOAD build/kernel/libcpu/arm/cortex-m7/context_gcc.o
LOAD build/kernel/libcpu/arm/cortex-m7/cpu_cache.o
LOAD build/kernel/libcpu/arm/cortex-m7/cpuport.o
LOAD build/kernel/src/klibc/kerrno.o
LOAD build/kernel/src/klibc/kstdio.o
LOAD build/kernel/src/klibc/kstring.o
LOAD build/kernel/src/klibc/rt_vsnprintf_tiny.o
LOAD build/kernel/src/klibc/rt_vsscanf.o
LOAD applications/main.o
LOAD board/CubeMX_Config/Src/stm32f7xx_hal_msp.o
LOAD board/board.o
LOAD board/ports/cherryusb/cherryusb.o
LOAD board/rt_board_init.o
LOAD packages/stm32f7_cmsis_driver-latest/Source/Templates/gcc/startup_stm32f767xx.o
LOAD packages/stm32f7_cmsis_driver-latest/Source/Templates/system_stm32f7xx.o
LOAD packages/stm32f7_hal_driver-latest/Src/stm32f7xx_hal.o
LOAD packages/stm32f7_hal_driver-latest/Src/stm32f7xx_hal_cec.o
LOAD packages/stm32f7_hal_driver-latest/Src/stm32f7xx_hal_cortex.o
LOAD packages/stm32f7_hal_driver-latest/Src/stm32f7xx_hal_crc.o
LOAD packages/stm32f7_hal_driver-latest/Src/stm32f7xx_hal_crc_ex.o
LOAD packages/stm32f7_hal_driver-latest/Src/stm32f7xx_hal_cryp.o
LOAD packages/stm32f7_hal_driver-latest/Src/stm32f7xx_hal_cryp_ex.o
LOAD packages/stm32f7_hal_driver-latest/Src/stm32f7xx_hal_dma.o
LOAD packages/stm32f7_hal_driver-latest/Src/stm32f7xx_hal_dma_ex.o
LOAD packages/stm32f7_hal_driver-latest/Src/stm32f7xx_hal_exti.o
LOAD packages/stm32f7_hal_driver-latest/Src/stm32f7xx_hal_gpio.o
LOAD packages/stm32f7_hal_driver-latest/Src/stm32f7xx_hal_i2c.o
LOAD packages/stm32f7_hal_driver-latest/Src/stm32f7xx_hal_i2c_ex.o
LOAD packages/stm32f7_hal_driver-latest/Src/stm32f7xx_hal_pwr.o
LOAD packages/stm32f7_hal_driver-latest/Src/stm32f7xx_hal_pwr_ex.o
LOAD packages/stm32f7_hal_driver-latest/Src/stm32f7xx_hal_qspi.o
LOAD packages/stm32f7_hal_driver-latest/Src/stm32f7xx_hal_rcc.o
LOAD packages/stm32f7_hal_driver-latest/Src/stm32f7xx_hal_rcc_ex.o
LOAD packages/stm32f7_hal_driver-latest/Src/stm32f7xx_hal_rng.o
LOAD packages/stm32f7_hal_driver-latest/Src/stm32f7xx_hal_spi.o
LOAD packages/stm32f7_hal_driver-latest/Src/stm32f7xx_hal_spi_ex.o
LOAD packages/stm32f7_hal_driver-latest/Src/stm32f7xx_hal_sram.o
LOAD packages/stm32f7_hal_driver-latest/Src/stm32f7xx_hal_uart.o
LOAD packages/stm32f7_hal_driver-latest/Src/stm32f7xx_hal_uart_ex.o
LOAD packages/stm32f7_hal_driver-latest/Src/stm32f7xx_hal_usart.o
LOAD build/kernel/components/dfs/dfs_v1/src/dfs.o
LOAD build/kernel/components/dfs/dfs_v1/src/dfs_file.o
LOAD build/kernel/components/dfs/dfs_v1/src/dfs_fs.o
LOAD build/kernel/components/dfs/dfs_v1/src/dfs_posix.o
LOAD build/kernel/components/drivers/core/device.o
LOAD build/kernel/components/drivers/i2c/dev_i2c_core.o
LOAD build/kernel/components/drivers/i2c/dev_i2c_dev.o
LOAD build/kernel/components/drivers/ipc/completion_comm.o
LOAD build/kernel/components/drivers/ipc/completion_up.o
LOAD build/kernel/components/drivers/ipc/condvar.o
LOAD build/kernel/components/drivers/ipc/dataqueue.o
LOAD build/kernel/components/drivers/ipc/pipe.o
LOAD build/kernel/components/drivers/ipc/ringblk_buf.o
LOAD build/kernel/components/drivers/ipc/ringbuffer.o
LOAD build/kernel/components/drivers/ipc/waitqueue.o
LOAD build/kernel/components/drivers/ipc/workqueue.o
LOAD build/kernel/components/drivers/pin/dev_pin.o
LOAD build/kernel/components/drivers/serial/dev_serial.o
LOAD build/kernel/components/drivers/spi/dev_spi.o
LOAD build/kernel/components/drivers/spi/dev_spi_core.o
LOAD build/kernel/components/finsh/cmd.o
LOAD build/kernel/components/finsh/msh.o
LOAD build/kernel/components/finsh/msh_file.o
LOAD build/kernel/components/finsh/msh_parse.o
LOAD build/kernel/components/finsh/shell.o
LOAD build/kernel/src/clock.o
LOAD build/kernel/src/components.o
LOAD build/kernel/src/cpu_up.o
LOAD build/kernel/src/defunct.o
LOAD build/kernel/src/idle.o
LOAD build/kernel/src/ipc.o
LOAD build/kernel/src/irq.o
LOAD build/kernel/src/kservice.o
LOAD build/kernel/src/mem.o
LOAD build/kernel/src/mempool.o
LOAD build/kernel/src/object.o
LOAD build/kernel/src/scheduler_comm.o
LOAD build/kernel/src/scheduler_up.o
LOAD build/kernel/src/thread.o
LOAD build/kernel/src/timer.o
LOAD /opt/gcc-arm-none-eabi-10-2020-q4-major/bin/../lib/gcc/arm-none-eabi/10.2.1/../../../../arm-none-eabi/lib/thumb/v7e-m+dp/hard/libc.a
LOAD /opt/gcc-arm-none-eabi-10-2020-q4-major/bin/../lib/gcc/arm-none-eabi/10.2.1/../../../../arm-none-eabi/lib/thumb/v7e-m+dp/hard/libm.a
START GROUP
LOAD /opt/gcc-arm-none-eabi-10-2020-q4-major/bin/../lib/gcc/arm-none-eabi/10.2.1/thumb/v7e-m+dp/hard/libgcc.a
LOAD /opt/gcc-arm-none-eabi-10-2020-q4-major/bin/../lib/gcc/arm-none-eabi/10.2.1/../../../../arm-none-eabi/lib/thumb/v7e-m+dp/hard/libc.a
END GROUP
LOAD /opt/gcc-arm-none-eabi-10-2020-q4-major/bin/../lib/gcc/arm-none-eabi/10.2.1/thumb/v7e-m+dp/hard/crtend.o
LOAD /opt/gcc-arm-none-eabi-10-2020-q4-major/bin/../lib/gcc/arm-none-eabi/10.2.1/thumb/v7e-m+dp/hard/crtn.o
                0x0000000000000800                _system_stack_size = 0x800

.text           0x0000000008008000    0x29d48
                0x0000000008008000                . = ALIGN (0x4)
                0x0000000008008000                _stext = .
 *(.isr_vector)
 .isr_vector    0x0000000008008000      0x1f8 packages/stm32f7_cmsis_driver-latest/Source/Templates/gcc/startup_stm32f767xx.o
                0x0000000008008000                g_pfnVectors
                0x00000000080081f8                . = ALIGN (0x4)
 *(.text)
 .text          0x00000000080081f8       0x40 /opt/gcc-arm-none-eabi-10-2020-q4-major/bin/../lib/gcc/arm-none-eabi/10.2.1/thumb/v7e-m+dp/hard/crtbegin.o
 .text          0x0000000008008238      0x22c build/kernel/libcpu/arm/cortex-m7/context_gcc.o
                0x0000000008008238                rt_hw_interrupt_disable
                0x0000000008008240                rt_hw_interrupt_enable
                0x0000000008008246                rt_hw_context_switch_interrupt
                0x0000000008008246                rt_hw_context_switch
                0x0000000008008266                PendSV_Handler
                0x0000000008008300                rt_hw_context_switch_to
                0x0000000008008360                rt_hw_interrupt_thread_switch
                0x0000000008008364                HardFault_Handler
 *fill*         0x0000000008008464       0x1c 00000000
 .text          0x0000000008008480      0x2dc /opt/gcc-arm-none-eabi-10-2020-q4-major/bin/../lib/gcc/arm-none-eabi/10.2.1/../../../../arm-none-eabi/lib/thumb/v7e-m+dp/hard/libc.a(lib_a-strcmp.o)
                0x0000000008008488                strcmp
 *fill*         0x000000000800875c       0x24 00000000
 .text          0x0000000008008780       0xdc /opt/gcc-arm-none-eabi-10-2020-q4-major/bin/../lib/gcc/arm-none-eabi/10.2.1/../../../../arm-none-eabi/lib/thumb/v7e-m+dp/hard/libc.a(lib_a-strlen.o)
                0x0000000008008780                strlen
 *fill*         0x000000000800885c        0x4 00000000
 .text          0x0000000008008860       0xa0 /opt/gcc-arm-none-eabi-10-2020-q4-major/bin/../lib/gcc/arm-none-eabi/10.2.1/../../../../arm-none-eabi/lib/thumb/v7e-m+dp/hard/libc.a(lib_a-memchr.o)
                0x0000000008008860                memchr
 .text          0x0000000008008900      0x134 /opt/gcc-arm-none-eabi-10-2020-q4-major/bin/../lib/gcc/arm-none-eabi/10.2.1/../../../../arm-none-eabi/lib/thumb/v7e-m+dp/hard/libc.a(lib_a-memcpy.o)
                0x0000000008008900                memcpy
 .text          0x0000000008008a34       0x30 /opt/gcc-arm-none-eabi-10-2020-q4-major/bin/../lib/gcc/arm-none-eabi/10.2.1/thumb/v7e-m+dp/hard/libgcc.a(_aeabi_uldivmod.o)
                0x0000000008008a34                __aeabi_uldivmod
 .text          0x0000000008008a64      0x2d0 /opt/gcc-arm-none-eabi-10-2020-q4-major/bin/../lib/gcc/arm-none-eabi/10.2.1/thumb/v7e-m+dp/hard/libgcc.a(_udivmoddi4.o)
                0x0000000008008a64                __udivmoddi4
 .text          0x0000000008008d34        0x4 /opt/gcc-arm-none-eabi-10-2020-q4-major/bin/../lib/gcc/arm-none-eabi/10.2.1/thumb/v7e-m+dp/hard/libgcc.a(_dvmd_tls.o)
                0x0000000008008d34                __aeabi_ldiv0
                0x0000000008008d34                __aeabi_idiv0
 *(.text.*)
 .text.stm32_pin_get
                0x0000000008008d38       0xbc /home/pix/firmare/pogo/pogo-apm/modules/rt-thread/bsp/stm32/libraries/HAL_Drivers/drivers/drv_gpio.o
 .text.stm32_pin_write
                0x0000000008008df4       0x58 /home/pix/firmare/pogo/pogo-apm/modules/rt-thread/bsp/stm32/libraries/HAL_Drivers/drivers/drv_gpio.o
 .text.stm32_pin_read
                0x0000000008008e4c       0x6c /home/pix/firmare/pogo/pogo-apm/modules/rt-thread/bsp/stm32/libraries/HAL_Drivers/drivers/drv_gpio.o
 .text.stm32_pin_mode
                0x0000000008008eb8       0xb0 /home/pix/firmare/pogo/pogo-apm/modules/rt-thread/bsp/stm32/libraries/HAL_Drivers/drivers/drv_gpio.o
 .text.bit2bitno
                0x0000000008008f68       0x3c /home/pix/firmare/pogo/pogo-apm/modules/rt-thread/bsp/stm32/libraries/HAL_Drivers/drivers/drv_gpio.o
 .text.get_pin_irq_map
                0x0000000008008fa4       0x34 /home/pix/firmare/pogo/pogo-apm/modules/rt-thread/bsp/stm32/libraries/HAL_Drivers/drivers/drv_gpio.o
 .text.stm32_pin_attach_irq
                0x0000000008008fd8      0x110 /home/pix/firmare/pogo/pogo-apm/modules/rt-thread/bsp/stm32/libraries/HAL_Drivers/drivers/drv_gpio.o
 .text.stm32_pin_dettach_irq
                0x00000000080090e8       0xbc /home/pix/firmare/pogo/pogo-apm/modules/rt-thread/bsp/stm32/libraries/HAL_Drivers/drivers/drv_gpio.o
 .text.stm32_pin_irq_enable
                0x00000000080091a4      0x238 /home/pix/firmare/pogo/pogo-apm/modules/rt-thread/bsp/stm32/libraries/HAL_Drivers/drivers/drv_gpio.o
 .text.pin_irq_hdr
                0x00000000080093dc       0x40 /home/pix/firmare/pogo/pogo-apm/modules/rt-thread/bsp/stm32/libraries/HAL_Drivers/drivers/drv_gpio.o
 .text.HAL_GPIO_EXTI_Callback
                0x000000000800941c       0x22 /home/pix/firmare/pogo/pogo-apm/modules/rt-thread/bsp/stm32/libraries/HAL_Drivers/drivers/drv_gpio.o
                0x000000000800941c                HAL_GPIO_EXTI_Callback
 .text.EXTI0_IRQHandler
                0x000000000800943e       0x16 /home/pix/firmare/pogo/pogo-apm/modules/rt-thread/bsp/stm32/libraries/HAL_Drivers/drivers/drv_gpio.o
                0x000000000800943e                EXTI0_IRQHandler
 .text.EXTI1_IRQHandler
                0x0000000008009454       0x16 /home/pix/firmare/pogo/pogo-apm/modules/rt-thread/bsp/stm32/libraries/HAL_Drivers/drivers/drv_gpio.o
                0x0000000008009454                EXTI1_IRQHandler
 .text.EXTI2_IRQHandler
                0x000000000800946a       0x16 /home/pix/firmare/pogo/pogo-apm/modules/rt-thread/bsp/stm32/libraries/HAL_Drivers/drivers/drv_gpio.o
                0x000000000800946a                EXTI2_IRQHandler
 .text.EXTI3_IRQHandler
                0x0000000008009480       0x16 /home/pix/firmare/pogo/pogo-apm/modules/rt-thread/bsp/stm32/libraries/HAL_Drivers/drivers/drv_gpio.o
                0x0000000008009480                EXTI3_IRQHandler
 .text.EXTI4_IRQHandler
                0x0000000008009496       0x16 /home/pix/firmare/pogo/pogo-apm/modules/rt-thread/bsp/stm32/libraries/HAL_Drivers/drivers/drv_gpio.o
                0x0000000008009496                EXTI4_IRQHandler
 .text.EXTI9_5_IRQHandler
                0x00000000080094ac       0x32 /home/pix/firmare/pogo/pogo-apm/modules/rt-thread/bsp/stm32/libraries/HAL_Drivers/drivers/drv_gpio.o
                0x00000000080094ac                EXTI9_5_IRQHandler
 .text.EXTI15_10_IRQHandler
                0x00000000080094de       0x40 /home/pix/firmare/pogo/pogo-apm/modules/rt-thread/bsp/stm32/libraries/HAL_Drivers/drivers/drv_gpio.o
                0x00000000080094de                EXTI15_10_IRQHandler
 *fill*         0x000000000800951e        0x2 00000000
 .text.rt_hw_pin_init
                0x0000000008009520      0x130 /home/pix/firmare/pogo/pogo-apm/modules/rt-thread/bsp/stm32/libraries/HAL_Drivers/drivers/drv_gpio.o
                0x0000000008009520                rt_hw_pin_init
 .text.stm32_spi_init
                0x0000000008009650      0x2c0 /home/pix/firmare/pogo/pogo-apm/modules/rt-thread/bsp/stm32/libraries/HAL_Drivers/drivers/drv_spi.o
 .text.spixfer  0x0000000008009910      0x4c0 /home/pix/firmare/pogo/pogo-apm/modules/rt-thread/bsp/stm32/libraries/HAL_Drivers/drivers/drv_spi.o
 .text.spi_configure
                0x0000000008009dd0       0x68 /home/pix/firmare/pogo/pogo-apm/modules/rt-thread/bsp/stm32/libraries/HAL_Drivers/drivers/drv_spi.o
 .text.rt_hw_spi_bus_init
                0x0000000008009e38      0x41c /home/pix/firmare/pogo/pogo-apm/modules/rt-thread/bsp/stm32/libraries/HAL_Drivers/drivers/drv_spi.o
 .text.rt_hw_spi_device_attach
                0x000000000800a254       0xb8 /home/pix/firmare/pogo/pogo-apm/modules/rt-thread/bsp/stm32/libraries/HAL_Drivers/drivers/drv_spi.o
                0x000000000800a254                rt_hw_spi_device_attach
 .text.stm32_get_dma_info
                0x000000000800a30c        0xe /home/pix/firmare/pogo/pogo-apm/modules/rt-thread/bsp/stm32/libraries/HAL_Drivers/drivers/drv_spi.o
 .text.HAL_SPI_TxRxCpltCallback
                0x000000000800a31a       0x20 /home/pix/firmare/pogo/pogo-apm/modules/rt-thread/bsp/stm32/libraries/HAL_Drivers/drivers/drv_spi.o
                0x000000000800a31a                HAL_SPI_TxRxCpltCallback
 .text.HAL_SPI_TxCpltCallback
                0x000000000800a33a       0x20 /home/pix/firmare/pogo/pogo-apm/modules/rt-thread/bsp/stm32/libraries/HAL_Drivers/drivers/drv_spi.o
                0x000000000800a33a                HAL_SPI_TxCpltCallback
 .text.HAL_SPI_RxCpltCallback
                0x000000000800a35a       0x20 /home/pix/firmare/pogo/pogo-apm/modules/rt-thread/bsp/stm32/libraries/HAL_Drivers/drivers/drv_spi.o
                0x000000000800a35a                HAL_SPI_RxCpltCallback
 .text.rt_hw_spi_init
                0x000000000800a37a       0x12 /home/pix/firmare/pogo/pogo-apm/modules/rt-thread/bsp/stm32/libraries/HAL_Drivers/drivers/drv_spi.o
                0x000000000800a37a                rt_hw_spi_init
 .text.__NVIC_DisableIRQ
                0x000000000800a38c       0x48 /home/pix/firmare/pogo/pogo-apm/modules/rt-thread/bsp/stm32/libraries/HAL_Drivers/drivers/drv_usart.o
 .text.stm32_uart_get_mask
                0x000000000800a3d4       0x6e /home/pix/firmare/pogo/pogo-apm/modules/rt-thread/bsp/stm32/libraries/HAL_Drivers/drivers/drv_usart.o
                0x000000000800a3d4                stm32_uart_get_mask
 *fill*         0x000000000800a442        0x2 00000000
 .text.stm32_configure
                0x000000000800a444      0x1c0 /home/pix/firmare/pogo/pogo-apm/modules/rt-thread/bsp/stm32/libraries/HAL_Drivers/drivers/drv_usart.o
 .text.stm32_control
                0x000000000800a604      0x210 /home/pix/firmare/pogo/pogo-apm/modules/rt-thread/bsp/stm32/libraries/HAL_Drivers/drivers/drv_usart.o
 .text.stm32_putc
                0x000000000800a814       0x78 /home/pix/firmare/pogo/pogo-apm/modules/rt-thread/bsp/stm32/libraries/HAL_Drivers/drivers/drv_usart.o
 .text.stm32_getc
                0x000000000800a88c       0x58 /home/pix/firmare/pogo/pogo-apm/modules/rt-thread/bsp/stm32/libraries/HAL_Drivers/drivers/drv_usart.o
 .text.stm32_dma_transmit
                0x000000000800a8e4       0x7c /home/pix/firmare/pogo/pogo-apm/modules/rt-thread/bsp/stm32/libraries/HAL_Drivers/drivers/drv_usart.o
 .text.dma_recv_isr
                0x000000000800a960      0x100 /home/pix/firmare/pogo/pogo-apm/modules/rt-thread/bsp/stm32/libraries/HAL_Drivers/drivers/drv_usart.o
 .text.uart_isr
                0x000000000800aa60      0x184 /home/pix/firmare/pogo/pogo-apm/modules/rt-thread/bsp/stm32/libraries/HAL_Drivers/drivers/drv_usart.o
 .text.USART3_IRQHandler
                0x000000000800abe4       0x1c /home/pix/firmare/pogo/pogo-apm/modules/rt-thread/bsp/stm32/libraries/HAL_Drivers/drivers/drv_usart.o
                0x000000000800abe4                USART3_IRQHandler
 .text.stm32_uart_get_dma_config
                0x000000000800ac00       0x1c /home/pix/firmare/pogo/pogo-apm/modules/rt-thread/bsp/stm32/libraries/HAL_Drivers/drivers/drv_usart.o
 .text.stm32_dma_config
                0x000000000800ac1c      0x204 /home/pix/firmare/pogo/pogo-apm/modules/rt-thread/bsp/stm32/libraries/HAL_Drivers/drivers/drv_usart.o
 .text.HAL_UART_ErrorCallback
                0x000000000800ae20       0x30 /home/pix/firmare/pogo/pogo-apm/modules/rt-thread/bsp/stm32/libraries/HAL_Drivers/drivers/drv_usart.o
                0x000000000800ae20                HAL_UART_ErrorCallback
 .text.HAL_UART_RxCpltCallback
                0x000000000800ae50       0x3c /home/pix/firmare/pogo/pogo-apm/modules/rt-thread/bsp/stm32/libraries/HAL_Drivers/drivers/drv_usart.o
                0x000000000800ae50                HAL_UART_RxCpltCallback
 .text.HAL_UART_RxHalfCpltCallback
                0x000000000800ae8c       0x3c /home/pix/firmare/pogo/pogo-apm/modules/rt-thread/bsp/stm32/libraries/HAL_Drivers/drivers/drv_usart.o
                0x000000000800ae8c                HAL_UART_RxHalfCpltCallback
 .text._dma_tx_complete
                0x000000000800aec8       0x58 /home/pix/firmare/pogo/pogo-apm/modules/rt-thread/bsp/stm32/libraries/HAL_Drivers/drivers/drv_usart.o
 .text.HAL_UART_TxCpltCallback
                0x000000000800af20       0x3c /home/pix/firmare/pogo/pogo-apm/modules/rt-thread/bsp/stm32/libraries/HAL_Drivers/drivers/drv_usart.o
                0x000000000800af20                HAL_UART_TxCpltCallback
 .text.rt_hw_usart_init
                0x000000000800af5c      0x104 /home/pix/firmare/pogo/pogo-apm/modules/rt-thread/bsp/stm32/libraries/HAL_Drivers/drivers/drv_usart.o
                0x000000000800af5c                rt_hw_usart_init
 .text.__NVIC_SetPriority
                0x000000000800b060       0x54 build/libraries/HAL_Drivers/drv_common.o
 .text.reboot   0x000000000800b0b4       0x18 build/libraries/HAL_Drivers/drv_common.o
 .text.rt_hw_systick_init
                0x000000000800b0cc       0x48 build/libraries/HAL_Drivers/drv_common.o
                0x000000000800b0cc                rt_hw_systick_init
 .text.SysTick_Handler
                0x000000000800b114       0x28 build/libraries/HAL_Drivers/drv_common.o
                0x000000000800b114                SysTick_Handler
 .text.HAL_GetTick
                0x000000000800b13c       0x24 build/libraries/HAL_Drivers/drv_common.o
                0x000000000800b13c                HAL_GetTick
 .text.HAL_IncTick
                0x000000000800b160       0x24 build/libraries/HAL_Drivers/drv_common.o
                0x000000000800b160                HAL_IncTick
 .text.HAL_InitTick
                0x000000000800b184       0x16 build/libraries/HAL_Drivers/drv_common.o
                0x000000000800b184                HAL_InitTick
 *fill*         0x000000000800b19a        0x2 00000000
 .text._Error_Handler
                0x000000000800b19c       0x30 build/libraries/HAL_Drivers/drv_common.o
                0x000000000800b19c                _Error_Handler
 .text.dword2array
                0x000000000800b1cc       0x42 build/kernel/components/drivers/usb/cherryusb/class/cdc/usbd_cdc_acm.o
 .text.usb_memcpy
                0x000000000800b20e      0x1c2 build/kernel/components/drivers/usb/cherryusb/class/cdc/usbd_cdc_acm.o
 .text.cdc_acm_class_interface_request_handler
                0x000000000800b3d0      0x108 build/kernel/components/drivers/usb/cherryusb/class/cdc/usbd_cdc_acm.o
 .text.usbd_cdc_acm_init_intf
                0x000000000800b4d8       0x38 build/kernel/components/drivers/usb/cherryusb/class/cdc/usbd_cdc_acm.o
                0x000000000800b4d8                usbd_cdc_acm_init_intf
 .text.usbd_cdc_acm_set_line_coding
                0x000000000800b510       0x1c build/kernel/components/drivers/usb/cherryusb/class/cdc/usbd_cdc_acm.o
                0x000000000800b510                usbd_cdc_acm_set_line_coding
 .text.usbd_cdc_acm_get_line_coding
                0x000000000800b52c       0x4c build/kernel/components/drivers/usb/cherryusb/class/cdc/usbd_cdc_acm.o
                0x000000000800b52c                usbd_cdc_acm_get_line_coding
 .text.usbd_cdc_acm_set_dtr
                0x000000000800b578       0x1e build/kernel/components/drivers/usb/cherryusb/class/cdc/usbd_cdc_acm.o
                0x000000000800b578                usbd_cdc_acm_set_dtr
 .text.usbd_cdc_acm_set_rts
                0x000000000800b596       0x1e build/kernel/components/drivers/usb/cherryusb/class/cdc/usbd_cdc_acm.o
                0x000000000800b596                usbd_cdc_acm_set_rts
 .text.usbd_cdc_acm_send_break
                0x000000000800b5b4       0x1c build/kernel/components/drivers/usb/cherryusb/class/cdc/usbd_cdc_acm.o
                0x000000000800b5b4                usbd_cdc_acm_send_break
 .text.dword2array
                0x000000000800b5d0       0x42 build/kernel/components/drivers/usb/cherryusb/core/usbd_core.o
 .text.usb_memcpy
                0x000000000800b612      0x1c2 build/kernel/components/drivers/usb/cherryusb/core/usbd_core.o
 .text.usbd_print_setup
                0x000000000800b7d4       0x58 build/kernel/components/drivers/usb/cherryusb/core/usbd_core.o
 .text.is_device_configured
                0x000000000800b82c       0x38 build/kernel/components/drivers/usb/cherryusb/core/usbd_core.o
 .text.usbd_set_endpoint
                0x000000000800b864      0x11c build/kernel/components/drivers/usb/cherryusb/core/usbd_core.o
 .text.usbd_reset_endpoint
                0x000000000800b980       0x2e build/kernel/components/drivers/usb/cherryusb/core/usbd_core.o
 *fill*         0x000000000800b9ae        0x2 00000000
 .text.usbd_get_descriptor
                0x000000000800b9b0      0x488 build/kernel/components/drivers/usb/cherryusb/core/usbd_core.o
 .text.usbd_set_configuration
                0x000000000800be38      0x10c build/kernel/components/drivers/usb/cherryusb/core/usbd_core.o
 .text.usbd_set_interface
                0x000000000800bf44      0x140 build/kernel/components/drivers/usb/cherryusb/core/usbd_core.o
 .text.usbd_std_device_req_handler
                0x000000000800c084      0x274 build/kernel/components/drivers/usb/cherryusb/core/usbd_core.o
 .text.usbd_std_interface_req_handler
                0x000000000800c2f8      0x268 build/kernel/components/drivers/usb/cherryusb/core/usbd_core.o
 .text.usbd_std_endpoint_req_handler
                0x000000000800c560      0x14c build/kernel/components/drivers/usb/cherryusb/core/usbd_core.o
 .text.usbd_standard_request_handler
                0x000000000800c6ac       0xaa build/kernel/components/drivers/usb/cherryusb/core/usbd_core.o
 *fill*         0x000000000800c756        0x2 00000000
 .text.usbd_class_request_handler
                0x000000000800c758      0x108 build/kernel/components/drivers/usb/cherryusb/core/usbd_core.o
 .text.usbd_vendor_request_handler
                0x000000000800c860      0x368 build/kernel/components/drivers/usb/cherryusb/core/usbd_core.o
 .text.usbd_setup_request_handler
                0x000000000800cbc8       0xf8 build/kernel/components/drivers/usb/cherryusb/core/usbd_core.o
 .text.usbd_class_event_notify_handler
                0x000000000800ccc0       0xa8 build/kernel/components/drivers/usb/cherryusb/core/usbd_core.o
 .text.usbd_event_resume_handler
                0x000000000800cd68       0x48 build/kernel/components/drivers/usb/cherryusb/core/usbd_core.o
                0x000000000800cd68                usbd_event_resume_handler
 .text.usbd_event_suspend_handler
                0x000000000800cdb0       0x60 build/kernel/components/drivers/usb/cherryusb/core/usbd_core.o
                0x000000000800cdb0                usbd_event_suspend_handler
 .text.usbd_event_reset_handler
                0x000000000800ce10      0x168 build/kernel/components/drivers/usb/cherryusb/core/usbd_core.o
                0x000000000800ce10                usbd_event_reset_handler
 .text.__usbd_event_ep0_setup_complete_handler
                0x000000000800cf78      0x2ec build/kernel/components/drivers/usb/cherryusb/core/usbd_core.o
 .text.usbd_event_ep0_setup_complete_handler
                0x000000000800d264       0x3c build/kernel/components/drivers/usb/cherryusb/core/usbd_core.o
                0x000000000800d264                usbd_event_ep0_setup_complete_handler
 .text.usbd_event_ep0_in_complete_handler
                0x000000000800d2a0      0x160 build/kernel/components/drivers/usb/cherryusb/core/usbd_core.o
 .text.usbd_event_ep0_out_complete_handler
                0x000000000800d400      0x17c build/kernel/components/drivers/usb/cherryusb/core/usbd_core.o
 .text.usbd_event_ep_in_complete_handler
                0x000000000800d57c       0x74 build/kernel/components/drivers/usb/cherryusb/core/usbd_core.o
                0x000000000800d57c                usbd_event_ep_in_complete_handler
 .text.usbd_event_ep_out_complete_handler
                0x000000000800d5f0       0x74 build/kernel/components/drivers/usb/cherryusb/core/usbd_core.o
                0x000000000800d5f0                usbd_event_ep_out_complete_handler
 .text.usbd_desc_register
                0x000000000800d664       0xbc build/kernel/components/drivers/usb/cherryusb/core/usbd_core.o
                0x000000000800d664                usbd_desc_register
 .text.usbd_add_interface
                0x000000000800d720       0x8c build/kernel/components/drivers/usb/cherryusb/core/usbd_core.o
                0x000000000800d720                usbd_add_interface
 .text.usbd_add_endpoint
                0x000000000800d7ac       0xdc build/kernel/components/drivers/usb/cherryusb/core/usbd_core.o
                0x000000000800d7ac                usbd_add_endpoint
 .text.usbd_get_ep_mps
                0x000000000800d888       0x78 build/kernel/components/drivers/usb/cherryusb/core/usbd_core.o
                0x000000000800d888                usbd_get_ep_mps
 .text.usbd_get_ep_mult
                0x000000000800d900       0x78 build/kernel/components/drivers/usb/cherryusb/core/usbd_core.o
                0x000000000800d900                usbd_get_ep_mult
 .text.usb_device_is_configured
                0x000000000800d978       0x38 build/kernel/components/drivers/usb/cherryusb/core/usbd_core.o
                0x000000000800d978                usb_device_is_configured
 .text.usbd_get_ep0_next_state
                0x000000000800d9b0       0x30 build/kernel/components/drivers/usb/cherryusb/core/usbd_core.o
                0x000000000800d9b0                usbd_get_ep0_next_state
 .text.usbd_initialize
                0x000000000800d9e0       0xc4 build/kernel/components/drivers/usb/cherryusb/core/usbd_core.o
                0x000000000800d9e0                usbd_initialize
 .text.device_descriptor_callback
                0x000000000800daa4       0x2c build/kernel/components/drivers/usb/cherryusb/demo/cdc_acm_rttchardev_template.o
 .text.config_descriptor_callback
                0x000000000800dad0       0x2c build/kernel/components/drivers/usb/cherryusb/demo/cdc_acm_rttchardev_template.o
 .text.device_quality_descriptor_callback
                0x000000000800dafc       0x1c build/kernel/components/drivers/usb/cherryusb/demo/cdc_acm_rttchardev_template.o
 .text.string_descriptor_callback
                0x000000000800db18       0x4c build/kernel/components/drivers/usb/cherryusb/demo/cdc_acm_rttchardev_template.o
 .text.usbd_event_handler
                0x000000000800db64       0x88 build/kernel/components/drivers/usb/cherryusb/demo/cdc_acm_rttchardev_template.o
 .text.cdc_acm_chardev_init
                0x000000000800dbec       0x40 build/kernel/components/drivers/usb/cherryusb/demo/cdc_acm_rttchardev_template.o
                0x000000000800dbec                cdc_acm_chardev_init
 .text.cdc_acm_enter
                0x000000000800dc2c       0x24 build/kernel/components/drivers/usb/cherryusb/demo/cdc_acm_rttchardev_template.o
 .text.cdc_acm_exit
                0x000000000800dc50       0x24 build/kernel/components/drivers/usb/cherryusb/demo/cdc_acm_rttchardev_template.o
 .text.usb_osal_sem_create
                0x000000000800dc74       0x48 build/kernel/components/drivers/usb/cherryusb/osal/usb_osal_rtthread.o
                0x000000000800dc74                usb_osal_sem_create
 .text.usb_osal_sem_take
                0x000000000800dcbc       0x6a build/kernel/components/drivers/usb/cherryusb/osal/usb_osal_rtthread.o
                0x000000000800dcbc                usb_osal_sem_take
 .text.usb_osal_sem_give
                0x000000000800dd26       0x18 build/kernel/components/drivers/usb/cherryusb/osal/usb_osal_rtthread.o
                0x000000000800dd26                usb_osal_sem_give
 .text.usb_osal_sem_reset
                0x000000000800dd3e       0x1a build/kernel/components/drivers/usb/cherryusb/osal/usb_osal_rtthread.o
                0x000000000800dd3e                usb_osal_sem_reset
 .text.dword2array
                0x000000000800dd58       0x42 build/kernel/components/drivers/usb/cherryusb/platform/rtthread/usbd_serial.o
 .text.usb_memcpy
                0x000000000800dd9a      0x1c2 build/kernel/components/drivers/usb/cherryusb/platform/rtthread/usbd_serial.o
 .text.usbd_serial_alloc
                0x000000000800df5c       0x8c build/kernel/components/drivers/usb/cherryusb/platform/rtthread/usbd_serial.o
 .text.usbd_serial_free
                0x000000000800dfe8       0x44 build/kernel/components/drivers/usb/cherryusb/platform/rtthread/usbd_serial.o
 .text.usbd_serial_open
                0x000000000800e02c       0x90 build/kernel/components/drivers/usb/cherryusb/platform/rtthread/usbd_serial.o
 .text.usbd_serial_read
                0x000000000800e0bc       0x60 build/kernel/components/drivers/usb/cherryusb/platform/rtthread/usbd_serial.o
 .text.usbd_serial_write
                0x000000000800e11c       0xfc build/kernel/components/drivers/usb/cherryusb/platform/rtthread/usbd_serial.o
 .text.usbd_serial_register
                0x000000000800e218       0xa0 build/kernel/components/drivers/usb/cherryusb/platform/rtthread/usbd_serial.o
                0x000000000800e218                usbd_serial_register
 .text.usbd_cdc_acm_bulk_out
                0x000000000800e2b8       0xbc build/kernel/components/drivers/usb/cherryusb/platform/rtthread/usbd_serial.o
                0x000000000800e2b8                usbd_cdc_acm_bulk_out
 .text.usbd_cdc_acm_bulk_in
                0x000000000800e374       0x98 build/kernel/components/drivers/usb/cherryusb/platform/rtthread/usbd_serial.o
                0x000000000800e374                usbd_cdc_acm_bulk_in
 .text.usbd_cdc_acm_serial_init
                0x000000000800e40c      0x124 build/kernel/components/drivers/usb/cherryusb/platform/rtthread/usbd_serial.o
                0x000000000800e40c                usbd_cdc_acm_serial_init
 .text.dwc2_get_hwparams
                0x000000000800e530      0x2ba build/kernel/components/drivers/usb/cherryusb/port/dwc2/usb_dc_dwc2.o
 *fill*         0x000000000800e7ea        0x2 00000000
 .text.dwc2_reset
                0x000000000800e7ec      0x140 build/kernel/components/drivers/usb/cherryusb/port/dwc2/usb_dc_dwc2.o
 .text.dwc2_core_init
                0x000000000800e92c       0xfc build/kernel/components/drivers/usb/cherryusb/port/dwc2/usb_dc_dwc2.o
 .text.dwc2_set_mode
                0x000000000800ea28       0xa4 build/kernel/components/drivers/usb/cherryusb/port/dwc2/usb_dc_dwc2.o
 .text.dwc2_flush_rxfifo
                0x000000000800eacc       0x80 build/kernel/components/drivers/usb/cherryusb/port/dwc2/usb_dc_dwc2.o
 .text.dwc2_flush_txfifo
                0x000000000800eb4c       0x88 build/kernel/components/drivers/usb/cherryusb/port/dwc2/usb_dc_dwc2.o
 .text.dwc2_set_turnaroundtime
                0x000000000800ebd4      0x170 build/kernel/components/drivers/usb/cherryusb/port/dwc2/usb_dc_dwc2.o
 .text.dwc2_set_txfifo
                0x000000000800ed44       0xd8 build/kernel/components/drivers/usb/cherryusb/port/dwc2/usb_dc_dwc2.o
 .text.dwc2_get_devspeed
                0x000000000800ee1c       0x54 build/kernel/components/drivers/usb/cherryusb/port/dwc2/usb_dc_dwc2.o
 .text.dwc2_ep0_start_read_setup
                0x000000000800ee70       0x9c build/kernel/components/drivers/usb/cherryusb/port/dwc2/usb_dc_dwc2.o
 .text.dwc2_ep_write
                0x000000000800ef0c       0xcc build/kernel/components/drivers/usb/cherryusb/port/dwc2/usb_dc_dwc2.o
                0x000000000800ef0c                dwc2_ep_write
 .text.dwc2_ep_read
                0x000000000800efd8       0xb4 build/kernel/components/drivers/usb/cherryusb/port/dwc2/usb_dc_dwc2.o
                0x000000000800efd8                dwc2_ep_read
 .text.dwc2_tx_fifo_empty_procecss
                0x000000000800f08c      0x3f4 build/kernel/components/drivers/usb/cherryusb/port/dwc2/usb_dc_dwc2.o
 .text.dwc2_get_glb_intstatus
                0x000000000800f480       0x3c build/kernel/components/drivers/usb/cherryusb/port/dwc2/usb_dc_dwc2.o
 .text.dwc2_get_outeps_intstatus
                0x000000000800f4bc       0x48 build/kernel/components/drivers/usb/cherryusb/port/dwc2/usb_dc_dwc2.o
 .text.dwc2_get_ineps_intstatus
                0x000000000800f504       0x48 build/kernel/components/drivers/usb/cherryusb/port/dwc2/usb_dc_dwc2.o
 .text.dwc2_get_outep_intstatus
                0x000000000800f54c       0x6c build/kernel/components/drivers/usb/cherryusb/port/dwc2/usb_dc_dwc2.o
 .text.dwc2_get_inep_intstatus
                0x000000000800f5b8       0x98 build/kernel/components/drivers/usb/cherryusb/port/dwc2/usb_dc_dwc2.o
 .text.usb_dc_init
                0x000000000800f650      0x93c build/kernel/components/drivers/usb/cherryusb/port/dwc2/usb_dc_dwc2.o
                0x000000000800f650                usb_dc_init
 .text.usb_dc_deinit
                0x000000000800ff8c       0xfc build/kernel/components/drivers/usb/cherryusb/port/dwc2/usb_dc_dwc2.o
                0x000000000800ff8c                usb_dc_deinit
 .text.usbd_set_address
                0x0000000008010088       0x78 build/kernel/components/drivers/usb/cherryusb/port/dwc2/usb_dc_dwc2.o
                0x0000000008010088                usbd_set_address
 .text.usbd_get_port_speed
                0x0000000008010100       0x54 build/kernel/components/drivers/usb/cherryusb/port/dwc2/usb_dc_dwc2.o
                0x0000000008010100                usbd_get_port_speed
 .text.usbd_ep_open
                0x0000000008010154      0x36c build/kernel/components/drivers/usb/cherryusb/port/dwc2/usb_dc_dwc2.o
                0x0000000008010154                usbd_ep_open
 .text.usbd_ep_close
                0x00000000080104c0      0x2e0 build/kernel/components/drivers/usb/cherryusb/port/dwc2/usb_dc_dwc2.o
                0x00000000080104c0                usbd_ep_close
 .text.usbd_ep_set_stall
                0x00000000080107a0      0x170 build/kernel/components/drivers/usb/cherryusb/port/dwc2/usb_dc_dwc2.o
                0x00000000080107a0                usbd_ep_set_stall
 .text.usbd_ep_clear_stall
                0x0000000008010910      0x174 build/kernel/components/drivers/usb/cherryusb/port/dwc2/usb_dc_dwc2.o
                0x0000000008010910                usbd_ep_clear_stall
 .text.usbd_ep_is_stalled
                0x0000000008010a84       0x8c build/kernel/components/drivers/usb/cherryusb/port/dwc2/usb_dc_dwc2.o
                0x0000000008010a84                usbd_ep_is_stalled
 .text.usbd_ep_start_write
                0x0000000008010b10      0x65c build/kernel/components/drivers/usb/cherryusb/port/dwc2/usb_dc_dwc2.o
                0x0000000008010b10                usbd_ep_start_write
 .text.usbd_ep_start_read
                0x000000000801116c      0x598 build/kernel/components/drivers/usb/cherryusb/port/dwc2/usb_dc_dwc2.o
                0x000000000801116c                usbd_ep_start_read
 .text.USBD_IRQHandler
                0x0000000008011704      0x9f4 build/kernel/components/drivers/usb/cherryusb/port/dwc2/usb_dc_dwc2.o
                0x0000000008011704                USBD_IRQHandler
 .text.dword2array
                0x00000000080120f8       0x42 build/kernel/components/drivers/usb/cherryusb/port/dwc2/usb_glue_st.o
 .text.usb_memcpy
                0x000000000801213a      0x1c2 build/kernel/components/drivers/usb/cherryusb/port/dwc2/usb_glue_st.o
 .text.usb_dc_low_level_init
                0x00000000080122fc       0x6c build/kernel/components/drivers/usb/cherryusb/port/dwc2/usb_glue_st.o
                0x00000000080122fc                usb_dc_low_level_init
 .text.usb_dc_low_level_deinit
                0x0000000008012368       0x68 build/kernel/components/drivers/usb/cherryusb/port/dwc2/usb_glue_st.o
                0x0000000008012368                usb_dc_low_level_deinit
 .text.dwc2_get_user_params
                0x00000000080123d0       0x3c build/kernel/components/drivers/usb/cherryusb/port/dwc2/usb_glue_st.o
                0x00000000080123d0                dwc2_get_user_params
 .text.usbd_dwc2_delay_ms
                0x000000000801240c       0x44 build/kernel/components/drivers/usb/cherryusb/port/dwc2/usb_glue_st.o
                0x000000000801240c                usbd_dwc2_delay_ms
 .text.usbd_dwc2_get_system_clock
                0x0000000008012450       0x18 build/kernel/components/drivers/usb/cherryusb/port/dwc2/usb_glue_st.o
                0x0000000008012450                usbd_dwc2_get_system_clock
 .text.OTG_FS_IRQHandler
                0x0000000008012468       0x74 build/kernel/components/drivers/usb/cherryusb/port/dwc2/usb_glue_st.o
                0x0000000008012468                OTG_FS_IRQHandler
 .text.OTG_HS_IRQHandler
                0x00000000080124dc       0x24 build/kernel/components/drivers/usb/cherryusb/port/dwc2/usb_glue_st.o
                0x00000000080124dc                OTG_HS_IRQHandler
 .text.usb_dcache_clean
                0x0000000008012500       0x68 build/kernel/components/drivers/usb/cherryusb/port/dwc2/usb_glue_st.o
                0x0000000008012500                usb_dcache_clean
 .text.usb_dcache_invalidate
                0x0000000008012568       0x68 build/kernel/components/drivers/usb/cherryusb/port/dwc2/usb_glue_st.o
                0x0000000008012568                usb_dcache_invalidate
 .text.__rt_libc_exit
                0x00000000080125d0       0x4c build/kernel/components/libc/compilers/common/cstdlib.o
                0x00000000080125d0                __rt_libc_exit
 .text._malloc_r
                0x000000000801261c       0x28 build/kernel/components/libc/compilers/newlib/syscalls.o
                0x000000000801261c                _malloc_r
 .text._realloc_r
                0x0000000008012644       0x2c build/kernel/components/libc/compilers/newlib/syscalls.o
                0x0000000008012644                _realloc_r
 .text._calloc_r
                0x0000000008012670       0x2c build/kernel/components/libc/compilers/newlib/syscalls.o
                0x0000000008012670                _calloc_r
 .text._free_r  0x000000000801269c       0x18 build/kernel/components/libc/compilers/newlib/syscalls.o
                0x000000000801269c                _free_r
 .text.__libc_init_array
                0x00000000080126b4       0x98 build/kernel/components/libc/compilers/newlib/syscalls.o
                0x00000000080126b4                __libc_init_array
 .text.__errno  0x000000000801274c        0xe build/kernel/components/libc/compilers/newlib/syscalls.o
                0x000000000801274c                __errno
 .text._getpid_r
                0x000000000801275a       0x16 build/kernel/components/libc/compilers/newlib/syscalls.o
                0x000000000801275a                _getpid_r
 .text._close_r
                0x0000000008012770       0x1a build/kernel/components/libc/compilers/newlib/syscalls.o
                0x0000000008012770                _close_r
 .text._fstat_r
                0x000000000801278a       0x22 build/kernel/components/libc/compilers/newlib/syscalls.o
                0x000000000801278a                _fstat_r
 .text._isatty_r
                0x00000000080127ac       0x28 build/kernel/components/libc/compilers/newlib/syscalls.o
                0x00000000080127ac                _isatty_r
 .text._kill_r  0x00000000080127d4       0x22 build/kernel/components/libc/compilers/newlib/syscalls.o
                0x00000000080127d4                _kill_r
 .text._lseek_r
                0x00000000080127f6       0x24 build/kernel/components/libc/compilers/newlib/syscalls.o
                0x00000000080127f6                _lseek_r
 *fill*         0x000000000801281a        0x2 00000000
 .text._read_r  0x000000000801281c       0x78 build/kernel/components/libc/compilers/newlib/syscalls.o
                0x000000000801281c                _read_r
 .text._write_r
                0x0000000008012894       0x62 build/kernel/components/libc/compilers/newlib/syscalls.o
                0x0000000008012894                _write_r
 .text._exit    0x00000000080128f6       0x10 build/kernel/components/libc/compilers/newlib/syscalls.o
                0x00000000080128f6                _exit
 .text.rt_hw_atomic_load
                0x0000000008012906       0x3e build/kernel/libcpu/arm/common/atomic_arm.o
                0x0000000008012906                rt_hw_atomic_load
 .text.rt_hw_atomic_add
                0x0000000008012944       0x44 build/kernel/libcpu/arm/common/atomic_arm.o
                0x0000000008012944                rt_hw_atomic_add
 .text.rt_hw_atomic_sub
                0x0000000008012988       0x44 build/kernel/libcpu/arm/common/atomic_arm.o
                0x0000000008012988                rt_hw_atomic_sub
 .text.rt_hw_cpu_dcache_ops
                0x00000000080129cc      0x154 build/kernel/libcpu/arm/cortex-m7/cpu_cache.o
                0x00000000080129cc                rt_hw_cpu_dcache_ops
 .text.rt_hw_stack_init
                0x0000000008012b20       0x90 build/kernel/libcpu/arm/cortex-m7/cpuport.o
                0x0000000008012b20                rt_hw_stack_init
 .text.usage_fault_track
                0x0000000008012bb0       0xc4 build/kernel/libcpu/arm/cortex-m7/cpuport.o
 .text.bus_fault_track
                0x0000000008012c74       0xcc build/kernel/libcpu/arm/cortex-m7/cpuport.o
 .text.mem_manage_fault_track
                0x0000000008012d40       0xb4 build/kernel/libcpu/arm/cortex-m7/cpuport.o
 .text.hard_fault_track
                0x0000000008012df4       0x78 build/kernel/libcpu/arm/cortex-m7/cpuport.o
 .text.rt_hw_hard_fault_exception
                0x0000000008012e6c      0x184 build/kernel/libcpu/arm/cortex-m7/cpuport.o
                0x0000000008012e6c                rt_hw_hard_fault_exception
 .text.rt_hw_cpu_reset
                0x0000000008012ff0       0x1c build/kernel/libcpu/arm/cortex-m7/cpuport.o
                0x0000000008012ff0                rt_hw_cpu_reset
 .text.__rt_ffs
                0x000000000801300c       0x2a build/kernel/libcpu/arm/cortex-m7/cpuport.o
                0x000000000801300c                __rt_ffs
 *fill*         0x0000000008013036        0x2 00000000
 .text.rt_strerror
                0x0000000008013038       0x5c build/kernel/src/klibc/kerrno.o
                0x0000000008013038                rt_strerror
 .text.rt_get_errno
                0x0000000008013094       0x3c build/kernel/src/klibc/kerrno.o
                0x0000000008013094                rt_get_errno
 .text.rt_set_errno
                0x00000000080130d0       0x44 build/kernel/src/klibc/kerrno.o
                0x00000000080130d0                rt_set_errno
 .text._rt_errno
                0x0000000008013114       0x38 build/kernel/src/klibc/kerrno.o
                0x0000000008013114                _rt_errno
 .text.rt_snprintf
                0x000000000801314c       0x34 build/kernel/src/klibc/kstdio.o
                0x000000000801314c                rt_snprintf
 .text.rt_vsprintf
                0x0000000008013180       0x24 build/kernel/src/klibc/kstdio.o
                0x0000000008013180                rt_vsprintf
 .text.rt_sprintf
                0x00000000080131a4       0x30 build/kernel/src/klibc/kstdio.o
                0x00000000080131a4                rt_sprintf
 .text.rt_memset
                0x00000000080131d4       0xc8 build/kernel/src/klibc/kstring.o
                0x00000000080131d4                rt_memset
 .text.rt_memcpy
                0x000000000801329c       0xda build/kernel/src/klibc/kstring.o
                0x000000000801329c                rt_memcpy
 .text.rt_memmove
                0x0000000008013376       0x82 build/kernel/src/klibc/kstring.o
                0x0000000008013376                rt_memmove
 .text.rt_memcmp
                0x00000000080133f8       0x60 build/kernel/src/klibc/kstring.o
                0x00000000080133f8                rt_memcmp
 .text.rt_strstr
                0x0000000008013458       0x66 build/kernel/src/klibc/kstring.o
                0x0000000008013458                rt_strstr
 .text.rt_strncpy
                0x00000000080134be       0x64 build/kernel/src/klibc/kstring.o
                0x00000000080134be                rt_strncpy
 .text.rt_strcpy
                0x0000000008013522       0x40 build/kernel/src/klibc/kstring.o
                0x0000000008013522                rt_strcpy
 .text.rt_strncmp
                0x0000000008013562       0x54 build/kernel/src/klibc/kstring.o
                0x0000000008013562                rt_strncmp
 .text.rt_strcmp
                0x00000000080135b6       0x44 build/kernel/src/klibc/kstring.o
                0x00000000080135b6                rt_strcmp
 .text.rt_strlen
                0x00000000080135fa       0x32 build/kernel/src/klibc/kstring.o
                0x00000000080135fa                rt_strlen
 .text.rt_strdup
                0x000000000801362c       0x3a build/kernel/src/klibc/kstring.o
                0x000000000801362c                rt_strdup
 .text.divide   0x0000000008013666       0x38 build/kernel/src/klibc/rt_vsnprintf_tiny.o
 .text.skip_atoi
                0x000000000801369e       0x46 build/kernel/src/klibc/rt_vsnprintf_tiny.o
 .text.print_number
                0x00000000080136e4      0x348 build/kernel/src/klibc/rt_vsnprintf_tiny.o
 .text.rt_vsnprintf
                0x0000000008013a2c      0x628 build/kernel/src/klibc/rt_vsnprintf_tiny.o
                0x0000000008013a2c                rt_vsnprintf
 .text.main     0x0000000008014054       0x2e applications/main.o
                0x0000000008014054                main
 *fill*         0x0000000008014082        0x2 00000000
 .text.HAL_MspInit
                0x0000000008014084       0x48 board/CubeMX_Config/Src/stm32f7xx_hal_msp.o
                0x0000000008014084                HAL_MspInit
 .text.HAL_UART_MspInit
                0x00000000080140cc       0x88 board/CubeMX_Config/Src/stm32f7xx_hal_msp.o
                0x00000000080140cc                HAL_UART_MspInit
 .text.HAL_UART_MspDeInit
                0x0000000008014154       0x3c board/CubeMX_Config/Src/stm32f7xx_hal_msp.o
                0x0000000008014154                HAL_UART_MspDeInit
 .text.HAL_PCD_MspInit
                0x0000000008014190       0xc8 board/CubeMX_Config/Src/stm32f7xx_hal_msp.o
                0x0000000008014190                HAL_PCD_MspInit
 .text.HAL_PCD_MspDeInit
                0x0000000008014258       0x40 board/CubeMX_Config/Src/stm32f7xx_hal_msp.o
                0x0000000008014258                HAL_PCD_MspDeInit
 .text.HAL_SPI_MspInit
                0x0000000008014298      0x1ac board/CubeMX_Config/Src/stm32f7xx_hal_msp.o
                0x0000000008014298                HAL_SPI_MspInit
 .text.SystemClock_Config
                0x0000000008014444      0x220 board/board.o
                0x0000000008014444                SystemClock_Config
 .text.rtt_hw_us_delay
                0x0000000008014664       0x50 board/ports/cherryusb/cherryusb.o
 .text.rt_hw_cherryusb_cdc_init
                0x00000000080146b4      0x110 board/ports/cherryusb/cherryusb.o
 .text._spi_device_init
                0x00000000080147c4       0x60 board/rt_board_init.o
 .text.rt_hw_board_init
                0x0000000008014824       0x40 board/rt_board_init.o
                0x0000000008014824                rt_hw_board_init
 .text._spi_device_board_init
                0x0000000008014864       0x12 board/rt_board_init.o
 .text.rtt_run_cpp_ctors
                0x0000000008014876        0xe board/rt_board_init.o
 .text.Reset_Handler
                0x0000000008014884       0x64 packages/stm32f7_cmsis_driver-latest/Source/Templates/gcc/startup_stm32f767xx.o
                0x0000000008014884                Reset_Handler
 .text.Default_Handler
                0x00000000080148e8        0x2 packages/stm32f7_cmsis_driver-latest/Source/Templates/gcc/startup_stm32f767xx.o
                0x00000000080148e8                RTC_Alarm_IRQHandler
                0x00000000080148e8                TIM8_CC_IRQHandler
                0x00000000080148e8                DebugMon_Handler
                0x00000000080148e8                UART8_IRQHandler
                0x00000000080148e8                SPI4_IRQHandler
                0x00000000080148e8                TIM1_CC_IRQHandler
                0x00000000080148e8                DMA2_Stream5_IRQHandler
                0x00000000080148e8                JPEG_IRQHandler
                0x00000000080148e8                DMA1_Stream5_IRQHandler
                0x00000000080148e8                CAN3_RX1_IRQHandler
                0x00000000080148e8                PVD_IRQHandler
                0x00000000080148e8                TAMP_STAMP_IRQHandler
                0x00000000080148e8                NMI_Handler
                0x00000000080148e8                CAN2_RX1_IRQHandler
                0x00000000080148e8                TIM8_TRG_COM_TIM14_IRQHandler
                0x00000000080148e8                DFSDM1_FLT1_IRQHandler
                0x00000000080148e8                TIM1_UP_TIM10_IRQHandler
                0x00000000080148e8                TIM8_UP_TIM13_IRQHandler
                0x00000000080148e8                I2C3_ER_IRQHandler
                0x00000000080148e8                DFSDM1_FLT2_IRQHandler
                0x00000000080148e8                I2C2_EV_IRQHandler
                0x00000000080148e8                DMA1_Stream2_IRQHandler
                0x00000000080148e8                CAN1_RX0_IRQHandler
                0x00000000080148e8                FPU_IRQHandler
                0x00000000080148e8                OTG_HS_WKUP_IRQHandler
                0x00000000080148e8                CAN3_SCE_IRQHandler
                0x00000000080148e8                UsageFault_Handler
                0x00000000080148e8                LTDC_ER_IRQHandler
                0x00000000080148e8                CAN2_SCE_IRQHandler
                0x00000000080148e8                DMA2_Stream2_IRQHandler
                0x00000000080148e8                SPI1_IRQHandler
                0x00000000080148e8                TIM6_DAC_IRQHandler
                0x00000000080148e8                TIM1_BRK_TIM9_IRQHandler
                0x00000000080148e8                DCMI_IRQHandler
                0x00000000080148e8                CAN2_RX0_IRQHandler
                0x00000000080148e8                DMA2_Stream3_IRQHandler
                0x00000000080148e8                SAI2_IRQHandler
                0x00000000080148e8                DFSDM1_FLT3_IRQHandler
                0x00000000080148e8                USART6_IRQHandler
                0x00000000080148e8                CAN3_RX0_IRQHandler
                0x00000000080148e8                CAN1_RX1_IRQHandler
                0x00000000080148e8                UART5_IRQHandler
                0x00000000080148e8                DMA2_Stream0_IRQHandler
                0x00000000080148e8                TIM4_IRQHandler
                0x00000000080148e8                QUADSPI_IRQHandler
                0x00000000080148e8                I2C1_EV_IRQHandler
                0x00000000080148e8                DMA1_Stream6_IRQHandler
                0x00000000080148e8                DMA1_Stream1_IRQHandler
                0x00000000080148e8                UART4_IRQHandler
                0x00000000080148e8                TIM3_IRQHandler
                0x00000000080148e8                RCC_IRQHandler
                0x00000000080148e8                TIM8_BRK_TIM12_IRQHandler
                0x00000000080148e8                Default_Handler
                0x00000000080148e8                CEC_IRQHandler
                0x00000000080148e8                ADC_IRQHandler
                0x00000000080148e8                DMA1_Stream7_IRQHandler
                0x00000000080148e8                SPI5_IRQHandler
                0x00000000080148e8                TIM7_IRQHandler
                0x00000000080148e8                SDMMC1_IRQHandler
                0x00000000080148e8                CAN2_TX_IRQHandler
                0x00000000080148e8                TIM5_IRQHandler
                0x00000000080148e8                DMA2_Stream7_IRQHandler
                0x00000000080148e8                I2C3_EV_IRQHandler
                0x00000000080148e8                RTC_WKUP_IRQHandler
                0x00000000080148e8                LTDC_IRQHandler
                0x00000000080148e8                ETH_WKUP_IRQHandler
                0x00000000080148e8                SPDIF_RX_IRQHandler
                0x00000000080148e8                SPI2_IRQHandler
                0x00000000080148e8                OTG_HS_EP1_IN_IRQHandler
                0x00000000080148e8                MemManage_Handler
                0x00000000080148e8                DMA1_Stream0_IRQHandler
                0x00000000080148e8                CAN1_TX_IRQHandler
                0x00000000080148e8                SVC_Handler
                0x00000000080148e8                RNG_IRQHandler
                0x00000000080148e8                ETH_IRQHandler
                0x00000000080148e8                OTG_HS_EP1_OUT_IRQHandler
                0x00000000080148e8                WWDG_IRQHandler
                0x00000000080148e8                SPI6_IRQHandler
                0x00000000080148e8                MDIOS_IRQHandler
                0x00000000080148e8                I2C4_EV_IRQHandler
                0x00000000080148e8                CAN3_TX_IRQHandler
                0x00000000080148e8                TIM2_IRQHandler
                0x00000000080148e8                OTG_FS_WKUP_IRQHandler
                0x00000000080148e8                TIM1_TRG_COM_TIM11_IRQHandler
                0x00000000080148e8                DMA2D_IRQHandler
                0x00000000080148e8                SDMMC2_IRQHandler
                0x00000000080148e8                UART7_IRQHandler
                0x00000000080148e8                USART2_IRQHandler
                0x00000000080148e8                DFSDM1_FLT0_IRQHandler
                0x00000000080148e8                I2C2_ER_IRQHandler
                0x00000000080148e8                DMA2_Stream1_IRQHandler
                0x00000000080148e8                CAN1_SCE_IRQHandler
                0x00000000080148e8                FLASH_IRQHandler
                0x00000000080148e8                DMA2_Stream4_IRQHandler
                0x00000000080148e8                BusFault_Handler
                0x00000000080148e8                USART1_IRQHandler
                0x00000000080148e8                SPI3_IRQHandler
                0x00000000080148e8                DMA1_Stream4_IRQHandler
                0x00000000080148e8                I2C1_ER_IRQHandler
                0x00000000080148e8                FMC_IRQHandler
                0x00000000080148e8                LPTIM1_IRQHandler
                0x00000000080148e8                I2C4_ER_IRQHandler
                0x00000000080148e8                DMA2_Stream6_IRQHandler
                0x00000000080148e8                SAI1_IRQHandler
                0x00000000080148e8                DMA1_Stream3_IRQHandler
 *fill*         0x00000000080148ea        0x2 00000000
 .text.SystemInit
                0x00000000080148ec       0xac packages/stm32f7_cmsis_driver-latest/Source/Templates/system_stm32f7xx.o
                0x00000000080148ec                SystemInit
 .text.SystemCoreClockUpdate
                0x0000000008014998       0xfc packages/stm32f7_cmsis_driver-latest/Source/Templates/system_stm32f7xx.o
                0x0000000008014998                SystemCoreClockUpdate
 .text.HAL_Init
                0x0000000008014a94       0x1a packages/stm32f7_hal_driver-latest/Src/stm32f7xx_hal.o
                0x0000000008014a94                HAL_Init
 *fill*         0x0000000008014aae        0x2 00000000
 .text.__NVIC_SetPriorityGrouping
                0x0000000008014ab0       0x48 packages/stm32f7_hal_driver-latest/Src/stm32f7xx_hal_cortex.o
 .text.__NVIC_GetPriorityGrouping
                0x0000000008014af8       0x1c packages/stm32f7_hal_driver-latest/Src/stm32f7xx_hal_cortex.o
 .text.__NVIC_EnableIRQ
                0x0000000008014b14       0x3c packages/stm32f7_hal_driver-latest/Src/stm32f7xx_hal_cortex.o
 .text.__NVIC_DisableIRQ
                0x0000000008014b50       0x48 packages/stm32f7_hal_driver-latest/Src/stm32f7xx_hal_cortex.o
 .text.__NVIC_SetPriority
                0x0000000008014b98       0x54 packages/stm32f7_hal_driver-latest/Src/stm32f7xx_hal_cortex.o
 .text.NVIC_EncodePriority
                0x0000000008014bec       0x66 packages/stm32f7_hal_driver-latest/Src/stm32f7xx_hal_cortex.o
 *fill*         0x0000000008014c52        0x2 00000000
 .text.SysTick_Config
                0x0000000008014c54       0x44 packages/stm32f7_hal_driver-latest/Src/stm32f7xx_hal_cortex.o
 .text.HAL_NVIC_SetPriorityGrouping
                0x0000000008014c98       0x16 packages/stm32f7_hal_driver-latest/Src/stm32f7xx_hal_cortex.o
                0x0000000008014c98                HAL_NVIC_SetPriorityGrouping
 .text.HAL_NVIC_SetPriority
                0x0000000008014cae       0x38 packages/stm32f7_hal_driver-latest/Src/stm32f7xx_hal_cortex.o
                0x0000000008014cae                HAL_NVIC_SetPriority
 .text.HAL_NVIC_EnableIRQ
                0x0000000008014ce6       0x1c packages/stm32f7_hal_driver-latest/Src/stm32f7xx_hal_cortex.o
                0x0000000008014ce6                HAL_NVIC_EnableIRQ
 .text.HAL_NVIC_DisableIRQ
                0x0000000008014d02       0x1c packages/stm32f7_hal_driver-latest/Src/stm32f7xx_hal_cortex.o
                0x0000000008014d02                HAL_NVIC_DisableIRQ
 .text.HAL_SYSTICK_Config
                0x0000000008014d1e       0x18 packages/stm32f7_hal_driver-latest/Src/stm32f7xx_hal_cortex.o
                0x0000000008014d1e                HAL_SYSTICK_Config
 *fill*         0x0000000008014d36        0x2 00000000
 .text.HAL_DMA_Init
                0x0000000008014d38      0x15c packages/stm32f7_hal_driver-latest/Src/stm32f7xx_hal_dma.o
                0x0000000008014d38                HAL_DMA_Init
 .text.HAL_DMA_DeInit
                0x0000000008014e94       0xbc packages/stm32f7_hal_driver-latest/Src/stm32f7xx_hal_dma.o
                0x0000000008014e94                HAL_DMA_DeInit
 .text.HAL_DMA_Start_IT
                0x0000000008014f50       0xc0 packages/stm32f7_hal_driver-latest/Src/stm32f7xx_hal_dma.o
                0x0000000008014f50                HAL_DMA_Start_IT
 .text.HAL_DMA_Abort
                0x0000000008015010       0xe0 packages/stm32f7_hal_driver-latest/Src/stm32f7xx_hal_dma.o
                0x0000000008015010                HAL_DMA_Abort
 .text.HAL_DMA_Abort_IT
                0x00000000080150f0       0x44 packages/stm32f7_hal_driver-latest/Src/stm32f7xx_hal_dma.o
                0x00000000080150f0                HAL_DMA_Abort_IT
 .text.DMA_SetConfig
                0x0000000008015134       0x5c packages/stm32f7_hal_driver-latest/Src/stm32f7xx_hal_dma.o
 .text.DMA_CalcBaseAndBitshift
                0x0000000008015190       0x6c packages/stm32f7_hal_driver-latest/Src/stm32f7xx_hal_dma.o
 .text.DMA_CheckFifoParam
                0x00000000080151fc       0xf8 packages/stm32f7_hal_driver-latest/Src/stm32f7xx_hal_dma.o
 .text.HAL_GPIO_Init
                0x00000000080152f4      0x358 packages/stm32f7_hal_driver-latest/Src/stm32f7xx_hal_gpio.o
                0x00000000080152f4                HAL_GPIO_Init
 .text.HAL_GPIO_DeInit
                0x000000000801564c      0x218 packages/stm32f7_hal_driver-latest/Src/stm32f7xx_hal_gpio.o
                0x000000000801564c                HAL_GPIO_DeInit
 .text.HAL_GPIO_ReadPin
                0x0000000008015864       0x30 packages/stm32f7_hal_driver-latest/Src/stm32f7xx_hal_gpio.o
                0x0000000008015864                HAL_GPIO_ReadPin
 .text.HAL_GPIO_WritePin
                0x0000000008015894       0x32 packages/stm32f7_hal_driver-latest/Src/stm32f7xx_hal_gpio.o
                0x0000000008015894                HAL_GPIO_WritePin
 *fill*         0x00000000080158c6        0x2 00000000
 .text.HAL_GPIO_EXTI_IRQHandler
                0x00000000080158c8       0x30 packages/stm32f7_hal_driver-latest/Src/stm32f7xx_hal_gpio.o
                0x00000000080158c8                HAL_GPIO_EXTI_IRQHandler
 .text.HAL_PWR_EnableBkUpAccess
                0x00000000080158f8       0x20 packages/stm32f7_hal_driver-latest/Src/stm32f7xx_hal_pwr.o
                0x00000000080158f8                HAL_PWR_EnableBkUpAccess
 .text.HAL_PWREx_EnableOverDrive
                0x0000000008015918       0xa0 packages/stm32f7_hal_driver-latest/Src/stm32f7xx_hal_pwr_ex.o
                0x0000000008015918                HAL_PWREx_EnableOverDrive
 .text.HAL_RCC_DeInit
                0x00000000080159b8      0x1c0 packages/stm32f7_hal_driver-latest/Src/stm32f7xx_hal_rcc.o
                0x00000000080159b8                HAL_RCC_DeInit
 .text.HAL_RCC_OscConfig
                0x0000000008015b78      0x560 packages/stm32f7_hal_driver-latest/Src/stm32f7xx_hal_rcc.o
                0x0000000008015b78                HAL_RCC_OscConfig
 .text.HAL_RCC_ClockConfig
                0x00000000080160d8      0x1d8 packages/stm32f7_hal_driver-latest/Src/stm32f7xx_hal_rcc.o
                0x00000000080160d8                HAL_RCC_ClockConfig
 .text.HAL_RCC_GetSysClockFreq
                0x00000000080162b0      0x208 packages/stm32f7_hal_driver-latest/Src/stm32f7xx_hal_rcc.o
                0x00000000080162b0                HAL_RCC_GetSysClockFreq
 .text.HAL_RCC_GetHCLKFreq
                0x00000000080164b8       0x18 packages/stm32f7_hal_driver-latest/Src/stm32f7xx_hal_rcc.o
                0x00000000080164b8                HAL_RCC_GetHCLKFreq
 .text.HAL_RCC_GetPCLK1Freq
                0x00000000080164d0       0x28 packages/stm32f7_hal_driver-latest/Src/stm32f7xx_hal_rcc.o
                0x00000000080164d0                HAL_RCC_GetPCLK1Freq
 .text.HAL_RCC_GetPCLK2Freq
                0x00000000080164f8       0x28 packages/stm32f7_hal_driver-latest/Src/stm32f7xx_hal_rcc.o
                0x00000000080164f8                HAL_RCC_GetPCLK2Freq
 .text.HAL_RCCEx_PeriphCLKConfig
                0x0000000008016520      0x850 packages/stm32f7_hal_driver-latest/Src/stm32f7xx_hal_rcc_ex.o
                0x0000000008016520                HAL_RCCEx_PeriphCLKConfig
 .text.HAL_SPI_Init
                0x0000000008016d70      0x156 packages/stm32f7_hal_driver-latest/Src/stm32f7xx_hal_spi.o
                0x0000000008016d70                HAL_SPI_Init
 .text.HAL_SPI_Transmit
                0x0000000008016ec6      0x2ea packages/stm32f7_hal_driver-latest/Src/stm32f7xx_hal_spi.o
                0x0000000008016ec6                HAL_SPI_Transmit
 .text.HAL_SPI_Receive
                0x00000000080171b0      0x26e packages/stm32f7_hal_driver-latest/Src/stm32f7xx_hal_spi.o
                0x00000000080171b0                HAL_SPI_Receive
 .text.HAL_SPI_TransmitReceive
                0x000000000801741e      0x444 packages/stm32f7_hal_driver-latest/Src/stm32f7xx_hal_spi.o
                0x000000000801741e                HAL_SPI_TransmitReceive
 *fill*         0x0000000008017862        0x2 00000000
 .text.HAL_SPI_Transmit_DMA
                0x0000000008017864      0x1e0 packages/stm32f7_hal_driver-latest/Src/stm32f7xx_hal_spi.o
                0x0000000008017864                HAL_SPI_Transmit_DMA
 .text.HAL_SPI_Receive_DMA
                0x0000000008017a44      0x240 packages/stm32f7_hal_driver-latest/Src/stm32f7xx_hal_spi.o
                0x0000000008017a44                HAL_SPI_Receive_DMA
 .text.HAL_SPI_TransmitReceive_DMA
                0x0000000008017c84      0x308 packages/stm32f7_hal_driver-latest/Src/stm32f7xx_hal_spi.o
                0x0000000008017c84                HAL_SPI_TransmitReceive_DMA
 .text.HAL_SPI_TxHalfCpltCallback
                0x0000000008017f8c       0x14 packages/stm32f7_hal_driver-latest/Src/stm32f7xx_hal_spi.o
                0x0000000008017f8c                HAL_SPI_TxHalfCpltCallback
 .text.HAL_SPI_RxHalfCpltCallback
                0x0000000008017fa0       0x14 packages/stm32f7_hal_driver-latest/Src/stm32f7xx_hal_spi.o
                0x0000000008017fa0                HAL_SPI_RxHalfCpltCallback
 .text.HAL_SPI_TxRxHalfCpltCallback
                0x0000000008017fb4       0x14 packages/stm32f7_hal_driver-latest/Src/stm32f7xx_hal_spi.o
                0x0000000008017fb4                HAL_SPI_TxRxHalfCpltCallback
 .text.HAL_SPI_ErrorCallback
                0x0000000008017fc8       0x14 packages/stm32f7_hal_driver-latest/Src/stm32f7xx_hal_spi.o
                0x0000000008017fc8                HAL_SPI_ErrorCallback
 .text.HAL_SPI_GetState
                0x0000000008017fdc       0x1c packages/stm32f7_hal_driver-latest/Src/stm32f7xx_hal_spi.o
                0x0000000008017fdc                HAL_SPI_GetState
 .text.SPI_DMATransmitCplt
                0x0000000008017ff8       0xa8 packages/stm32f7_hal_driver-latest/Src/stm32f7xx_hal_spi.o
 .text.SPI_DMAReceiveCplt
                0x00000000080180a0       0xaa packages/stm32f7_hal_driver-latest/Src/stm32f7xx_hal_spi.o
 .text.SPI_DMATransmitReceiveCplt
                0x000000000801814a       0x92 packages/stm32f7_hal_driver-latest/Src/stm32f7xx_hal_spi.o
 .text.SPI_DMAHalfTransmitCplt
                0x00000000080181dc       0x1c packages/stm32f7_hal_driver-latest/Src/stm32f7xx_hal_spi.o
 .text.SPI_DMAHalfReceiveCplt
                0x00000000080181f8       0x1c packages/stm32f7_hal_driver-latest/Src/stm32f7xx_hal_spi.o
 .text.SPI_DMAHalfTransmitReceiveCplt
                0x0000000008018214       0x1c packages/stm32f7_hal_driver-latest/Src/stm32f7xx_hal_spi.o
 .text.SPI_DMAError
                0x0000000008018230       0x40 packages/stm32f7_hal_driver-latest/Src/stm32f7xx_hal_spi.o
 .text.SPI_WaitFlagStateUntilTimeout
                0x0000000008018270      0x110 packages/stm32f7_hal_driver-latest/Src/stm32f7xx_hal_spi.o
 .text.SPI_WaitFifoStateUntilTimeout
                0x0000000008018380      0x12c packages/stm32f7_hal_driver-latest/Src/stm32f7xx_hal_spi.o
 .text.SPI_EndRxTransaction
                0x00000000080184ac       0xf8 packages/stm32f7_hal_driver-latest/Src/stm32f7xx_hal_spi.o
 .text.SPI_EndRxTxTransaction
                0x00000000080185a4       0xd4 packages/stm32f7_hal_driver-latest/Src/stm32f7xx_hal_spi.o
 .text.HAL_UART_Init
                0x0000000008018678       0x9c packages/stm32f7_hal_driver-latest/Src/stm32f7xx_hal_uart.o
                0x0000000008018678                HAL_UART_Init
 .text.HAL_UART_DeInit
                0x0000000008018714       0x7a packages/stm32f7_hal_driver-latest/Src/stm32f7xx_hal_uart.o
                0x0000000008018714                HAL_UART_DeInit
 *fill*         0x000000000801878e        0x2 00000000
 .text.HAL_UART_Transmit_DMA
                0x0000000008018790       0xf8 packages/stm32f7_hal_driver-latest/Src/stm32f7xx_hal_uart.o
                0x0000000008018790                HAL_UART_Transmit_DMA
 .text.HAL_UART_Receive_DMA
                0x0000000008018888       0x88 packages/stm32f7_hal_driver-latest/Src/stm32f7xx_hal_uart.o
                0x0000000008018888                HAL_UART_Receive_DMA
 .text.HAL_UART_IRQHandler
                0x0000000008018910      0x604 packages/stm32f7_hal_driver-latest/Src/stm32f7xx_hal_uart.o
                0x0000000008018910                HAL_UART_IRQHandler
 .text.HAL_UART_TxHalfCpltCallback
                0x0000000008018f14       0x14 packages/stm32f7_hal_driver-latest/Src/stm32f7xx_hal_uart.o
                0x0000000008018f14                HAL_UART_TxHalfCpltCallback
 .text.HAL_UARTEx_RxEventCallback
                0x0000000008018f28       0x18 packages/stm32f7_hal_driver-latest/Src/stm32f7xx_hal_uart.o
                0x0000000008018f28                HAL_UARTEx_RxEventCallback
 .text.HAL_UARTEx_WakeupCallback
                0x0000000008018f40       0x14 packages/stm32f7_hal_driver-latest/Src/stm32f7xx_hal_uart.o
                0x0000000008018f40                HAL_UARTEx_WakeupCallback
 .text.UART_SetConfig
                0x0000000008018f54      0x4c8 packages/stm32f7_hal_driver-latest/Src/stm32f7xx_hal_uart.o
                0x0000000008018f54                UART_SetConfig
 .text.UART_AdvFeatureConfig
                0x000000000801941c      0x144 packages/stm32f7_hal_driver-latest/Src/stm32f7xx_hal_uart.o
                0x000000000801941c                UART_AdvFeatureConfig
 .text.UART_CheckIdleState
                0x0000000008019560      0x150 packages/stm32f7_hal_driver-latest/Src/stm32f7xx_hal_uart.o
                0x0000000008019560                UART_CheckIdleState
 .text.UART_WaitOnFlagUntilTimeout
                0x00000000080196b0       0xda packages/stm32f7_hal_driver-latest/Src/stm32f7xx_hal_uart.o
                0x00000000080196b0                UART_WaitOnFlagUntilTimeout
 *fill*         0x000000000801978a        0x2 00000000
 .text.UART_Start_Receive_DMA
                0x000000000801978c      0x140 packages/stm32f7_hal_driver-latest/Src/stm32f7xx_hal_uart.o
                0x000000000801978c                UART_Start_Receive_DMA
 .text.UART_EndTxTransfer
                0x00000000080198cc       0x4c packages/stm32f7_hal_driver-latest/Src/stm32f7xx_hal_uart.o
 .text.UART_EndRxTransfer
                0x0000000008019918       0xc8 packages/stm32f7_hal_driver-latest/Src/stm32f7xx_hal_uart.o
 .text.UART_DMATransmitCplt
                0x00000000080199e0       0x96 packages/stm32f7_hal_driver-latest/Src/stm32f7xx_hal_uart.o
 .text.UART_DMATxHalfCplt
                0x0000000008019a76       0x1c packages/stm32f7_hal_driver-latest/Src/stm32f7xx_hal_uart.o
 .text.UART_DMAReceiveCplt
                0x0000000008019a92      0x15e packages/stm32f7_hal_driver-latest/Src/stm32f7xx_hal_uart.o
 .text.UART_DMARxHalfCplt
                0x0000000008019bf0       0x72 packages/stm32f7_hal_driver-latest/Src/stm32f7xx_hal_uart.o
 .text.UART_DMAError
                0x0000000008019c62       0x7e packages/stm32f7_hal_driver-latest/Src/stm32f7xx_hal_uart.o
 .text.UART_DMAAbortOnError
                0x0000000008019ce0       0x24 packages/stm32f7_hal_driver-latest/Src/stm32f7xx_hal_uart.o
 .text.UART_EndTransmit_IT
                0x0000000008019d04       0x54 packages/stm32f7_hal_driver-latest/Src/stm32f7xx_hal_uart.o
 .text.dfs_init
                0x0000000008019d58       0x94 build/kernel/components/dfs/dfs_v1/src/dfs.o
                0x0000000008019d58                dfs_init
 .text.dfs_lock
                0x0000000008019dec       0x48 build/kernel/components/dfs/dfs_v1/src/dfs.o
                0x0000000008019dec                dfs_lock
 .text.dfs_file_lock
                0x0000000008019e34       0x48 build/kernel/components/dfs/dfs_v1/src/dfs.o
                0x0000000008019e34                dfs_file_lock
 .text.dfs_unlock
                0x0000000008019e7c       0x14 build/kernel/components/dfs/dfs_v1/src/dfs.o
                0x0000000008019e7c                dfs_unlock
 .text.dfs_file_unlock
                0x0000000008019e90       0x14 build/kernel/components/dfs/dfs_v1/src/dfs.o
                0x0000000008019e90                dfs_file_unlock
 .text.fd_slot_expand
                0x0000000008019ea4       0x92 build/kernel/components/dfs/dfs_v1/src/dfs.o
 .text.fd_slot_alloc
                0x0000000008019f36       0x66 build/kernel/components/dfs/dfs_v1/src/dfs.o
 .text.fd_alloc
                0x0000000008019f9c       0x66 build/kernel/components/dfs/dfs_v1/src/dfs.o
 *fill*         0x000000000801a002        0x2 00000000
 .text.fdt_fd_new
                0x000000000801a004       0x48 build/kernel/components/dfs/dfs_v1/src/dfs.o
                0x000000000801a004                fdt_fd_new
 .text.fd_new   0x000000000801a04c       0x20 build/kernel/components/dfs/dfs_v1/src/dfs.o
                0x000000000801a04c                fd_new
 .text.fdt_fd_get
                0x000000000801a06c       0x5a build/kernel/components/dfs/dfs_v1/src/dfs.o
                0x000000000801a06c                fdt_fd_get
 .text.fd_get   0x000000000801a0c6       0x20 build/kernel/components/dfs/dfs_v1/src/dfs.o
                0x000000000801a0c6                fd_get
 *fill*         0x000000000801a0e6        0x2 00000000
 .text.fdt_fd_release
                0x000000000801a0e8       0xdc build/kernel/components/dfs/dfs_v1/src/dfs.o
                0x000000000801a0e8                fdt_fd_release
 .text.fd_release
                0x000000000801a1c4       0x1e build/kernel/components/dfs/dfs_v1/src/dfs.o
                0x000000000801a1c4                fd_release
 .text.fd_init  0x000000000801a1e2       0x3a build/kernel/components/dfs/dfs_v1/src/dfs.o
                0x000000000801a1e2                fd_init
 .text.dfs_subdir
                0x000000000801a21c       0x50 build/kernel/components/dfs/dfs_v1/src/dfs.o
                0x000000000801a21c                dfs_subdir
 .text.dfs_normalize_path
                0x000000000801a26c      0x21c build/kernel/components/dfs/dfs_v1/src/dfs.o
                0x000000000801a26c                dfs_normalize_path
 .text.dfs_fdtable_get
                0x000000000801a488       0x1c build/kernel/components/dfs/dfs_v1/src/dfs.o
                0x000000000801a488                dfs_fdtable_get
 .text.list_fd  0x000000000801a4a4      0x158 build/kernel/components/dfs/dfs_v1/src/dfs.o
                0x000000000801a4a4                list_fd
 .text.rt_list_init
                0x000000000801a5fc       0x22 build/kernel/components/dfs/dfs_v1/src/dfs_file.o
 .text.rt_list_insert_after
                0x000000000801a61e       0x32 build/kernel/components/dfs/dfs_v1/src/dfs_file.o
 .text.rt_list_remove
                0x000000000801a650       0x36 build/kernel/components/dfs/dfs_v1/src/dfs_file.o
 *fill*         0x000000000801a686        0x2 00000000
 .text.dfs_fm_lock
                0x000000000801a688       0x18 build/kernel/components/dfs/dfs_v1/src/dfs_file.o
                0x000000000801a688                dfs_fm_lock
 .text.dfs_fm_unlock
                0x000000000801a6a0       0x14 build/kernel/components/dfs/dfs_v1/src/dfs_file.o
                0x000000000801a6a0                dfs_fm_unlock
 .text.dfs_vnode_mgr_init
                0x000000000801a6b4       0x48 build/kernel/components/dfs/dfs_v1/src/dfs_file.o
                0x000000000801a6b4                dfs_vnode_mgr_init
 .text.bkdr_hash
                0x000000000801a6fc       0x40 build/kernel/components/dfs/dfs_v1/src/dfs_file.o
 .text.dfs_vnode_find
                0x000000000801a73c       0x7c build/kernel/components/dfs/dfs_v1/src/dfs_file.o
 .text.dfs_file_is_open
                0x000000000801a7b8       0x4a build/kernel/components/dfs/dfs_v1/src/dfs_file.o
                0x000000000801a7b8                dfs_file_is_open
 *fill*         0x000000000801a802        0x2 00000000
 .text.dfs_file_open
                0x000000000801a804      0x21c build/kernel/components/dfs/dfs_v1/src/dfs_file.o
                0x000000000801a804                dfs_file_open
 .text.dfs_file_close
                0x000000000801aa20       0xb2 build/kernel/components/dfs/dfs_v1/src/dfs_file.o
                0x000000000801aa20                dfs_file_close
 .text.dfs_file_read
                0x000000000801aad2       0x5c build/kernel/components/dfs/dfs_v1/src/dfs_file.o
                0x000000000801aad2                dfs_file_read
 .text.dfs_file_getdents
                0x000000000801ab2e       0x54 build/kernel/components/dfs/dfs_v1/src/dfs_file.o
                0x000000000801ab2e                dfs_file_getdents
 *fill*         0x000000000801ab82        0x2 00000000
 .text.dfs_file_unlink
                0x000000000801ab84       0xcc build/kernel/components/dfs/dfs_v1/src/dfs_file.o
                0x000000000801ab84                dfs_file_unlink
 .text.dfs_file_write
                0x000000000801ac50       0x44 build/kernel/components/dfs/dfs_v1/src/dfs_file.o
                0x000000000801ac50                dfs_file_write
 .text.dfs_file_lseek
                0x000000000801ac94       0x4e build/kernel/components/dfs/dfs_v1/src/dfs_file.o
                0x000000000801ac94                dfs_file_lseek
 *fill*         0x000000000801ace2        0x2 00000000
 .text.dfs_file_stat
                0x000000000801ace4       0xe8 build/kernel/components/dfs/dfs_v1/src/dfs_file.o
                0x000000000801ace4                dfs_file_stat
 .text.dfs_file_rename
                0x000000000801adcc      0x10a build/kernel/components/dfs/dfs_v1/src/dfs_file.o
                0x000000000801adcc                dfs_file_rename
 *fill*         0x000000000801aed6        0x2 00000000
 .text.ls       0x000000000801aed8      0x190 build/kernel/components/dfs/dfs_v1/src/dfs_file.o
                0x000000000801aed8                ls
 .text.cat      0x000000000801b068       0xa0 build/kernel/components/dfs/dfs_v1/src/dfs_file.o
                0x000000000801b068                cat
 .text.copyfile
                0x000000000801b108       0xfc build/kernel/components/dfs/dfs_v1/src/dfs_file.o
 .text.copydir  0x000000000801b204      0x1b8 build/kernel/components/dfs/dfs_v1/src/dfs_file.o
 .text._get_path_lastname
                0x000000000801b3bc       0x2c build/kernel/components/dfs/dfs_v1/src/dfs_file.o
 .text.copy     0x000000000801b3e8      0x15c build/kernel/components/dfs/dfs_v1/src/dfs_file.o
                0x000000000801b3e8                copy
 .text.dfs_filesystem_lookup
                0x000000000801b544       0xc4 build/kernel/components/dfs/dfs_v1/src/dfs_fs.o
                0x000000000801b544                dfs_filesystem_lookup
 .text.dfs_mount
                0x000000000801b608      0x278 build/kernel/components/dfs/dfs_v1/src/dfs_fs.o
                0x000000000801b608                dfs_mount
 .text.dfs_unmount
                0x000000000801b880       0xe0 build/kernel/components/dfs/dfs_v1/src/dfs_fs.o
                0x000000000801b880                dfs_unmount
 .text.dfs_mkfs
                0x000000000801b960      0x11c build/kernel/components/dfs/dfs_v1/src/dfs_fs.o
                0x000000000801b960                dfs_mkfs
 .text.dfs_statfs
                0x000000000801ba7c       0x46 build/kernel/components/dfs/dfs_v1/src/dfs_fs.o
                0x000000000801ba7c                dfs_statfs
 *fill*         0x000000000801bac2        0x2 00000000
 .text.df       0x000000000801bac4      0x1f0 build/kernel/components/dfs/dfs_v1/src/dfs_fs.o
                0x000000000801bac4                df
 .text.open     0x000000000801bcb4       0x60 build/kernel/components/dfs/dfs_v1/src/dfs_posix.o
                0x000000000801bcb4                open
 .text.close    0x000000000801bd14       0x4e build/kernel/components/dfs/dfs_v1/src/dfs_posix.o
                0x000000000801bd14                close
 .text.read     0x000000000801bd62       0x50 build/kernel/components/dfs/dfs_v1/src/dfs_posix.o
                0x000000000801bd62                read
 .text.write    0x000000000801bdb2       0x50 build/kernel/components/dfs/dfs_v1/src/dfs_posix.o
                0x000000000801bdb2                write
 .text.lseek    0x000000000801be02       0xa4 build/kernel/components/dfs/dfs_v1/src/dfs_posix.o
                0x000000000801be02                lseek
 .text.rename   0x000000000801bea6       0x30 build/kernel/components/dfs/dfs_v1/src/dfs_posix.o
                0x000000000801bea6                rename
 .text.unlink   0x000000000801bed6       0x2c build/kernel/components/dfs/dfs_v1/src/dfs_posix.o
                0x000000000801bed6                unlink
 .text.stat     0x000000000801bf02       0x30 build/kernel/components/dfs/dfs_v1/src/dfs_posix.o
                0x000000000801bf02                stat
 *fill*         0x000000000801bf32        0x2 00000000
 .text.mkdir    0x000000000801bf34       0x6c build/kernel/components/dfs/dfs_v1/src/dfs_posix.o
                0x000000000801bf34                mkdir
 .text.rmdir    0x000000000801bfa0       0x2c build/kernel/components/dfs/dfs_v1/src/dfs_posix.o
                0x000000000801bfa0                rmdir
 .text.opendir  0x000000000801bfcc       0x8c build/kernel/components/dfs/dfs_v1/src/dfs_posix.o
                0x000000000801bfcc                opendir
 .text.readdir  0x000000000801c058       0xb0 build/kernel/components/dfs/dfs_v1/src/dfs_posix.o
                0x000000000801c058                readdir
 .text.rewinddir
                0x000000000801c108       0x4c build/kernel/components/dfs/dfs_v1/src/dfs_posix.o
                0x000000000801c108                rewinddir
 .text.closedir
                0x000000000801c154       0x5c build/kernel/components/dfs/dfs_v1/src/dfs_posix.o
                0x000000000801c154                closedir
 .text.chdir    0x000000000801c1b0       0xac build/kernel/components/dfs/dfs_v1/src/dfs_posix.o
                0x000000000801c1b0                chdir
 .text.getcwd   0x000000000801c25c       0x38 build/kernel/components/dfs/dfs_v1/src/dfs_posix.o
                0x000000000801c25c                getcwd
 .text.rt_device_register
                0x000000000801c294       0x54 build/kernel/components/drivers/core/device.o
                0x000000000801c294                rt_device_register
 .text.rt_device_find
                0x000000000801c2e8       0x1a build/kernel/components/drivers/core/device.o
                0x000000000801c2e8                rt_device_find
 *fill*         0x000000000801c302        0x2 00000000
 .text.rt_device_open
                0x000000000801c304      0x158 build/kernel/components/drivers/core/device.o
                0x000000000801c304                rt_device_open
 .text.rt_device_close
                0x000000000801c45c       0x9c build/kernel/components/drivers/core/device.o
                0x000000000801c45c                rt_device_close
 .text.rt_device_read
                0x000000000801c4f8       0x88 build/kernel/components/drivers/core/device.o
                0x000000000801c4f8                rt_device_read
 .text.rt_device_write
                0x000000000801c580       0x88 build/kernel/components/drivers/core/device.o
                0x000000000801c580                rt_device_write
 .text.rt_device_set_rx_indicate
                0x000000000801c608       0x54 build/kernel/components/drivers/core/device.o
                0x000000000801c608                rt_device_set_rx_indicate
 .text.rt_completion_done
                0x000000000801c65c       0x1a build/kernel/components/drivers/ipc/completion_comm.o
                0x000000000801c65c                rt_completion_done
 .text.rt_completion_wait
                0x000000000801c676       0x1e build/kernel/components/drivers/ipc/completion_comm.o
                0x000000000801c676                rt_completion_wait
 .text.rt_completion_init
                0x000000000801c694       0x30 build/kernel/components/drivers/ipc/completion_up.o
                0x000000000801c694                rt_completion_init
 .text.rt_completion_wait_flags
                0x000000000801c6c4      0x1a0 build/kernel/components/drivers/ipc/completion_up.o
                0x000000000801c6c4                rt_completion_wait_flags
 .text.rt_completion_wakeup_by_errno
                0x000000000801c864       0x98 build/kernel/components/drivers/ipc/completion_up.o
                0x000000000801c864                rt_completion_wakeup_by_errno
 .text.rt_list_init
                0x000000000801c8fc       0x22 build/kernel/components/drivers/ipc/dataqueue.o
 *fill*         0x000000000801c91e        0x2 00000000
 .text.rt_data_queue_init
                0x000000000801c920       0xc8 build/kernel/components/drivers/ipc/dataqueue.o
                0x000000000801c920                rt_data_queue_init
 .text.rt_data_queue_push
                0x000000000801c9e8      0x23c build/kernel/components/drivers/ipc/dataqueue.o
                0x000000000801c9e8                rt_data_queue_push
 .text.rt_data_queue_pop
                0x000000000801cc24      0x298 build/kernel/components/drivers/ipc/dataqueue.o
                0x000000000801cc24                rt_data_queue_pop
 .text.rt_data_queue_peek
                0x000000000801cebc       0xac build/kernel/components/drivers/ipc/dataqueue.o
                0x000000000801cebc                rt_data_queue_peek
 .text.rt_data_queue_reset
                0x000000000801cf68       0xb8 build/kernel/components/drivers/ipc/dataqueue.o
                0x000000000801cf68                rt_data_queue_reset
 .text.rt_data_queue_deinit
                0x000000000801d020       0x78 build/kernel/components/drivers/ipc/dataqueue.o
                0x000000000801d020                rt_data_queue_deinit
 .text.rt_data_queue_len
                0x000000000801d098       0xcc build/kernel/components/drivers/ipc/dataqueue.o
                0x000000000801d098                rt_data_queue_len
 .text.rt_ringbuffer_status
                0x000000000801d164       0x4a build/kernel/components/drivers/ipc/ringbuffer.o
 *fill*         0x000000000801d1ae        0x2 00000000
 .text.rt_ringbuffer_init
                0x000000000801d1b0       0x94 build/kernel/components/drivers/ipc/ringbuffer.o
                0x000000000801d1b0                rt_ringbuffer_init
 .text.rt_ringbuffer_put
                0x000000000801d244      0x13c build/kernel/components/drivers/ipc/ringbuffer.o
                0x000000000801d244                rt_ringbuffer_put
 .text.rt_ringbuffer_get
                0x000000000801d380      0x130 build/kernel/components/drivers/ipc/ringbuffer.o
                0x000000000801d380                rt_ringbuffer_get
 .text.rt_ringbuffer_data_len
                0x000000000801d4b0       0x5e build/kernel/components/drivers/ipc/ringbuffer.o
                0x000000000801d4b0                rt_ringbuffer_data_len
 *fill*         0x000000000801d50e        0x2 00000000
 .text._pin_read
                0x000000000801d510       0x60 build/kernel/components/drivers/pin/dev_pin.o
 .text._pin_write
                0x000000000801d570       0x5c build/kernel/components/drivers/pin/dev_pin.o
 .text._pin_control
                0x000000000801d5cc       0x54 build/kernel/components/drivers/pin/dev_pin.o
 .text.rt_device_pin_register
                0x000000000801d620       0x74 build/kernel/components/drivers/pin/dev_pin.o
                0x000000000801d620                rt_device_pin_register
 .text.rt_pin_mode
                0x000000000801d694       0x40 build/kernel/components/drivers/pin/dev_pin.o
                0x000000000801d694                rt_pin_mode
 .text.rt_pin_write
                0x000000000801d6d4       0x40 build/kernel/components/drivers/pin/dev_pin.o
                0x000000000801d6d4                rt_pin_write
 .text.rt_pin_read
                0x000000000801d714       0x3c build/kernel/components/drivers/pin/dev_pin.o
                0x000000000801d714                rt_pin_read
 .text.rt_pin_get
                0x000000000801d750       0x4c build/kernel/components/drivers/pin/dev_pin.o
                0x000000000801d750                rt_pin_get
 .text._pin_cmd_conv
                0x000000000801d79c       0x18 build/kernel/components/drivers/pin/dev_pin.o
 .text._pin_cmd_print_usage
                0x000000000801d7b4       0x78 build/kernel/components/drivers/pin/dev_pin.o
 .text._pin_cmd_get
                0x000000000801d82c       0x5c build/kernel/components/drivers/pin/dev_pin.o
 .text._pin_cmd_mode
                0x000000000801d888      0x110 build/kernel/components/drivers/pin/dev_pin.o
 .text._pin_cmd_read
                0x000000000801d998       0x94 build/kernel/components/drivers/pin/dev_pin.o
 .text._pin_cmd_write
                0x000000000801da2c       0xe4 build/kernel/components/drivers/pin/dev_pin.o
 .text._pin_cmd
                0x000000000801db10       0xac build/kernel/components/drivers/pin/dev_pin.o
 .text._serial_poll_rx
                0x000000000801dbbc       0x80 build/kernel/components/drivers/serial/dev_serial.o
 .text._serial_poll_tx
                0x000000000801dc3c       0x88 build/kernel/components/drivers/serial/dev_serial.o
 .text._serial_int_rx
                0x000000000801dcc4       0xec build/kernel/components/drivers/serial/dev_serial.o
 .text._serial_int_tx
                0x000000000801ddb0       0xc4 build/kernel/components/drivers/serial/dev_serial.o
 .text._serial_check_buffer_size
                0x000000000801de74       0x38 build/kernel/components/drivers/serial/dev_serial.o
 .text._serial_fifo_calc_recved_len
                0x000000000801deac       0x88 build/kernel/components/drivers/serial/dev_serial.o
 .text.rt_dma_calc_recved_len
                0x000000000801df34       0x18 build/kernel/components/drivers/serial/dev_serial.o
 .text.rt_dma_recv_update_get_index
                0x000000000801df4c       0xa8 build/kernel/components/drivers/serial/dev_serial.o
 .text.rt_dma_recv_update_put_index
                0x000000000801dff4       0xf8 build/kernel/components/drivers/serial/dev_serial.o
 .text._serial_dma_rx
                0x000000000801e0ec      0x1ac build/kernel/components/drivers/serial/dev_serial.o
 .text._serial_dma_tx
                0x000000000801e298       0x82 build/kernel/components/drivers/serial/dev_serial.o
 *fill*         0x000000000801e31a        0x2 00000000
 .text.rt_serial_init
                0x000000000801e31c       0x6c build/kernel/components/drivers/serial/dev_serial.o
 .text.rt_serial_open
                0x000000000801e388      0x370 build/kernel/components/drivers/serial/dev_serial.o
 .text.rt_serial_close
                0x000000000801e6f8      0x1e0 build/kernel/components/drivers/serial/dev_serial.o
 .text.rt_serial_read
                0x000000000801e8d8       0x84 build/kernel/components/drivers/serial/dev_serial.o
 .text.rt_serial_write
                0x000000000801e95c       0x84 build/kernel/components/drivers/serial/dev_serial.o
 .text.rt_serial_control
                0x000000000801e9e0      0x120 build/kernel/components/drivers/serial/dev_serial.o
 .text.rt_hw_serial_register
                0x000000000801eb00       0xa4 build/kernel/components/drivers/serial/dev_serial.o
                0x000000000801eb00                rt_hw_serial_register
 .text.rt_hw_serial_isr
                0x000000000801eba4      0x268 build/kernel/components/drivers/serial/dev_serial.o
                0x000000000801eba4                rt_hw_serial_isr
 .text._spi_bus_device_read
                0x000000000801ee0c       0x5c build/kernel/components/drivers/spi/dev_spi.o
 .text._spi_bus_device_write
                0x000000000801ee68       0x5c build/kernel/components/drivers/spi/dev_spi.o
 .text.rt_spi_bus_device_init
                0x000000000801eec4       0x6c build/kernel/components/drivers/spi/dev_spi.o
                0x000000000801eec4                rt_spi_bus_device_init
 .text._spidev_device_read
                0x000000000801ef30       0x58 build/kernel/components/drivers/spi/dev_spi.o
 .text._spidev_device_write
                0x000000000801ef88       0x58 build/kernel/components/drivers/spi/dev_spi.o
 .text._spidev_device_control
                0x000000000801efe0       0x28 build/kernel/components/drivers/spi/dev_spi.o
 .text.rt_spidev_device_init
                0x000000000801f008       0x70 build/kernel/components/drivers/spi/dev_spi.o
                0x000000000801f008                rt_spidev_device_init
 .text.rt_in_thread_context