fast_green_gate run 1/1 port=/dev/serial/by-id/usb-APM_CUAV_V5_CDC_1_00001-if00
GREEN reason=ok counts={'HEARTBEAT': 30, 'RAW_IMU': 85, 'ATTITUDE': 84, 'EKF_STATUS_REPORT': 85, 'SCALED_PRESSURE': 85}
{
  "baro_hpa": 1006.54,
  "counts": {
    "ATTITUDE": 84,
    "EKF_STATUS_REPORT": 85,
    "HEARTBEAT": 30,
    "RAW_IMU": 85,
    "SCALED_PRESSURE": 85
  },
  "ekf_flags": "0xa7",
  "firmware_hint": "flight_sw_version=0x04070000",
  "json_path": "/data/firmare/pogo-apm/results/validation/fast_green/20260607T125201Z.json",
  "max_silence": 1.135,
  "port": "/dev/serial/by-id/usb-APM_CUAV_V5_CDC_1_00001-if00",
  "reason": "ok",
  "sample_seconds": 30.0,
  "settle_seconds": 0.89,
  "timestamp_utc": "2026-06-07T12:52:01.459397+00:00",
  "verdict": "GREEN",
  "zacc_mg": -1015
}
