{
  "counts": {
    "ATTITUDE": 111,
    "EKF_STATUS_REPORT": 111,
    "HEARTBEAT": 30,
    "RAW_IMU": 110,
    "SCALED_PRESSURE": 110,
    "SYS_STATUS": 110
  },
  "failures": {},
  "heartbeat": {
    "autopilot": 3,
    "base_mode": 81,
    "custom_mode": 0,
    "mavlink_version": 3,
    "mavpackettype": "HEARTBEAT",
    "system_status": 3,
    "type": 2
  },
  "heartbeat_ready": {
    "last": {
      "autopilot": 3,
      "base_mode": 81,
      "custom_mode": 0,
      "mavlink_version": 3,
      "mavpackettype": "HEARTBEAT",
      "system_status": 3,
      "type": 2
    },
    "ready_s": 1.07,
    "status_histogram": {
      "3": 1
    }
  },
  "interval_config": [
    {
      "ack": {
        "command": 511,
        "mavpackettype": "COMMAND_ACK",
        "progress": 0,
        "result": 0,
        "result_param2": 0,
        "target_component": 0,
        "target_system": 245
      },
      "ack_seen": [
        {
          "command": 511,
          "mavpackettype": "COMMAND_ACK",
          "progress": 0,
          "result": 0,
          "result_param2": 0,
          "target_component": 0,
          "target_system": 245
        }
      ],
      "interval": {
        "interval_us": 200000,
        "mavpackettype": "MESSAGE_INTERVAL",
        "message_id": 1
      },
      "interval_seen": [
        {
          "interval_us": 200000,
          "mavpackettype": "MESSAGE_INTERVAL",
          "message_id": 1
        }
      ],
      "msg_id": 1,
      "name": "SYS_STATUS"
    },
    {
      "ack": {
        "command": 511,
        "mavpackettype": "COMMAND_ACK",
        "progress": 0,
        "result": 0,
        "result_param2": 0,
        "target_component": 0,
        "target_system": 245
      },
      "ack_seen": [
        {
          "command": 511,
          "mavpackettype": "COMMAND_ACK",
          "progress": 0,
          "result": 0,
          "result_param2": 0,
          "target_component": 0,
          "target_system": 245
        }
      ],
      "interval": {
        "interval_us": 200000,
        "mavpackettype": "MESSAGE_INTERVAL",
        "message_id": 27
      },
      "interval_seen": [
        {
          "interval_us": 200000,
          "mavpackettype": "MESSAGE_INTERVAL",
          "message_id": 27
        }
      ],
      "msg_id": 27,
      "name": "RAW_IMU"
    },
    {
      "ack": {
        "command": 511,
        "mavpackettype": "COMMAND_ACK",
        "progress": 0,
        "result": 0,
        "result_param2": 0,
        "target_component": 0,
        "target_system": 245
      },
      "ack_seen": [
        {
          "command": 511,
          "mavpackettype": "COMMAND_ACK",
          "progress": 0,
          "result": 0,
          "result_param2": 0,
          "target_component": 0,
          "target_system": 245
        }
      ],
      "interval": {
        "interval_us": 200000,
        "mavpackettype": "MESSAGE_INTERVAL",
        "message_id": 29
      },
      "interval_seen": [
        {
          "interval_us": 200000,
          "mavpackettype": "MESSAGE_INTERVAL",
          "message_id": 29
        }
      ],
      "msg_id": 29,
      "name": "SCALED_PRESSURE"
    },
    {
      "ack": {
        "command": 511,
        "mavpackettype": "COMMAND_ACK",
        "progress": 0,
        "result": 0,
        "result_param2": 0,
        "target_component": 0,
        "target_system": 245
      },
      "ack_seen": [
        {
          "command": 511,
          "mavpackettype": "COMMAND_ACK",
          "progress": 0,
          "result": 0,
          "result_param2": 0,
          "target_component": 0,
          "target_system": 245
        }
      ],
      "interval": {
        "interval_us": 200000,
        "mavpackettype": "MESSAGE_INTERVAL",
        "message_id": 30
      },
      "interval_seen": [
        {
          "interval_us": 200000,
          "mavpackettype": "MESSAGE_INTERVAL",
          "message_id": 30
        }
      ],
      "msg_id": 30,
      "name": "ATTITUDE"
    },
    {
      "ack": {
        "command": 511,
        "mavpackettype": "COMMAND_ACK",
        "progress": 0,
        "result": 0,
        "result_param2": 0,
        "target_component": 0,
        "target_system": 245
      },
      "ack_seen": [
        {
          "command": 511,
          "mavpackettype": "COMMAND_ACK",
          "progress": 0,
          "result": 0,
          "result_param2": 0,
          "target_component": 0,
          "target_system": 245
        }
      ],
      "interval": {
        "interval_us": 200000,
        "mavpackettype": "MESSAGE_INTERVAL",
        "message_id": 193
      },
      "interval_seen": [
        {
          "interval_us": 200000,
          "mavpackettype": "MESSAGE_INTERVAL",
          "message_id": 193
        }
      ],
      "msg_id": 193,
      "name": "EKF_STATUS_REPORT"
    }
  ],
  "last_values": {
    "ATTITUDE": {
      "mavpackettype": "ATTITUDE",
      "pitch": 0.08236043900251389,
      "pitchspeed": 0.002128041349351406,
      "roll": -0.15576496720314026,
      "rollspeed": 0.0031315996311604977,
      "time_boot_ms": 117063,
      "yaw": 0.0007260613492690027,
      "yawspeed": 0.0005362114170566201
    },
    "EKF_STATUS_REPORT": {
      "airspeed_variance": 0.0,
      "compass_variance": 0.0,
      "flags": 167,
      "mavpackettype": "EKF_STATUS_REPORT",
      "pos_horiz_variance": 0.002257372485473752,
      "pos_vert_variance": 0.015398155897855759,
      "terrain_alt_variance": 0.0,
      "velocity_variance": 0.0
    },
    "HEARTBEAT": {
      "autopilot": 3,
      "base_mode": 81,
      "custom_mode": 0,
      "mavlink_version": 3,
      "mavpackettype": "HEARTBEAT",
      "system_status": 3,
      "type": 2
    },
    "RAW_IMU": {
      "id": 0,
      "mavpackettype": "RAW_IMU",
      "temperature": 3787,
      "time_usec": 116866885,
      "xacc": 83,
      "xgyro": 0,
      "xmag": 0,
      "yacc": 153,
      "ygyro": 0,
      "ymag": 0,
      "zacc": -1017,
      "zgyro": 0,
      "zmag": 0
    },
    "SCALED_PRESSURE": {
      "mavpackettype": "SCALED_PRESSURE",
      "press_abs": 1004.98193359375,
      "press_diff": 0.0,
      "temperature": 3265,
      "temperature_press_diff": 0,
      "time_boot_ms": 116866
    },
    "SYS_STATUS": {
      "battery_remaining": -1,
      "current_battery": -1,
      "drop_rate_comm": 0,
      "errors_comm": 0,
      "errors_count1": 0,
      "errors_count2": 0,
      "errors_count3": 0,
      "errors_count4": 0,
      "load": 956,
      "mavpackettype": "SYS_STATUS",
      "onboard_control_sensors_enabled": 1348508687,
      "onboard_control_sensors_health": 1196465163,
      "onboard_control_sensors_present": 1399913487,
      "voltage_battery": 0
    }
  },
  "max_silence": 0.518,
  "params": {
    "AHRS_EKF_TYPE": 3.0,
    "GPS1_TYPE": 1.0,
    "SCHED_LOOP_RATE": 400.0
  },
  "port": "/dev/serial/by-id/usb-APM_CUAV_V5_CDC_1_00001-if00",
  "rates_hz": {
    "ATTITUDE": 3.7,
    "EKF_STATUS_REPORT": 3.7,
    "HEARTBEAT": 1.0,
    "RAW_IMU": 3.667,
    "SCALED_PRESSURE": 3.667,
    "SYS_STATUS": 3.667
  },
  "reason": "ok",
  "required_counts": {
    "ATTITUDE": 60,
    "EKF_STATUS_REPORT": 1,
    "HEARTBEAT": 24,
    "RAW_IMU": 60,
    "SCALED_PRESSURE": 60,
    "SYS_STATUS": 1
  },
  "timestamp_utc": "2026-06-07T10:30:23.560819+00:00",
  "verdict": "GREEN"
}
