fast_green_gate run 1/1 port=/dev/serial/by-id/usb-APM_CUAV_V5_CDC_1_00001-if00
GREEN reason=ok counts={'HEARTBEAT': 28, 'RAW_IMU': 78, 'ATTITUDE': 77, 'EKF_STATUS_REPORT': 78, 'SCALED_PRESSURE': 78}
{
  "baro_hpa": 1003.68,
  "counts": {
    "ATTITUDE": 77,
    "EKF_STATUS_REPORT": 78,
    "HEARTBEAT": 28,
    "RAW_IMU": 78,
    "SCALED_PRESSURE": 78
  },
  "ekf_flags": "0xa7",
  "firmware_hint": "flight_sw_version=0x04070000",
  "json_path": "/data/firmare/pogo-apm/results/validation/fast_green/20260607T060615Z.json",
  "max_silence": 1.839,
  "port": "/dev/serial/by-id/usb-APM_CUAV_V5_CDC_1_00001-if00",
  "reason": "ok",
  "sample_seconds": 30.0,
  "settle_seconds": 1.11,
  "timestamp_utc": "2026-06-07T06:06:15.575294+00:00",
  "verdict": "GREEN",
  "zacc_mg": -1012
}
